01-24 19:21:23.960 1775-1988/? D/NFC-HCI: > SEND: 05 B5 85 50 87 81
01-24 19:21:23.961 1775-1988/? D/NFCJNI: Callback: nfc_jni_discover_callback() - status=0x0000[NFCSTATUS_SUCCESS]
01-24 19:21:23.962 1775-3695/? D/NFC_LIST: Deallocating node: 0xb3c24050 (0xa37f183c)
01-24 19:21:23.967 1775-1976/? D/NFC-HCI: > RECV: 03
01-24 19:21:23.967 1775-1976/? D/NFC-HCI: > RECV: C7 9C 97
01-24 19:21:24.049 903-1242/? E/WifiStateMachine: WifiStateMachine CMD_START_SCAN source -2 txSuccessRate=0,00 rxSuccessRate=0,00 targetRoamBSSID=any RSSI=-33
01-24 19:21:24.049 903-2064/? I/WifiHAL: Poll result = 1
01-24 19:21:24.049 903-2064/? I/WifiHAL: Found some events!!!
01-24 19:21:24.049 903-2064/? D/WifiHAL: no_seq_check received
01-24 19:21:24.049 903-2064/? I/WifiHAL: event received NL80211_CMD_TRIGGER_SCAN
01-24 19:21:24.049 903-2064/? I/WifiHAL: event received NL80211_CMD_TRIGGER_SCAN, vendor_id = 0x0
01-24 19:21:24.049 903-2064/? I/WifiHAL: event ignored!!
01-24 19:21:24.110 1775-1988/? D/NFC-HCI: > SEND: 03 C5 8E B4
01-24 19:21:24.168 6744-6744/? D/SessionManagerService: Received intent: #Intent;action=android.intent.action.SCREEN_ON;launchFlags=0x50000010;end
01-24 19:21:24.220 5305-5368/? D/agoo.NewMessagePush: [onHandlerHisMessage] onHandlerHisMessage()
01-24 19:21:24.221 5305-5368/? D/NO: type is: 1
01-24 19:21:24.221 5305-5368/? D/NO: type is: 3
01-24 19:21:24.222 5305-5368/? I/agoo.ChannelManager: [hisMessage]|[seq:hisMessage url [/h/21371601/113/ArPOw6TGH6I5cLgM3PEWewtOEwpN7i16zQK2fNUEnouO?s=MDUwNDMwMDA4NFUrb3laOWkrUjBma3JZUXAwMDdabjZvOWNnYz0=&sv=20140815&ov=5.0&pm=WUQyMDE=]] ChannelManager
01-24 19:21:24.223 5305-5368/? D/agoo.SpdyChannel: [send] send[baseUrl:http://140.205.203.81:80/h/21371601/113/ArPOw6TGH6I5cLgM3PEWewtOEwpN7i16zQK2fNUEnouO?s=MDUwNDMwMDA4NFUrb3laOWkrUjBma3JZUXAwMDdabjZvOWNnYz0=&sv=20140815&ov=5.0&pm=WUQyMDE=]
01-24 19:21:24.223 5305-5368/? D/agoo.NewMessagePush: [onHandlerScreenOnOrUserPresent] onHandlerScreenOnOrUserPresent-->[send heart]
01-24 19:21:25.698 1559-1559/? I/Timeline: Timeline: Activity_idle id: android.os.BinderProxy@a0efd83 time:12930227
01-24 19:21:25.909 23043-23043/? D/BSBatteryWidget: sendOrderedBroadcast: yotaphone.intent.action.GET_PREDICTION
01-24 19:21:25.917 903-1608/? W/BatteryStatsImpl: Couldn't get kernel wake lock stats
01-24 19:21:26.005 23043-23043/? D/BSBatteryWidget: OrderedBroadcast onReceive: yotaphone.intent.action.GET_PREDICTION
01-24 19:21:26.005 23043-23043/? D/BSBatteryWidget: drawWidgets, requestPrediction: false
01-24 19:21:26.008 23043-23043/? D/BSBatteryWidget: sYotaEnergyEnabled: false
01-24 19:21:26.009 23043-23043/? D/BSBatteryWidget: sPrediction: 5184000
01-24 19:21:26.138 1559-1559/? D/AcDisplayFragment: showing widget com.achep.acdisplay.ui.components.ClockWidget@45fcc5a0
01-24 19:21:26.146 903-903/? V/ActivityManager: Display changed displayId=0
01-24 19:21:26.159 1916-1916/? D/BackScreenManager: makeDefaultAppInMirroring com.achep.acdisplay
01-24 19:21:26.160 1916-1916/? D/HWComposerMediator: postCommand 0x10101010
01-24 19:21:26.162 29524-29524/? I/security.utils.CarAlarmServiceConnection: doBindService Binding from Services OK
01-24 19:21:26.162 29524-29524/? I/security.utils.CarAlarmServiceConnection: Binding from Services
01-24 19:21:26.162 1916-1916/? D/BackScreenManager: improveAppInMirroring security.car.alarm
01-24 19:21:26.180 903-1708/? W/ActivityManager: Duplicate finish request for ActivityRecord{22d1c14d u0 com.achep.acdisplay/.ui.activities.AcDisplayActivity t7658 f}
01-24 19:21:26.195 29524-29524/? I/security.utils.CarAlarmServiceConnection: Connect to Service
01-24 19:21:26.219 29524-29524/? I/Timeline: Timeline: Activity_idle id: android.os.BinderProxy@1f2c0da4 time:12930748
01-24 19:21:26.225 903-930/? I/Timeline: Timeline: Activity_windows_visible id: ActivityRecord{1daf7a46 u0 security.car.alarm/.MainActivity t7657} time:12930754
01-24 19:21:26.255 1559-1559/? E/ActivityThread: Activity com.achep.acdisplay.ui.activities.AcDisplayActivity has leaked IntentReceiver android.hardware.SystemSensorManager$1@13b7bc3d that was originally registered here. Are you missing a call to unregisterReceiver()?
                                                 android.app.IntentReceiverLeaked: Activity com.achep.acdisplay.ui.activities.AcDisplayActivity has leaked IntentReceiver android.hardware.SystemSensorManager$1@13b7bc3d that was originally registered here. Are you missing a call to unregisterReceiver()?
                                                     at android.app.LoadedApk$ReceiverDispatcher.<init>(LoadedApk.java:898)
                                                     at android.app.LoadedApk.getReceiverDispatcher(LoadedApk.java:699)
                                                     at android.app.ContextImpl.registerReceiverInternal(ContextImpl.java:1638)
                                                     at android.app.ContextImpl.registerReceiver(ContextImpl.java:1618)
                                                     at android.app.ContextImpl.registerReceiver(ContextImpl.java:1612)
                                                     at android.content.ContextWrapper.registerReceiver(ContextWrapper.java:488)
                                                     at android.hardware.SystemSensorManager.<init>(SystemSensorManager.java:81)
                                                     at android.app.ContextImpl$31.createService(ContextImpl.java:539)
                                                     at android.app.ContextImpl$ServiceFetcher.getService(ContextImpl.java:297)
                                                     at android.app.ContextImpl.getSystemService(ContextImpl.java:1833)
                                                     at android.view.ContextThemeWrapper.getSystemService(ContextThemeWrapper.java:113)
                                                     at android.app.Activity.getSystemService(Activity.java:5067)
                                                     at com.achep.acdisplay.ui.fragments.PocketFragment.onAttach(PocketFragment.java:102)
                                                     at android.support.v4.app.FragmentManagerImpl.moveToState(FragmentManager.java:907)
                                                     at android.support.v4.app.FragmentManagerImpl.moveToState(FragmentManager.java:1138)
                                                     at android.support.v4.app.BackStackRecord.run(BackStackRecord.java:740)
                                                     at android.support.v4.app.FragmentManagerImpl.execPendingActions(FragmentManager.java:1501)
                                                     at android.support.v4.app.FragmentActivity.onStart(FragmentActivity.java:551)
                                                     at com.achep.base.ui.activities.ActivityBase.onStart(ActivityBase.java:55)
                                                     at com.achep.acdisplay.ui.activities.KeyguardActivity.onStart(KeyguardActivity.java:327)
                                                     at com.achep.acdisplay.ui.activities.AcDisplayActivity.onStart(AcDisplayActivity.java:75)
                                                     at android.app.Instrumentation.callActivityOnStart(Instrumentation.java:1220)
                                                     at android.app.Activity.performStart(Activity.java:6017)
                                                     at android.app.ActivityThread.performLaunchActivity(ActivityThread.java:2261)
                                                     at android.app.ActivityThread.handleLaunchActivity(ActivityThread.java:2358)
                                                     at android.app.ActivityThread.access$800(ActivityThread.java:144)
                                                     at android.app.ActivityThread$H.handleMessage(ActivityThread.java:1278)
                                                     at android.os.Handler.dispatchMessage(Handler.java:102)
                                                     at android.os.Looper.loop(Looper.java:135)
                                                     at android.app.ActivityThread.main(ActivityThread.java:5246)
                                                     at java.lang.reflect.Method.invoke(Native Method)
                                                     at java.lang.reflect.Method.invoke(Method.java:372)
                                                     at com.android.internal.os.ZygoteInit$MethodAndArgsCaller.run(ZygoteInit.java:899)
                                                     at com.android.internal.os.ZygoteInit.main(ZygoteInit.java:694)
01-24 19:21:26.461 1916-2097/? D/HWComposerMediator: 8 bytes sent to hwcomposer
01-24 19:21:26.461 238-524/? D/qdepd: cmd[0]=10101010
01-24 19:21:26.461 238-524/? D/qdepd: Command CMD_RESET_DEFAULTS
01-24 19:21:27.329 903-2064/? I/WifiHAL: Poll result = 1
01-24 19:21:27.329 903-2064/? I/WifiHAL: Found some events!!!
01-24 19:21:27.329 903-2064/? D/WifiHAL: no_seq_check received
01-24 19:21:27.329 903-2064/? I/WifiHAL: event received NL80211_CMD_NEW_SCAN_RESULTS
01-24 19:21:27.330 903-2064/? I/WifiHAL: event received NL80211_CMD_NEW_SCAN_RESULTS, vendor_id = 0x0
01-24 19:21:27.330 903-2064/? I/WifiHAL: event ignored!!
01-24 19:21:27.343 903-1958/? D/Ulp_jni: Location CB invoked
01-24 19:21:27.347 28159-28159/? V/MSAPMReceiver: Got intent:android.net.wifi.SCAN_RESULTS
01-24 19:21:27.347 28159-28159/? V/MSAPMReceiver: Got intent SCAN_RESULTS
01-24 19:21:27.347 28159-28159/? V/MSAPM: notify_scan_results_available
01-24 19:21:27.347 28159-28159/? E/MSAPM: Handler not yet initialized. Can't send!
01-24 19:21:27.359 903-2177/? D/LBSSystemMonitorService: handleMessage what - 4
01-24 19:21:27.359 903-2177/? D/Wiper_jni: Send Network Location.
01-24 19:21:27.543 1304-1304/? W/ResourceType: No package identifier when getting value for resource number 0x00000000
01-24 19:21:27.543 1304-1304/? W/PackageManager: Failure retrieving resources for security.car.alarm: Resource ID #0x0
01-24 19:21:27.556 903-1832/? I/ActivityManager: START u0 {act=com.android.systemui.recents.SHOW_RECENTS flg=0x10804000 cmp=com.android.systemui/.recents.RecentsActivity (has extras)} from uid 10012 on display 0
01-24 19:21:27.587 29524-29524/? I/security.utils.CarAlarmServiceConnection: UnBinding from Services
01-24 19:21:27.602 1916-1916/? D/BackScreenManager: makeDefaultAppInMirroring security.car.alarm
01-24 19:21:27.602 1916-1916/? D/HWComposerMediator: postCommand 0x10101010
01-24 19:21:27.611 1916-1916/? D/BackScreenManager: improveAppInMirroring com.android.systemui
01-24 19:21:27.614 1916-1916/? D/BackScreenManager: makeDefaultAppInMirroring com.android.systemui
01-24 19:21:27.614 1916-1916/? D/HWComposerMediator: postCommand 0x10101010
01-24 19:21:27.618 1304-1304/? W/ResourceType: No package identifier when getting value for resource number 0x00000000
01-24 19:21:27.618 1304-1304/? W/PackageManager: Failure retrieving resources for security.car.alarm: Resource ID #0x0
01-24 19:21:27.640 1916-1916/? D/BackScreenManager: improveAppInMirroring com.android.systemui
01-24 19:21:27.689 1304-1304/? I/Timeline: Timeline: Activity_idle id: android.os.BinderProxy@166afd63 time:12932219
01-24 19:21:27.902 1916-2097/? D/HWComposerMediator: 8 bytes sent to hwcomposer
01-24 19:21:27.902 238-524/? D/qdepd: cmd[0]=10101010
01-24 19:21:27.902 238-524/? D/qdepd: Command CMD_RESET_DEFAULTS
01-24 19:21:27.915 238-524/? D/qdepd: cmd[0]=10101010
01-24 19:21:27.915 238-524/? D/qdepd: Command CMD_RESET_DEFAULTS
01-24 19:21:27.915 1916-2097/? D/HWComposerMediator: 8 bytes sent to hwcomposer
01-24 19:21:28.028 903-930/? I/Timeline: Timeline: Activity_windows_visible id: ActivityRecord{3f827d3b u0 com.android.systemui/.recents.RecentsActivity t7573} time:12932557
01-24 19:21:28.476 5305-9164/? D/agoo.SpdyChannel$2: [spdyPingRecvCallback] spdyPingRecvCallback[95]
01-24 19:21:28.476 5305-9164/? D/agoo.NewMessagePush$1: [onPing] heart-->[screen_on_connect_1754][client_receive]
01-24 19:21:28.497 30227-30227/? E/adsprpc: vendor/qcom/proprietary/adsprpc/src/fastrpc_apps_user.c:126:/dev/adsprpc-smd device initialization error: Permission denied
01-24 19:21:28.497 30227-30227/? E/adsprpc: vendor/qcom/proprietary/adsprpc/src/fastrpc_apps_user.c:179::error: -1: dev != -1
01-24 19:21:28.497 30227-30227/? E/adsprpc: vendor/qcom/proprietary/adsprpc/src/fastrpc_apps_user.c:224::error: -1: 0 == (nErr = remotectl_open(name, (int*)ph, dlerrstr, sizeof(dlerrstr), &dlerr))
01-24 19:21:28.497 30227-30227/? E/adsprpc: vendor/qcom/proprietary/adsprpc/src/fastrpc_apps_user.c:126:/dev/adsprpc-smd device initialization error: Permission denied
01-24 19:21:28.497 30227-30227/? E/adsprpc: vendor/qcom/proprietary/adsprpc/src/fastrpc_apps_user.c:179::error: -1: dev != -1
01-24 19:21:28.497 30227-30227/? E/adsprpc: vendor/qcom/proprietary/adsprpc/src/adsprpcd.c:23::error: -1: 0 == adsp_default_listener_register()
01-24 19:21:28.497 30227-30227/? E/adsprpc: vendor/qcom/proprietary/adsprpc/src/adsprpcd.c:36:adsprpcd exiting nErr=-1
01-24 19:21:28.518 903-923/? W/ProcessCpuTracker: Skipping unknown process pid 30227
01-24 19:21:28.715 903-1830/? I/ActivityManager: Killing 29704:com.yotadevices.yotaphone2.social/u0a99 (adj 15): empty #17
01-24 19:21:28.752 903-1830/? I/ActivityManager: Killing 29524:security.car.alarm/u0a246 (adj 9): remove task
01-24 19:21:28.772 903-1608/? I/WindowState: WIN DEATH: Window{252029c9 u0 security.car.alarm/security.car.alarm.MainActivity}
01-24 19:21:28.805 903-1585/? W/libprocessgroup: failed to open /acct/uid_10099/pid_29704/cgroup.procs: No such file or directory
01-24 19:21:28.808 903-1670/? W/libprocessgroup: failed to open /acct/uid_10246/pid_29524/cgroup.procs: No such file or directory
01-24 19:21:28.810 903-1669/? I/ActivityManager: START u0 {act=android.intent.action.MAIN cat=[android.intent.category.HOME] flg=0x10200000 cmp=com.tul.aviate/com.tul.aviator.ui.TabbedHomeActivity} from uid 10012 on display 0
01-24 19:21:28.834 1916-1916/? D/BackScreenManager: makeDefaultAppInMirroring com.android.systemui
01-24 19:21:28.834 1916-1916/? D/HWComposerMediator: postCommand 0x10101010
01-24 19:21:28.863 1916-1916/? D/BackScreenManager: improveAppInMirroring com.tul.aviate
01-24 19:21:28.921 903-1267/? D/TaskPersister: removeObsoleteFile: deleting file=7657_task.xml
01-24 19:21:28.927 1645-23452/? D/com.facebook.a.a: Got unexpected exception: java.io.WriteAbortedException: Read an exception; java.io.NotSerializableException: org.json.JSONObject
01-24 19:21:28.933 903-1267/? D/TaskPersister: removeObsoleteFile: deleting file=7658_task_thumbnail.png
01-24 19:21:28.935 1602-1602/? D/AccountManager: BCookie received from YI13N
01-24 19:21:28.939 1602-1602/? I/Timeline: Timeline: Activity_idle id: android.os.BinderProxy@20a41261 time:12933468
01-24 19:21:28.945 5305-9164/? D/agoo.SpdyChannel: [spdyOnStreamResponse] spdyOnStreamResponse PATH[http://140.205.203.81:80/h/21371601/113/ArPOw6TGH6I5cLgM3PEWewtOEwpN7i16zQK2fNUEnouO?s=MDUwNDMwMDA4NFUrb3laOWkrUjBma3JZUXAwMDdabjZvOWNnYz0=&sv=20140815&ov=5.0&pm=WUQyMDE=_0][200]
01-24 19:21:28.946 5305-9164/? D/agoo.SpdyChannel: [spdyDataChunkRecvCB] spdyDataChunkRecvCB,data=org.android.spdy.SpdyByteArray@88dba8d
01-24 19:21:29.129 903-930/? I/Timeline: Timeline: Activity_windows_visible id: ActivityRecord{72dfec8 u0 com.tul.aviate/com.tul.aviator.ui.TabbedHomeActivity t7561} time:12933658
01-24 19:21:29.135 1916-2097/? D/HWComposerMediator: 8 bytes sent to hwcomposer
01-24 19:21:29.135 238-524/? D/qdepd: cmd[0]=10101010
01-24 19:21:29.135 238-524/? D/qdepd: Command CMD_RESET_DEFAULTS
01-24 19:21:30.705 1304-1304/? D/PhoneStatusBar: disable: < expand ICONS* alerts SYSTEM_INFO* back home recent clock search >
01-24 19:21:33.272 903-919/? W/InputMethodManagerService: Window already focused, ignoring focus gain of: com.android.internal.view.IInputMethodClient$Stub$Proxy@101d08a3 attribute=null, token = android.os.BinderProxy@1e78560e
01-24 19:21:33.512 30267-30267/? E/adsprpc: vendor/qcom/proprietary/adsprpc/src/fastrpc_apps_user.c:126:/dev/adsprpc-smd device initialization error: Permission denied
01-24 19:21:33.512 30267-30267/? E/adsprpc: vendor/qcom/proprietary/adsprpc/src/fastrpc_apps_user.c:179::error: -1: dev != -1
01-24 19:21:33.512 30267-30267/? E/adsprpc: vendor/qcom/proprietary/adsprpc/src/fastrpc_apps_user.c:224::error: -1: 0 == (nErr = remotectl_open(name, (int*)ph, dlerrstr, sizeof(dlerrstr), &dlerr))
01-24 19:21:33.512 30267-30267/? E/adsprpc: vendor/qcom/proprietary/adsprpc/src/fastrpc_apps_user.c:126:/dev/adsprpc-smd device initialization error: Permission denied
01-24 19:21:33.512 30267-30267/? E/adsprpc: vendor/qcom/proprietary/adsprpc/src/fastrpc_apps_user.c:179::error: -1: dev != -1
01-24 19:21:33.512 30267-30267/? E/adsprpc: vendor/qcom/proprietary/adsprpc/src/adsprpcd.c:23::error: -1: 0 == adsp_default_listener_register()
01-24 19:21:33.512 30267-30267/? E/adsprpc: vendor/qcom/proprietary/adsprpc/src/adsprpcd.c:36:adsprpcd exiting nErr=-1
01-24 19:21:33.804 903-1805/? I/ActivityManager: Start proc com.google.android.gm for service com.google.android.gm/.GmailIntentService: pid=30268 uid=10048 gids={50048, 9997, 3003, 1028, 1015} abi=armeabi-v7a
01-24 19:21:33.807 1304-1304/? D/PhoneStatusBar: disable: < expand icons* alerts system_info* back home recent clock search >
01-24 19:21:33.830 1569-1596/? W/ContextImpl: Calling a method in the system process without a qualified user: android.app.ContextImpl.sendBroadcast:1322 android.content.ContextWrapper.sendBroadcast:376 com.yotadevices.yotaphone2.counterwidget.NotificationService.onNotificationRemoved:856 android.service.notification.NotificationListenerService.onNotificationRemoved:199 android.service.notification.NotificationListenerService$INotificationListenerWrapper.onNotificationRemoved:641
01-24 19:21:33.836 1569-1596/? W/ContextImpl: Calling a method in the system process without a qualified user: android.app.ContextImpl.startService:1687 android.content.ContextWrapper.startService:515 com.yotadevices.yotaphone2.counterwidget.NotificationService.sendBroadcastToApplication:780 com.yotadevices.yotaphone2.counterwidget.NotificationService.cancelNotification:389 com.yotadevices.yotaphone2.counterwidget.NotificationService.onNotificationRemoved:861
01-24 19:21:33.847 1569-1569/? D/NotificationService: ACTION_SEND_NOTIFICATION
01-24 19:21:33.852 1569-1569/? D/NotificationService: post notification with type = 3, time = 120000, typeCategory = 4, count = 64, isChangeContent = false, isChangeCount = true
01-24 19:21:33.856 1569-1569/? W/ContextImpl: Calling a method in the system process without a qualified user: android.app.ContextImpl.sendBroadcast:1322 android.content.ContextWrapper.sendBroadcast:376 com.yotadevices.yotaphone2.counterwidget.NotificationService.postNotification:652 com.yotadevices.yotaphone2.counterwidget.NotificationService.notifySkipUpdate:648 com.yotadevices.yotaphone2.counterwidget.NotificationService.handleIntent:578
01-24 19:21:33.863 1569-1596/? W/ContextImpl: Calling a method in the system process without a qualified user: android.app.ContextImpl.sendBroadcast:1322 android.content.ContextWrapper.sendBroadcast:376 com.yotadevices.yotaphone2.counterwidget.NotificationService.onNotificationRemoved:856 android.service.notification.NotificationListenerService.onNotificationRemoved:199 android.service.notification.NotificationListenerService$INotificationListenerWrapper.onNotificationRemoved:641
01-24 19:21:33.868 1569-1596/? W/ContextImpl: Calling a method in the system process without a qualified user: android.app.ContextImpl.startService:1687 android.content.ContextWrapper.startService:515 com.yotadevices.yotaphone2.counterwidget.NotificationService.sendBroadcastToApplication:780 com.yotadevices.yotaphone2.counterwidget.NotificationService.cancelNotification:389 com.yotadevices.yotaphone2.counterwidget.NotificationService.onNotificationRemoved:861
01-24 19:21:33.872 1569-1569/? D/NotificationService: ACTION_SEND_NOTIFICATION
01-24 19:21:33.873 1569-1569/? D/NotificationService: post notification with type = 3, time = 120000, typeCategory = 4, count = 63, isChangeContent = false, isChangeCount = true
01-24 19:21:33.873 1569-1569/? W/ContextImpl: Calling a method in the system process without a qualified user: android.app.ContextImpl.sendBroadcast:1322 android.content.ContextWrapper.sendBroadcast:376 com.yotadevices.yotaphone2.counterwidget.NotificationService.postNotification:652 com.yotadevices.yotaphone2.counterwidget.NotificationService.notifySkipUpdate:648 com.yotadevices.yotaphone2.counterwidget.NotificationService.handleIntent:578
01-24 19:21:33.880 1569-1596/? W/ContextImpl: Calling a method in the system process without a qualified user: android.app.ContextImpl.sendBroadcast:1322 android.content.ContextWrapper.sendBroadcast:376 com.yotadevices.yotaphone2.counterwidget.NotificationService.onNotificationRemoved:856 android.service.notification.NotificationListenerService.onNotificationRemoved:199 android.service.notification.NotificationListenerService$INotificationListenerWrapper.onNotificationRemoved:641
01-24 19:21:33.883 1569-1596/? W/ContextImpl: Calling a method in the system process without a qualified user: android.app.ContextImpl.startService:1687 android.content.ContextWrapper.startService:515 com.yotadevices.yotaphone2.counterwidget.NotificationService.sendBroadcastToApplication:780 com.yotadevices.yotaphone2.counterwidget.NotificationService.cancelNotification:389 com.yotadevices.yotaphone2.counterwidget.NotificationService.onNotificationRemoved:861
01-24 19:21:33.901 1569-1569/? D/NotificationService: ACTION_SEND_NOTIFICATION
01-24 19:21:33.902 1569-1569/? D/NotificationService: post notification with type = 3, time = 120000, typeCategory = 4, count = 62, isChangeContent = false, isChangeCount = true
01-24 19:21:33.903 1569-1569/? W/ContextImpl: Calling a method in the system process without a qualified user: android.app.ContextImpl.sendBroadcast:1322 android.content.ContextWrapper.sendBroadcast:376 com.yotadevices.yotaphone2.counterwidget.NotificationService.postNotification:652 com.yotadevices.yotaphone2.counterwidget.NotificationService.notifySkipUpdate:648 com.yotadevices.yotaphone2.counterwidget.NotificationService.handleIntent:578
01-24 19:21:33.970 1304-1304/? I/art: Explicit concurrent mark sweep GC freed 27204(1373KB) AllocSpace objects, 0(0B) LOS objects, 35% free, 29MB/45MB, paused 639us total 41.325ms
01-24 19:21:34.113 30268-30302/? I/Gmail: getAccountsCursor
01-24 19:21:34.194 30268-30303/? I/Gmail: Initiated Service map for: [gPop3, gLegacyImap, gEas, gmail]
01-24 19:21:34.224 903-1669/? I/art: Explicit concurrent mark sweep GC freed 27451(1244KB) AllocSpace objects, 6(4MB) LOS objects, 23% free, 52MB/68MB, paused 1.165ms total 104.191ms
01-24 19:21:34.231 2554-2554/? V/GLSActivity: AuthDelegateWrapperCreated with selected intent: Intent { cmp=com.google.android.gms/.auth.DefaultAuthDelegateService }
01-24 19:21:34.234 903-1629/? W/ActivityManager: Unable to start service Intent { cmp=com.google.android.gm/com.android.email.service.AttachmentService } U=0: not found
01-24 19:21:34.248 30268-30307/? I/Gmail: Observing account changes for notifications
01-24 19:21:34.250 30268-30268/? W/GAV2: Thread[main,5,main]: Need to call initialize() and be in fallback mode to start dispatch.
01-24 19:21:34.253 903-1669/? W/ActivityManager: Unable to start service Intent { act=com.google.android.gm.email.EXCHANGE_INTENT pkg=com.google.android.gm.exchange } U=0: not found
01-24 19:21:34.281 903-1708/? W/ActivityManager: Unable to start service Intent { act=com.google.android.gm.email.EXCHANGE_INTENT pkg=com.google.android.gm.exchange } U=0: not found
01-24 19:21:34.303 30268-30314/? E/Gmail: Error finding the version of the Email provider.....
                                          android.content.pm.PackageManager$NameNotFoundException: com.google.android.email
                                              at android.app.ApplicationPackageManager.getPackageInfo(ApplicationPackageManager.java:114)
                                              at com.google.android.gm.EmailMigrationService.a(SourceFile:1280)
                                              at com.google.android.gm.EmailMigrationService.onHandleIntent(SourceFile:219)
                                              at android.app.IntentService$ServiceHandler.handleMessage(IntentService.java:65)
                                              at android.os.Handler.dispatchMessage(Handler.java:102)
                                              at android.os.Looper.loop(Looper.java:135)
                                              at android.os.HandlerThread.run(HandlerThread.java:61)
01-24 19:21:34.305 30268-30315/? I/Gmail: getAccountsCursor
01-24 19:21:34.305 30268-30314/? W/EmailMigration: We do not support migrating this version of the Email provider.
01-24 19:21:34.309 2554-2554/? V/GLSActivity: AuthDelegateWrapperCreated with selected intent: Intent { cmp=com.google.android.gms/.auth.DefaultAuthDelegateService }
01-24 19:21:34.326 30268-30312/? E/SQLiteLog: (283) recovered 7 frames from WAL file /data/data/com.google.android.gm/databases/mailstore.laverdone@gmail.com.db-wal
01-24 19:21:34.391 30268-30317/? I/Gmail: notifyAccountChanged
01-24 19:21:34.396 30268-30317/? I/Gmail: calculateUnknownSyncRationalesAndPurgeInBackground: queueing
01-24 19:21:34.407 30268-30317/? I/Gmail: calculateUnknownSyncRationalesAndPurgeInBackground: queueing
01-24 19:21:34.415 2554-2554/? V/GLSActivity: AuthDelegateWrapperCreated with selected intent: Intent { cmp=com.google.android.gms/.auth.DefaultAuthDelegateService }
01-24 19:21:34.416 2554-2554/? V/GLSActivity: AuthDelegateWrapperCreated with selected intent: Intent { cmp=com.google.android.gms/.auth.DefaultAuthDelegateService }
01-24 19:21:34.431 30268-30317/? I/Gmail: calculateUnknownSyncRationalesAndPurgeInBackground: running
01-24 19:21:34.433 30268-30317/? I/Gmail: calculateUnknownSyncRationalesAndPurgeInBackground: running
01-24 19:21:34.439 30268-30315/? W/Gmail: AccountHistory cannot find the addedEvent of laverdone@gmail.com (went back to laverdone@gmail.com)
01-24 19:21:34.460 2554-2554/? V/GLSActivity: AuthDelegateWrapperCreated with selected intent: Intent { cmp=com.google.android.gms/.auth.DefaultAuthDelegateService }
01-24 19:21:34.463 30268-30320/? I/Gmail: getAccountsCursor
01-24 19:21:34.476 30268-30320/? W/Gmail: AccountHistory cannot find the addedEvent of laverdone@gmail.com (went back to laverdone@gmail.com)
01-24 19:21:34.489 30268-30321/? E/SQLiteLog: (283) recovered 79 frames from WAL file /data/data/com.google.android.gm/databases/mailstore.g.masci@giano-solutions.com.db-wal
01-24 19:21:34.531 23197-23354/? V/GAV4: Thread[disconnect check,5,main]: Disconnecting due to inactivity
01-24 19:21:34.538 23197-23354/? V/GAV4: Thread[disconnect check,5,main]: Disconnected from service
01-24 19:21:34.538 30268-30302/? I/Gmail: getAccountsCursor
01-24 19:21:34.542 2554-2554/? V/GLSActivity: AuthDelegateWrapperCreated with selected intent: Intent { cmp=com.google.android.gms/.auth.DefaultAuthDelegateService }
01-24 19:21:34.547 30268-30322/? I/Gmail: notifyAccountChanged
01-24 19:21:34.552 30268-30322/? I/Gmail: calculateUnknownSyncRationalesAndPurgeInBackground: queueing
01-24 19:21:34.558 30268-30322/? I/Gmail: calculateUnknownSyncRationalesAndPurgeInBackground: queueing
01-24 19:21:34.565 30268-30321/? E/SQLiteLog: (283) recovered 34 frames from WAL file /data/data/com.google.android.gm/databases/mailstore.gluca.masci@gmail.com.db-wal
01-24 19:21:34.571 30268-30302/? W/Gmail: AccountHistory cannot find the addedEvent of g.masci@giano-solutions.com (went back to g.masci@giano-solutions.com)
01-24 19:21:34.588 30268-30322/? I/Gmail: calculateUnknownSyncRationalesAndPurgeInBackground: running
01-24 19:21:34.590 30268-30322/? I/Gmail: calculateUnknownSyncRationalesAndPurgeInBackground: running
01-24 19:21:34.594 30268-30312/? I/Gmail: Sending provider changed intent: Intent { act=android.intent.action.PROVIDER_CHANGED dat=content://gmail-ls/unread/^i (has extras) }
01-24 19:21:34.631 30268-30323/? I/Gmail: notifyAccountChanged
01-24 19:21:34.634 30268-30323/? I/Gmail: calculateUnknownSyncRationalesAndPurgeInBackground: queueing
01-24 19:21:34.639 30268-30323/? I/Gmail: calculateUnknownSyncRationalesAndPurgeInBackground: queueing
01-24 19:21:34.648 30268-30323/? I/Gmail: calculateUnknownSyncRationalesAndPurgeInBackground: running
01-24 19:21:34.649 30268-30302/? W/Gmail: AccountHistory cannot find the addedEvent of laverdone@gmail.com (went back to laverdone@gmail.com)
01-24 19:21:34.649 30268-30323/? I/Gmail: calculateUnknownSyncRationalesAndPurgeInBackground: running
01-24 19:21:34.660 30268-30303/? I/Gmail: getAccountsCursor
01-24 19:21:34.664 2554-2554/? V/GLSActivity: AuthDelegateWrapperCreated with selected intent: Intent { cmp=com.google.android.gms/.auth.DefaultAuthDelegateService }
01-24 19:21:34.675 30268-30303/? W/Gmail: AccountHistory cannot find the addedEvent of g.masci@giano-solutions.com (went back to g.masci@giano-solutions.com)
01-24 19:21:34.686 30268-30303/? W/Gmail: AccountHistory cannot find the addedEvent of laverdone@gmail.com (went back to laverdone@gmail.com)
01-24 19:21:34.724 24181-24181/? I/art: Explicit concurrent mark sweep GC freed 29783(1240KB) AllocSpace objects, 3(304KB) LOS objects, 25% free, 15MB/21MB, paused 276us total 18.339ms
01-24 19:21:34.808 903-1722/? I/art: Explicit concurrent mark sweep GC freed 11212(495KB) AllocSpace objects, 0(0B) LOS objects, 23% free, 52MB/68MB, paused 1.609ms total 82.994ms
01-24 19:21:35.210 24219-24286/? I/art: Explicit concurrent mark sweep GC freed 2845(110KB) AllocSpace objects, 0(0B) LOS objects, 24% free, 15MB/21MB, paused 451us total 23.986ms
01-24 19:21:35.337 30268-30332/? I/NotifUtils: Validating Notification, mapSize: 0 getAttention: false ignoreUnobtrusive: false
01-24 19:21:35.344 30268-30332/? I/NotifUtils: validateNotifications - cancelling 354719436 for -621875071 / 3019
01-24 19:21:36.334 903-2211/? W/XTWiFiLP: timeoutFixSession fix session timed out
01-24 19:21:36.335 903-2211/? W/ContextImpl: Calling a method in the system process without a qualified user: android.app.ContextImpl.sendBroadcast:1322 android.content.ContextWrapper.sendBroadcast:376 com.qualcomm.location.xtwifi.XTWiFiLocationProvider.broadcastNLPIntent:2020 com.qualcomm.location.xtwifi.XTWiFiLocationProvider.handleFixReportFromXtwifi:1498 com.qualcomm.location.xtwifi.XTWiFiLocationProvider.access$700:63
01-24 19:21:36.369 903-2211/? W/XTWiFiLP: reInstallTbfTimer set timer to next fix: 86400000
01-24 19:21:36.369 903-2211/? W/ContextImpl: Calling a method in the system process without a qualified user: android.app.ContextImpl.sendBroadcast:1322 android.content.ContextWrapper.sendBroadcast:376 com.qualcomm.location.xtwifi.XTWiFiLocationProvider.broadcastNLPIntent:2020 com.qualcomm.location.xtwifi.XTWiFiLocationProvider.reInstallTbfTimer:1163 com.qualcomm.location.xtwifi.XTWiFiLocationProvider.access$1000:63
01-24 19:21:37.345 903-1958/? D/Ulp_jni: Location CB invoked
01-24 19:21:37.530 1835-7059/? D/PhoneApp: getPhone phoneId:0
01-24 19:21:37.532 1835-2583/? D/PhoneApp: getPhone phoneId:0
01-24 19:21:37.532 1835-1858/? D/PhoneApp: getPhone phoneId:0
01-24 19:21:37.533 1835-26467/? D/PhoneApp: getPhone phoneId:0
01-24 19:21:37.540 1835-17305/? D/PhoneApp: getPhone phoneId:0
01-24 19:21:37.548 1835-7059/? D/PhoneApp: getPhone phoneId:0
01-24 19:21:37.558 1835-26467/? D/PhoneApp: getPhone phoneId:0
01-24 19:21:37.572 1835-17305/? D/PhoneApp: getPhone phoneId:0
01-24 19:21:37.579 903-1671/? D/WifiService: acquireWifiLockLocked: WifiLock{NlpWifiLock type=2 binder=android.os.BinderProxy@24c4c28a}
01-24 19:21:37.612 1835-2583/? D/PhoneApp: getPhone phoneId:0
01-24 19:21:37.617 1835-1865/? D/PhoneApp: getPhone phoneId:0
01-24 19:21:37.626 1835-7059/? D/PhoneApp: getPhone phoneId:0
01-24 19:21:37.630 1835-2583/? D/PhoneApp: getPhone phoneId:0
01-24 19:21:37.656 2554-2617/? D/LocationFilter: Forcing stable location. Original location:Location[fused 41,876928,12,437349 acc=17 et=+6h4m27s780ms {Bundle[{wifiScan=[B@38fd1b5, noGPSLocation=Location[fused 41,876910,12,437370 acc=30 et=+6h4m27s780ms {Bundle[mParcelledData.dataSize=200]}], locationType=3}]}] because SMD didn't trigger.
01-24 19:21:37.725 903-1223/? D/WifiService: releaseWifiLockLocked: WifiLock{NlpWifiLock type=2 binder=android.os.BinderProxy@24c4c28a}
01-24 19:21:37.779 2554-7557/? I/art: Explicit concurrent mark sweep GC freed 93883(5MB) AllocSpace objects, 21(781KB) LOS objects, 38% free, 25MB/41MB, paused 1.077ms total 114.724ms
01-24 19:21:38.549 30359-30359/? E/adsprpc: vendor/qcom/proprietary/adsprpc/src/fastrpc_apps_user.c:126:/dev/adsprpc-smd device initialization error: Permission denied
01-24 19:21:38.549 30359-30359/? E/adsprpc: vendor/qcom/proprietary/adsprpc/src/fastrpc_apps_user.c:179::error: -1: dev != -1
01-24 19:21:38.549 30359-30359/? E/adsprpc: vendor/qcom/proprietary/adsprpc/src/fastrpc_apps_user.c:224::error: -1: 0 == (nErr = remotectl_open(name, (int*)ph, dlerrstr, sizeof(dlerrstr), &dlerr))
01-24 19:21:38.549 30359-30359/? E/adsprpc: vendor/qcom/proprietary/adsprpc/src/fastrpc_apps_user.c:126:/dev/adsprpc-smd device initialization error: Permission denied
01-24 19:21:38.549 30359-30359/? E/adsprpc: vendor/qcom/proprietary/adsprpc/src/fastrpc_apps_user.c:179::error: -1: dev != -1
01-24 19:21:38.549 30359-30359/? E/adsprpc: vendor/qcom/proprietary/adsprpc/src/adsprpcd.c:23::error: -1: 0 == adsp_default_listener_register()
01-24 19:21:38.549 30359-30359/? E/adsprpc: vendor/qcom/proprietary/adsprpc/src/adsprpcd.c:36:adsprpcd exiting nErr=-1
01-24 19:21:39.284 30268-30308/? I/GAV2: Thread[GAThread,5,main]: No campaign data found.
01-24 19:21:43.584 30363-30363/? E/adsprpc: vendor/qcom/proprietary/adsprpc/src/fastrpc_apps_user.c:126:/dev/adsprpc-smd device initialization error: Permission denied
01-24 19:21:43.584 30363-30363/? E/adsprpc: vendor/qcom/proprietary/adsprpc/src/fastrpc_apps_user.c:179::error: -1: dev != -1
01-24 19:21:43.584 30363-30363/? E/adsprpc: vendor/qcom/proprietary/adsprpc/src/fastrpc_apps_user.c:224::error: -1: 0 == (nErr = remotectl_open(name, (int*)ph, dlerrstr, sizeof(dlerrstr), &dlerr))
01-24 19:21:43.584 30363-30363/? E/adsprpc: vendor/qcom/proprietary/adsprpc/src/fastrpc_apps_user.c:126:/dev/adsprpc-smd device initialization error: Permission denied
01-24 19:21:43.584 30363-30363/? E/adsprpc: vendor/qcom/proprietary/adsprpc/src/fastrpc_apps_user.c:179::error: -1: dev != -1
01-24 19:21:43.584 30363-30363/? E/adsprpc: vendor/qcom/proprietary/adsprpc/src/adsprpcd.c:23::error: -1: 0 == adsp_default_listener_register()
01-24 19:21:43.584 30363-30363/? E/adsprpc: vendor/qcom/proprietary/adsprpc/src/adsprpcd.c:36:adsprpcd exiting nErr=-1
01-24 19:21:43.943 1645-23452/? D/com.facebook.a.a: Got unexpected exception: java.io.WriteAbortedException: Read an exception; java.io.NotSerializableException: org.json.JSONObject
01-24 19:21:44.064 903-1242/? E/WifiStateMachine: WifiStateMachine CMD_START_SCAN source -2 txSuccessRate=0,69 rxSuccessRate=10,17 targetRoamBSSID=any RSSI=-34
01-24 19:21:44.065 903-1242/? E/WifiStateMachine: WifiStateMachine starting scan for "S......"WPA_PSK with 2447
01-24 19:21:44.070 903-2064/? I/WifiHAL: Poll result = 1
01-24 19:21:44.070 903-2064/? I/WifiHAL: Found some events!!!
01-24 19:21:44.071 903-2064/? D/WifiHAL: no_seq_check received
01-24 19:21:44.071 903-2064/? I/WifiHAL: event received NL80211_CMD_TRIGGER_SCAN
01-24 19:21:44.071 903-2064/? I/WifiHAL: event received NL80211_CMD_TRIGGER_SCAN, vendor_id = 0x0
01-24 19:21:44.071 903-2064/? I/WifiHAL: event ignored!!
01-24 19:21:44.117 3070-30364/? D/StatisticPoster: SendStatisticTask doInBackground
01-24 19:21:44.135 3070-30364/? W/FileUtils: Failed to chmod(/storage/emulated/0/baidu/pushservice/database/pushstat_4.4.db): android.system.ErrnoException: chmod failed: EPERM (Operation not permitted)
01-24 19:21:44.205 903-2064/? I/WifiHAL: Poll result = 1
01-24 19:21:44.205 903-2064/? I/WifiHAL: Found some events!!!
01-24 19:21:44.205 903-2064/? D/WifiHAL: no_seq_check received
01-24 19:21:44.205 903-2064/? I/WifiHAL: event received NL80211_CMD_NEW_SCAN_RESULTS
01-24 19:21:44.205 903-2064/? I/WifiHAL: event received NL80211_CMD_NEW_SCAN_RESULTS, vendor_id = 0x0
01-24 19:21:44.205 903-2064/? I/WifiHAL: event ignored!!
01-24 19:21:44.438 3070-2916/? I/socket: msgid:5
01-24 19:21:47.344 903-1958/? D/Ulp_jni: Location CB invoked
01-24 19:21:48.616 30368-30368/? E/adsprpc: vendor/qcom/proprietary/adsprpc/src/fastrpc_apps_user.c:126:/dev/adsprpc-smd device initialization error: Permission denied
01-24 19:21:48.616 30368-30368/? E/adsprpc: vendor/qcom/proprietary/adsprpc/src/fastrpc_apps_user.c:179::error: -1: dev != -1
01-24 19:21:48.616 30368-30368/? E/adsprpc: vendor/qcom/proprietary/adsprpc/src/fastrpc_apps_user.c:224::error: -1: 0 == (nErr = remotectl_open(name, (int*)ph, dlerrstr, sizeof(dlerrstr), &dlerr))
01-24 19:21:48.616 30368-30368/? E/adsprpc: vendor/qcom/proprietary/adsprpc/src/fastrpc_apps_user.c:126:/dev/adsprpc-smd device initialization error: Permission denied
01-24 19:21:48.616 30368-30368/? E/adsprpc: vendor/qcom/proprietary/adsprpc/src/fastrpc_apps_user.c:179::error: -1: dev != -1
01-24 19:21:48.617 30368-30368/? E/adsprpc: vendor/qcom/proprietary/adsprpc/src/adsprpcd.c:23::error: -1: 0 == adsp_default_listener_register()
01-24 19:21:48.617 30368-30368/? E/adsprpc: vendor/qcom/proprietary/adsprpc/src/adsprpcd.c:36:adsprpcd exiting nErr=-1
01-24 19:21:53.647 30369-30369/? E/adsprpc: vendor/qcom/proprietary/adsprpc/src/fastrpc_apps_user.c:126:/dev/adsprpc-smd device initialization error: Permission denied
01-24 19:21:53.647 30369-30369/? E/adsprpc: vendor/qcom/proprietary/adsprpc/src/fastrpc_apps_user.c:179::error: -1: dev != -1
01-24 19:21:53.647 30369-30369/? E/adsprpc: vendor/qcom/proprietary/adsprpc/src/fastrpc_apps_user.c:224::error: -1: 0 == (nErr = remotectl_open(name, (int*)ph, dlerrstr, sizeof(dlerrstr), &dlerr))
01-24 19:21:53.647 30369-30369/? E/adsprpc: vendor/qcom/proprietary/adsprpc/src/fastrpc_apps_user.c:126:/dev/adsprpc-smd device initialization error: Permission denied
01-24 19:21:53.647 30369-30369/? E/adsprpc: vendor/qcom/proprietary/adsprpc/src/fastrpc_apps_user.c:179::error: -1: dev != -1
01-24 19:21:53.647 30369-30369/? E/adsprpc: vendor/qcom/proprietary/adsprpc/src/adsprpcd.c:23::error: -1: 0 == adsp_default_listener_register()
01-24 19:21:53.647 30369-30369/? E/adsprpc: vendor/qcom/proprietary/adsprpc/src/adsprpcd.c:36:adsprpcd exiting nErr=-1
01-24 19:21:55.657 903-2589/? E/GpsXtraDownloader: No XTRA servers were specified in the GPS configuration
01-24 19:21:57.344 903-1958/? D/Ulp_jni: Location CB invoked
01-24 19:21:58.684 30379-30379/? E/adsprpc: vendor/qcom/proprietary/adsprpc/src/fastrpc_apps_user.c:126:/dev/adsprpc-smd device initialization error: Permission denied
01-24 19:21:58.684 30379-30379/? E/adsprpc: vendor/qcom/proprietary/adsprpc/src/fastrpc_apps_user.c:179::error: -1: dev != -1
01-24 19:21:58.684 30379-30379/? E/adsprpc: vendor/qcom/proprietary/adsprpc/src/fastrpc_apps_user.c:224::error: -1: 0 == (nErr = remotectl_open(name, (int*)ph, dlerrstr, sizeof(dlerrstr), &dlerr))
01-24 19:21:58.684 30379-30379/? E/adsprpc: vendor/qcom/proprietary/adsprpc/src/fastrpc_apps_user.c:126:/dev/adsprpc-smd device initialization error: Permission denied
01-24 19:21:58.684 30379-30379/? E/adsprpc: vendor/qcom/proprietary/adsprpc/src/fastrpc_apps_user.c:179::error: -1: dev != -1
01-24 19:21:58.684 30379-30379/? E/adsprpc: vendor/qcom/proprietary/adsprpc/src/adsprpcd.c:23::error: -1: 0 == adsp_default_listener_register()
01-24 19:21:58.684 30379-30379/? E/adsprpc: vendor/qcom/proprietary/adsprpc/src/adsprpcd.c:36:adsprpcd exiting nErr=-1
01-24 19:21:58.923 1645-23452/? D/com.facebook.a.a: Got unexpected exception: java.io.WriteAbortedException: Read an exception; java.io.NotSerializableException: org.json.JSONObject
01-24 19:22:02.491 903-933/? I/PowerManagerService: Going to sleep due to screen timeout (uid 1000)...
01-24 19:22:02.494 903-933/? I/PowerManagerService: Sleeping (uid 1000)...
01-24 19:22:02.548 1916-1916/? D/BackScreenManager: makeDefaultAppInMirroring com.tul.aviate
01-24 19:22:02.548 1916-1916/? D/HWComposerMediator: postCommand 0x10101010
01-24 19:22:02.552 1602-1602/? D/AppLifecycleHandler: onApplicationBackground() called
01-24 19:22:02.592 267-2123/? V/SRS_Proc: ParamSet string: screen_state=off
01-24 19:22:02.592 267-2123/? D/audio_hw_primary: adev_set_parameters: enter: screen_state=off
01-24 19:22:02.592 267-2123/? D/audio_hw_extn: audio_extn_set_anc_parameters: anc_enabled:0
01-24 19:22:02.592 267-2123/? E/audio_a2dp_hw: adev_set_parameters: ERROR: set param called even when stream out is null
01-24 19:22:02.600 1602-1602/? W/IInputConnectionWrapper: getExtractedText on inactive InputConnection
01-24 19:22:02.611 1602-1602/? W/IInputConnectionWrapper: getTextBeforeCursor on inactive InputConnection
01-24 19:22:02.614 1602-1602/? W/IInputConnectionWrapper: getSelectedText on inactive InputConnection
01-24 19:22:02.616 1602-1602/? W/IInputConnectionWrapper: getTextAfterCursor on inactive InputConnection
01-24 19:22:02.617 1645-1645/? E/InputEventModelImpl: onStartInput event aborted: com.touchtype.keyboard.c.ae: could not obtain extracted text (class com.touchtype.keyboard.c.ae)
01-24 19:22:02.632 903-1242/? E/native: do suspend true
01-24 19:22:02.651 1859-1859/? I/QCNEJ: |CORE| sendScreenState: state:false
01-24 19:22:02.653 1916-1916/? D/BackScreenManager: android.intent.action.SCREEN_OFF
01-24 19:22:02.653 1916-1916/? W/ContextImpl: Calling a method in the system process without a qualified user: android.app.ContextImpl.sendBroadcast:1322 android.content.ContextWrapper.sendBroadcast:376 com.yotadevices.yotaphone2.bsmanager.util.LowBatteryMonitor.sendBatteryBroadcast:155 com.yotadevices.yotaphone2.bsmanager.service.bs.BackScreenLayerManager2$2.onReceive:390 android.app.LoadedApk$ReceiverDispatcher$Args.run:861
01-24 19:22:02.654 1775-3430/? D/NfcService: applyRouting
01-24 19:22:02.654 1775-3430/? D/NfcService: computeEmulationParameters
01-24 19:22:02.654 1775-3430/? D/NFC_LIST: Allocated node: 0xaf20f2c0 (0xa39f9854)
01-24 19:22:02.654 1775-1988/? D/NFC-HCI: > SEND: 07 BD 83 01 05 00 69 E5
01-24 19:22:02.655 1916-1916/? D/TitaniumManager:LowBatteryMonitor: broadcast retranslated: yotaphone.android.intent.action.BATTERY_CHANGED
01-24 19:22:02.655 23043-23043/? D/BatteryReceiver: onReceive yotaphone.android.intent.action.BATTERY_CHANGED
01-24 19:22:02.655 23043-23043/? D/BSBatteryWidget: drawWidgets, requestPrediction: true
01-24 19:22:02.656 23043-23043/? D/BSBatteryWidget: sYotaEnergyEnabled: false
01-24 19:22:02.657 23043-23043/? D/BSBatteryWidget: sPrediction: 5184000
01-24 19:22:02.667 1775-1976/? D/NFC-HCI: > RECV: 05
01-24 19:22:02.667 1775-1976/? D/NFC-HCI: > RECV: A8 83 80 30 79
01-24 19:22:02.667 1775-1988/? D/NFCJNI: Callback: nfc_jni_ioctl_callback() - status=0x0000[NFCSTATUS_SUCCESS]
01-24 19:22:02.667 1775-3430/? D/NFC_LIST: Deallocating node: 0xaf20f2c0 (0xa39f9854)
01-24 19:22:02.667 1775-3430/? D/NfcService: SCREEN_STATE_OFF
01-24 19:22:02.667 1775-3430/? D/NfcService: configure EE routing
01-24 19:22:02.667 1775-3430/? D/NfcService: configure HCE routing
01-24 19:22:02.667 1775-3430/? D/NfcService: NFC-HCE OFF
01-24 19:22:02.667 1775-3430/? D/NFCJNI: com_android_nfc_NfcManager_disableRoutingToHost
01-24 19:22:02.667 1775-3430/? D/NFC_LIST: Allocated node: 0xaf20f2c0 (0xa39f9884)
01-24 19:22:02.668 1775-1988/? D/NFC-HCI: > SEND: 07 86 8C 01 01 FF B5 AC
01-24 19:22:02.668 1775-3430/? D/NFCJNI: phLibNfc_Mgt_SetCE_ConfigParams() returned 0x000d[NFCSTATUS_PENDING]
01-24 19:22:02.674 1775-1976/? D/NFC-HCI: > RECV: 03
01-24 19:22:02.675 1775-1976/? D/NFC-HCI: > RECV: C1 AA F2
01-24 19:22:02.676 1775-1976/? D/NFC-HCI: > RECV: 05
01-24 19:22:02.677 1775-1976/? D/NFC-HCI: > RECV: B1 8C 80 73 E3
01-24 19:22:02.677 1775-1988/? D/NFCJNI: Callback: nfc_jni_hce_connection_callback() - status=0x0000[NFCSTATUS_SUCCESS]
01-24 19:22:02.677 1775-1988/? D/NFC-HCI: > SEND: 07 8F 8D 01 01 FF 6A E1
01-24 19:22:02.677 1775-3430/? D/NFCJNI: phLibNfc_Mgt_SetCE_ConfigParams() returned 0x000d[NFCSTATUS_PENDING]
01-24 19:22:02.678 4847-4905/? I/DMC: [Reporter] mode: 10
                                      type: screen_state
                                      timestamp: 1453659722
                                      data: {"screenOn":1453659684,"screenUnlock":1453659667,"screenOff":1453659722}
01-24 19:22:02.684 1775-1976/? D/NFC-HCI: > RECV: 03
01-24 19:22:02.684 1775-1976/? D/NFC-HCI: > RECV: C2 31 C0
01-24 19:22:02.684 1775-1976/? D/NFC-HCI: > RECV: 51
01-24 19:22:02.685 1775-1976/? D/NFC-HCI: > RECV: 51
01-24 19:22:02.685 1775-1976/? D/NFC-HCI: > RECV: 51
01-24 19:22:02.685 1775-1976/? D/NFC-HCI: > RECV: 51
01-24 19:22:02.686 1790-1790/? E/LibSecureUISvc: svc_sock_send_message(suisvc): Error sending data, -1 vs 4: Connection refused
01-24 19:22:02.686 1775-1976/? D/NFC-HCI: > RECV: 05
01-24 19:22:02.686 1775-1976/? D/NFC-HCI: > RECV: BA 8D 80 0D D3
01-24 19:22:02.686 1775-1988/? D/NFCJNI: Callback: nfc_jni_hce_connection_callback() - status=0x0000[NFCSTATUS_SUCCESS]
01-24 19:22:02.686 1775-3430/? D/NFC_LIST: Deallocating node: 0xaf20f2c0 (0xa39f9884)
01-24 19:22:02.687 1775-3430/? D/NfcService: configure routing table false
01-24 19:22:02.687 1775-3430/? D/NfcService: computeDiscoveryParameters
01-24 19:22:02.687 1775-3430/? D/NfcService: NFC-C OFF
01-24 19:22:02.687 1775-3430/? D/NFC_LIST: Allocated node: 0xaf20f2c0 (0xa39f98cc)
01-24 19:22:02.687 1775-3430/? D/NFCJNI: ******  Stop NFC Discovery ******
01-24 19:22:02.687 1775-3430/? D/NFCJNI: phLibNfc_Mgt_ConfigureDiscovery(-----, CE-0-493e0) returned 0x0000000d
01-24 19:22:02.687 1775-1988/? D/NFC-HCI: > SEND: 08 90 84 01 07 18 6A 78 B5
01-24 19:22:02.687 6744-6744/? D/SessionManagerService: Received intent: #Intent;action=android.intent.action.SCREEN_OFF;launchFlags=0x50000010;i.screen_off_reason=2;end
01-24 19:22:02.687 6744-6744/? E/SessionManagerService: Delaying Standby to allow blank frame capture
01-24 19:22:02.690 1775-1976/? D/NFC-HCI: > RECV: 05
01-24 19:22:02.690 1775-1976/? D/NFC-HCI: > RECV: 83 84 80 A5 1E
01-24 19:22:02.690 1775-1988/? D/NFC-HCI: > SEND: 07 99 84 01 09 01 E0 47
01-24 19:22:02.692 1775-1976/? D/NFC-HCI: > RECV: 05
01-24 19:22:02.692 1775-1976/? D/NFC-HCI: > RECV: 8C 84 80 62 54
01-24 19:22:02.692 1775-1988/? D/NFC-HCI: > SEND: 07 A2 84 01 06 00 9C 46
01-24 19:22:02.695 1775-1976/? D/NFC-HCI: > RECV: 05
01-24 19:22:02.696 1775-1976/? D/NFC-HCI: > RECV: 95 84 80 E9 4D
01-24 19:22:02.696 1775-1988/? D/NFC-HCI: > SEND: 05 AB 85 51 80 05
01-24 19:22:02.697 1775-1988/? D/NFCJNI: Callback: nfc_jni_discover_callback() - status=0x0000[NFCSTATUS_SUCCESS]
01-24 19:22:02.697 1775-3430/? D/NFC_LIST: Deallocating node: 0xaf20f2c0 (0xa39f98cc)
01-24 19:22:02.702 1775-1976/? D/NFC-HCI: > RECV: 03
01-24 19:22:02.702 1775-1976/? D/NFC-HCI: > RECV: C6 15 86
01-24 19:22:02.846 1775-1988/? D/NFC-HCI: > SEND: 03 C3 B8 D1
01-24 19:22:02.849 238-524/? D/qdepd: cmd[0]=10101010
01-24 19:22:02.849 238-524/? D/qdepd: Command CMD_RESET_DEFAULTS
01-24 19:22:02.849 1916-2097/? D/HWComposerMediator: 8 bytes sent to hwcomposer
01-24 19:22:03.063 903-930/? I/DisplayManagerService: Display device changed: DisplayDeviceInfo{"Schermo incorporato": 1080 x 1920, 60.0 fps, supportedRefreshRates [60.0], density 480, 442.451 x 443.345 dpi, appVsyncOff 0, presDeadline 17666667, touch INTERNAL, rotation 0, type BUILT_IN, state OFF, FLAG_DEFAULT_DISPLAY, FLAG_ROTATES_WITH_CONTENT, FLAG_SECURE, FLAG_SUPPORTS_PROTECTED_BUFFERS}
01-24 19:22:03.064 903-903/? V/ActivityManager: Display changed displayId=0
01-24 19:22:03.075 238-238/? D/SurfaceFlinger: Set power mode=0, type=0 flinger=0xb6962000
01-24 19:22:03.075 238-238/? D/qdhwcomposer: hwc_blank: Blanking display: 0
01-24 19:22:03.188 6744-6744/? E/SessionManagerService: Calling Standby as no Audio Stream is playing
01-24 19:22:03.188 6744-6744/? D/SessionManagerService: standby()
01-24 19:22:03.188 6744-6744/? E/SessionManagerService: Session state is not PAUSE or PLAY
01-24 19:22:03.389 238-547/? I/qdhwcomposer: handle_blank_event: dpy:0 panel power state: 0
01-24 19:22:03.390 238-238/? D/qdhwcomposer: hwc_blank: Done blanking display: 0
01-24 19:22:03.394 903-1258/? D/SurfaceControl: Excessive delay in setPowerMode(): 323ms
01-24 19:22:03.396 903-1258/? I/QCOMPowerHAL: Got set_interactive hint
01-24 19:22:03.728 30415-30415/? E/adsprpc: vendor/qcom/proprietary/adsprpc/src/fastrpc_apps_user.c:126:/dev/adsprpc-smd device initialization error: Permission denied
01-24 19:22:03.728 30415-30415/? E/adsprpc: vendor/qcom/proprietary/adsprpc/src/fastrpc_apps_user.c:179::error: -1: dev != -1
01-24 19:22:03.728 30415-30415/? E/adsprpc: vendor/qcom/proprietary/adsprpc/src/fastrpc_apps_user.c:224::error: -1: 0 == (nErr = remotectl_open(name, (int*)ph, dlerrstr, sizeof(dlerrstr), &dlerr))
01-24 19:22:03.729 30415-30415/? E/adsprpc: vendor/qcom/proprietary/adsprpc/src/fastrpc_apps_user.c:126:/dev/adsprpc-smd device initialization error: Permission denied
01-24 19:22:03.729 30415-30415/? E/adsprpc: vendor/qcom/proprietary/adsprpc/src/fastrpc_apps_user.c:179::error: -1: dev != -1
01-24 19:22:03.729 30415-30415/? E/adsprpc: vendor/qcom/proprietary/adsprpc/src/adsprpcd.c:23::error: -1: 0 == adsp_default_listener_register()
01-24 19:22:03.729 30415-30415/? E/adsprpc: vendor/qcom/proprietary/adsprpc/src/adsprpcd.c:36:adsprpcd exiting nErr=-1
01-24 19:22:04.264 5305-5368/? D/agoo.ChannelManager$2: [run] IntentService[timeThread]mHeartPingCallBack=true
01-24 19:22:04.696 23043-23043/? D/BSBatteryWidget: sendOrderedBroadcast: yotaphone.intent.action.GET_PREDICTION
