01-24 19:21:02.497 1775-1988/? D/NFCJNI: Callback: nfc_jni_ioctl_callback() - status=0x0000[NFCSTATUS_SUCCESS]
01-24 19:21:02.497 1775-3695/? D/NFC_LIST: Deallocating node: 0xb3c24050 (0xa37f1854)
01-24 19:21:02.497 1775-3695/? D/NfcService: SCREEN_STATE_OFF
01-24 19:21:02.497 1775-3695/? D/NfcService: configure EE routing
01-24 19:21:02.497 1775-3695/? D/NfcService: configure HCE routing
01-24 19:21:02.497 1775-3695/? D/NfcService: NFC-HCE OFF
01-24 19:21:02.497 1775-3695/? D/NFCJNI: com_android_nfc_NfcManager_disableRoutingToHost
01-24 19:21:02.497 1775-3695/? D/NFC_LIST: Allocated node: 0xb3c24050 (0xa37f1884)
01-24 19:21:02.497 1775-1988/? D/NFC-HCI: > SEND: 07 94 8C 01 01 FF 7D 0E
01-24 19:21:02.497 1775-3695/? D/NFCJNI: phLibNfc_Mgt_SetCE_ConfigParams() returned 0x000d[NFCSTATUS_PENDING]
01-24 19:21:02.503 23043-23043/? D/BSBatteryWidget: sPrediction: 5184000
01-24 19:21:02.504 1775-1976/? D/NFC-HCI: > RECV: 03
01-24 19:21:02.505 1775-1976/? D/NFC-HCI: > RECV: C3 B8 D1
01-24 19:21:02.507 1775-1976/? D/NFC-HCI: > RECV: 05
01-24 19:21:02.507 1775-1976/? D/NFC-HCI: > RECV: A3 8C 80 5E D3
01-24 19:21:02.507 1775-1988/? D/NFCJNI: Callback: nfc_jni_hce_connection_callback() - status=0x0000[NFCSTATUS_SUCCESS]
01-24 19:21:02.508 1775-1988/? D/NFC-HCI: > SEND: 07 9D 8D 01 01 FF A2 43
01-24 19:21:02.508 1775-3695/? D/NFCJNI: phLibNfc_Mgt_SetCE_ConfigParams() returned 0x000d[NFCSTATUS_PENDING]
01-24 19:21:02.517 1775-1976/? D/NFC-HCI: > RECV: 03
01-24 19:21:02.518 1775-1976/? D/NFC-HCI: > RECV: C4 07 A5
01-24 19:21:02.518 1775-1976/? D/NFC-HCI: > RECV: 05
01-24 19:21:02.518 1775-1976/? D/NFC-HCI: > RECV: AC 8D 80 41 80
01-24 19:21:02.518 1775-1988/? D/NFCJNI: Callback: nfc_jni_hce_connection_callback() - status=0x0000[NFCSTATUS_SUCCESS]
01-24 19:21:02.518 1775-3695/? D/NFC_LIST: Deallocating node: 0xb3c24050 (0xa37f1884)
01-24 19:21:02.518 1775-3695/? D/NfcService: configure routing table false
01-24 19:21:02.519 1775-3695/? D/NfcService: computeDiscoveryParameters
01-24 19:21:02.519 1775-3695/? D/NfcService: NFC-C OFF
01-24 19:21:02.519 1775-3695/? D/NFC_LIST: Allocated node: 0xb3c24050 (0xa37f18cc)
01-24 19:21:02.519 1775-3695/? D/NFCJNI: ******  Stop NFC Discovery ******
01-24 19:21:02.519 1775-1988/? D/NFC-HCI: > SEND: 08 A6 84 01 07 18 6A 52 6A
01-24 19:21:02.519 1775-3695/? D/NFCJNI: phLibNfc_Mgt_ConfigureDiscovery(-----, CE-0-493e0) returned 0x0000000d
01-24 19:21:02.521 1775-1976/? D/NFC-HCI: > RECV: 05
01-24 19:21:02.522 1775-1976/? D/NFC-HCI: > RECV: B5 84 80 D2 4E
01-24 19:21:02.522 1775-1988/? D/NFC-HCI: > SEND: 07 AF 84 01 09 01 A9 A8
01-24 19:21:02.523 1775-1976/? D/NFC-HCI: > RECV: 05
01-24 19:21:02.526 1775-1976/? D/NFC-HCI: > RECV: BE 84 80 74 67
01-24 19:21:02.526 1775-1988/? D/NFC-HCI: > SEND: 07 B0 84 01 06 00 54 E4
01-24 19:21:02.528 1775-1976/? D/NFC-HCI: > RECV: 05
01-24 19:21:02.529 1775-1976/? D/NFC-HCI: > RECV: 87 84 80 C4 7D
01-24 19:21:02.529 1775-1988/? D/NFC-HCI: > SEND: 05 B9 85 51 AD 35
01-24 19:21:02.530 1775-1988/? D/NFCJNI: Callback: nfc_jni_discover_callback() - status=0x0000[NFCSTATUS_SUCCESS]
01-24 19:21:02.530 1775-3695/? D/NFC_LIST: Deallocating node: 0xb3c24050 (0xa37f18cc)
01-24 19:21:02.535 1775-1976/? D/NFC-HCI: > RECV: 03
01-24 19:21:02.535 1775-1976/? D/NFC-HCI: > RECV: C0 23 E3
01-24 19:21:02.536 4847-4905/? I/DMC: [Reporter] mode: 10
                                      type: screen_state
                                      timestamp: 1453659662
                                      data: {"screenOn":1453659487,"screenUnlock":1453659479,"screenOff":1453659662}
01-24 19:21:02.543 1790-1790/? E/LibSecureUISvc: svc_sock_send_message(suisvc): Error sending data, -1 vs 4: Connection refused
01-24 19:21:02.545 6744-6744/? D/SessionManagerService: Received intent: #Intent;action=android.intent.action.SCREEN_OFF;launchFlags=0x50000010;i.screen_off_reason=2;end
01-24 19:21:02.545 6744-6744/? E/SessionManagerService: Delaying Standby to allow blank frame capture
01-24 19:21:02.655 903-903/? W/XTWiFiLP: setRequest interval : 86400000reportLocation: true, com.qualcomm.location.xtwifi.XTWiFiLocationProvider$1@339e8fb0
01-24 19:21:02.656 903-2211/? W/XTWiFiLP: handleMessage: 7
01-24 19:21:02.658 903-2211/? W/XTWiFiLP: handleMessage: 2
01-24 19:21:02.658 903-2211/? W/XTWiFiLP: handleEnableLocationTracking [true]
01-24 19:21:02.663 28780-29952/? V/security.service.CarAlarmGuard.PrefsAsynkTask: start on Boot is: false
01-24 19:21:02.666 28780-29952/? V/security.service.CarAlarmGuard.PrefsAsynkTask: Car Guard start on BOOT DISABLED
01-24 19:21:02.667 28780-29952/? V/security.service.CarAlarmGuard: Destroy Services
01-24 19:21:02.676 903-903/? V/NotificationService: pkg=security.car.alarm canInterrupt=false intercept=true
01-24 19:21:02.679 1775-1988/? D/NFC-HCI: > SEND: 03 C1 AA F2
01-24 19:21:02.688 1569-2113/? W/ContextImpl: Calling a method in the system process without a qualified user: android.app.ContextImpl.sendBroadcast:1322 android.content.ContextWrapper.sendBroadcast:376 com.yotadevices.yotaphone2.counterwidget.NotificationService.onNotificationPosted:837 android.service.notification.NotificationListenerService.onNotificationPosted:154 android.service.notification.NotificationListenerService$INotificationListenerWrapper.onNotificationPosted:621
01-24 19:21:02.690 903-903/? V/NotificationService: pkg=security.car.alarm canInterrupt=false intercept=true
01-24 19:21:02.697 1569-2113/? W/ContextImpl: Calling a method in the system process without a qualified user: android.app.ContextImpl.startService:1687 android.content.ContextWrapper.startService:515 com.yotadevices.yotaphone2.counterwidget.NotificationService.sendBroadcastToApplication:780 com.yotadevices.yotaphone2.counterwidget.NotificationService.sendNotification:360 com.yotadevices.yotaphone2.counterwidget.NotificationService.onNotificationPosted:847
01-24 19:21:02.702 1569-1569/? D/NotificationService: ACTION_SEND_NOTIFICATION
01-24 19:21:02.702 1569-1569/? D/NotificationService: post notification with type = 2, time = 120000, typeCategory = 4, count = 63, isChangeContent = true, isChangeCount = false
01-24 19:21:02.703 1569-1569/? W/ContextImpl: Calling a method in the system process without a qualified user: android.app.ContextImpl.sendBroadcast:1322 android.content.ContextWrapper.sendBroadcast:376 com.yotadevices.yotaphone2.counterwidget.NotificationService.postNotification:652 com.yotadevices.yotaphone2.counterwidget.NotificationService.handleIntent:540 com.yotadevices.yotaphone2.counterwidget.NotificationService.onStartCommand:428
01-24 19:21:02.703 1569-2113/? W/ContextImpl: Calling a method in the system process without a qualified user: android.app.ContextImpl.sendBroadcast:1322 android.content.ContextWrapper.sendBroadcast:376 com.yotadevices.yotaphone2.counterwidget.NotificationService.onNotificationRemoved:856 android.service.notification.NotificationListenerService.onNotificationRemoved:199 android.service.notification.NotificationListenerService$INotificationListenerWrapper.onNotificationRemoved:641
01-24 19:21:02.707 238-524/? D/qdepd: cmd[0]=10101010
01-24 19:21:02.707 238-524/? D/qdepd: Command CMD_RESET_DEFAULTS
01-24 19:21:02.708 1916-2097/? D/HWComposerMediator: 8 bytes sent to hwcomposer
01-24 19:21:02.715 28780-29839/? V/security.service.CarAlarmGuard: Start Bluetooth service
01-24 19:21:02.716 28780-29839/? V/security.service.CarAlarmGuard: mBluetoothHelper.isBluetoothAvail(): true mBluetoothHelper.mState: 3
01-24 19:21:02.720 1569-2113/? W/ContextImpl: Calling a method in the system process without a qualified user: android.app.ContextImpl.sendBroadcast:1322 android.content.ContextWrapper.sendBroadcast:376 com.yotadevices.yotaphone2.counterwidget.NotificationService.onNotificationPosted:837 android.service.notification.NotificationListenerService.onNotificationPosted:154 android.service.notification.NotificationListenerService$INotificationListenerWrapper.onNotificationPosted:621
01-24 19:21:02.743 28780-29839/? E/MediaPlayer-JNI: QCMediaPlayer mediaplayer NOT present
01-24 19:21:02.749 267-2079/? D/Utils: printFileName fd(56) -> /data/app/security.car.alarm-2/base.apk
01-24 19:21:02.775 267-2079/? D/ExtendedUtils: extended extractor not needed, return default
01-24 19:21:02.779 267-29958/? I/str_params: key: 'SND_CARD_STATUS' value: ''
01-24 19:21:02.779 267-29958/? D/OMXCodec: Successfully allocated OMX node 'OMX.google.vorbis.decoder'
01-24 19:21:02.781 267-29958/? I/ExtendedUtils: decision 1 mime 
01-24 19:21:02.785 28780-28780/? E/MediaPlayer: Should have subtitle controller already set
01-24 19:21:02.785 28780-29839/? E/MediaPlayer: Should have subtitle controller already set
01-24 19:21:02.789 1304-1304/? I/art: Explicit concurrent mark sweep GC freed 13106(789KB) AllocSpace objects, 3(3MB) LOS objects, 37% free, 27MB/43MB, paused 1.009ms total 50.867ms
01-24 19:21:02.790 267-2123/? I/AudioPlayer: start of Playback, useOffload 0
01-24 19:21:02.797 267-2123/? D/AudioTrack: TrackOffload: AudioTrack Offload disabled by property, returning false
01-24 19:21:02.889 267-29931/? I/AudioPlayer: Pause Playback at 1476258
01-24 19:21:02.907 903-930/? I/DisplayManagerService: Display device changed: DisplayDeviceInfo{"Schermo incorporato": 1080 x 1920, 60.0 fps, supportedRefreshRates [60.0], density 480, 442.451 x 443.345 dpi, appVsyncOff 0, presDeadline 17666667, touch INTERNAL, rotation 0, type BUILT_IN, state OFF, FLAG_DEFAULT_DISPLAY, FLAG_ROTATES_WITH_CONTENT, FLAG_SECURE, FLAG_SUPPORTS_PROTECTED_BUFFERS}
01-24 19:21:02.908 903-903/? V/ActivityManager: Display changed displayId=0
01-24 19:21:02.910 238-238/? D/SurfaceFlinger: Set power mode=0, type=0 flinger=0xb6962000
01-24 19:21:02.910 238-238/? D/qdhwcomposer: hwc_blank: Blanking display: 0
01-24 19:21:02.916 24200-27862/? I/art: Explicit concurrent mark sweep GC freed 10994(862KB) AllocSpace objects, 0(0B) LOS objects, 24% free, 16MB/21MB, paused 244us total 16.311ms
01-24 19:21:03.030 903-1671/? I/art: Explicit concurrent mark sweep GC freed 11913(596KB) AllocSpace objects, 0(0B) LOS objects, 23% free, 52MB/68MB, paused 1.443ms total 99.125ms
01-24 19:21:03.057 6744-6744/? E/SessionManagerService: Calling Standby even if Audio Stream is on
01-24 19:21:03.057 6744-6744/? D/SessionManagerService: standby()
01-24 19:21:03.057 6744-6744/? E/SessionManagerService: Session state is not PAUSE or PLAY
01-24 19:21:03.100 1559-1559/? I/NotificationPrProxy: Removed overridden task on pre-processing tasks list.
01-24 19:21:03.228 238-238/? D/qdhwcomposer: hwc_blank: Done blanking display: 0
01-24 19:21:03.229 238-547/? I/qdhwcomposer: handle_blank_event: dpy:0 panel power state: 0
01-24 19:21:03.229 903-1258/? D/SurfaceControl: Excessive delay in setPowerMode(): 321ms
01-24 19:21:03.229 903-1258/? I/QCOMPowerHAL: Got set_interactive hint
01-24 19:21:03.331 267-29958/? I/AudioPlayer: Pause Playback at 358956
01-24 19:21:03.335 24181-24181/? I/art: Explicit concurrent mark sweep GC freed 29990(1234KB) AllocSpace objects, 1(16KB) LOS objects, 25% free, 16MB/21MB, paused 233us total 15.931ms
01-24 19:21:03.508 267-994/? E/AudioPolicyManager: unknown stream type
01-24 19:21:03.508 267-994/? E/AudioPolicyManager: unknown stream type
01-24 19:21:03.508 267-994/? E/AudioPolicyManager: unknown stream type
01-24 19:21:03.508 267-994/? E/AudioPolicyManager: unknown stream type
01-24 19:21:03.508 267-994/? E/AudioPolicyManager: unknown stream type
01-24 19:21:03.508 267-994/? E/AudioPolicyManager: unknown stream type
01-24 19:21:03.508 267-994/? E/AudioPolicyManager: unknown stream type
01-24 19:21:03.508 267-994/? E/AudioPolicyManager: unknown stream type
01-24 19:21:03.508 267-994/? E/AudioPolicyManager: unknown stream type
01-24 19:21:03.509 267-994/? E/AudioPolicyManager: unknown stream type
01-24 19:21:03.509 267-994/? E/AudioPolicyManager: unknown stream type
01-24 19:21:03.509 267-994/? E/AudioPolicyManager: unknown stream type
01-24 19:21:03.509 267-994/? E/AudioPolicyManager: unknown stream type
01-24 19:21:03.556 29966-29966/? E/adsprpc: vendor/qcom/proprietary/adsprpc/src/fastrpc_apps_user.c:126:/dev/adsprpc-smd device initialization error: Permission denied
01-24 19:21:03.556 29966-29966/? E/adsprpc: vendor/qcom/proprietary/adsprpc/src/fastrpc_apps_user.c:179::error: -1: dev != -1
01-24 19:21:03.556 29966-29966/? E/adsprpc: vendor/qcom/proprietary/adsprpc/src/fastrpc_apps_user.c:224::error: -1: 0 == (nErr = remotectl_open(name, (int*)ph, dlerrstr, sizeof(dlerrstr), &dlerr))
01-24 19:21:03.556 29966-29966/? E/adsprpc: vendor/qcom/proprietary/adsprpc/src/fastrpc_apps_user.c:126:/dev/adsprpc-smd device initialization error: Permission denied
01-24 19:21:03.556 29966-29966/? E/adsprpc: vendor/qcom/proprietary/adsprpc/src/fastrpc_apps_user.c:179::error: -1: dev != -1
01-24 19:21:03.557 29966-29966/? E/adsprpc: vendor/qcom/proprietary/adsprpc/src/adsprpcd.c:23::error: -1: 0 == adsp_default_listener_register()
01-24 19:21:03.557 29966-29966/? E/adsprpc: vendor/qcom/proprietary/adsprpc/src/adsprpcd.c:36:adsprpcd exiting nErr=-1
01-24 19:21:04.040 24219-24235/? I/art: Explicit concurrent mark sweep GC freed 3533(137KB) AllocSpace objects, 0(0B) LOS objects, 25% free, 15MB/21MB, paused 449us total 59.906ms
01-24 19:21:04.230 903-1585/? I/art: Explicit concurrent mark sweep GC freed 6829(287KB) AllocSpace objects, 0(0B) LOS objects, 23% free, 52MB/68MB, paused 2.036ms total 129.693ms
01-24 19:21:04.531 23043-23043/? D/BSBatteryWidget: sendOrderedBroadcast: yotaphone.intent.action.GET_PREDICTION
01-24 19:21:04.840 238-831/? E/SurfaceFlinger: Attempt to rewrite valid epdCrop
01-24 19:21:04.974 238-543/? D/qdepd: Temperature: {24, 38, 31}, set average from 24 and 31: 27
01-24 19:21:05.215 3524-3524/? D/BSClockWidget2: TICK
01-24 19:21:05.306 903-1671/? W/BatteryStatsImpl: Couldn't get kernel wake lock stats
01-24 19:21:05.416 23043-23043/? D/BSBatteryWidget: OrderedBroadcast onReceive: yotaphone.intent.action.GET_PREDICTION
01-24 19:21:05.419 23043-23043/? D/BSBatteryWidget: drawWidgets, requestPrediction: false
01-24 19:21:05.421 23043-23043/? D/BSBatteryWidget: sYotaEnergyEnabled: false
01-24 19:21:05.421 23043-23043/? D/BSBatteryWidget: sPrediction: 5184000
01-24 19:21:06.397 267-995/? D/audio_hw_primary: out_standby: enter: stream (0xb5a3d500) usecase(0: deep-buffer-playback)
01-24 19:21:06.595 267-995/? D/hardware_info: hw_info_append_hw_type : device_name = speaker
01-24 19:21:07.343 903-1958/? D/Ulp_jni: Location CB invoked
01-24 19:21:07.383 6034-10217/? W/bt-l2cap: L2CA_SetDesireRole() new:x0, disallow_switch:0
01-24 19:21:07.392 6034-10261/? W/bt-btif: invalid rfc slot id: 28
01-24 19:21:07.395 28780-29839/? W/security.utils.sensor.BlueToothHelper.ConnectedThread: Connection Close waiting for nel connection
01-24 19:21:07.398 903-919/? D/BluetoothManagerService: checkIfCallerIsForegroundUser: valid=true callingUser=0 foregroundUser=0
01-24 19:21:07.399 28780-29839/? W/BluetoothAdapter: getBluetoothService() called with no BluetoothManagerCallback
01-24 19:21:07.400 28780-29839/? V/security.utils.sensor.BlueToothHelper:  mBluetoothAdapter.listenUsingRfcommWithServiceRecord
01-24 19:21:07.400 28780-29839/? V/security.utils.sensor.BlueToothHelper:  AcceptThread->Start
01-24 19:21:07.406 28780-29992/? V/security.utils.sensor.BlueToothHelper.AcceptThread:  mState: 1 STATE_CONNECTED: 3
01-24 19:21:07.406 28780-29992/? V/security.utils.sensor.BlueToothHelper.AcceptThread:  AcceptThread->While
01-24 19:21:07.432 6034-10217/? W/bt-rfcomm: rfc_find_lcid_mcb LCID reused LCID:0x49 current:0x0
01-24 19:21:07.432 6034-10217/? W/bt-l2cap: L2CA_DisconnectRsp()  CID: 0x0049
01-24 19:21:07.432 6034-10217/? W/bt-l2cap: L2CAP - st: W4_L2CA_DISC_RSP evt: 28
01-24 19:21:07.432 6034-10217/? W/bt-rfcomm: RFCOMM_DisconnectInd LCID:0x49
01-24 19:21:07.461 1559-1559/? I/Timeline: Timeline: Activity_launch_request id:com.achep.acdisplay time:12911990
01-24 19:21:07.462 903-1687/? I/ActivityManager: START u0 {flg=0x10010000 cmp=com.achep.acdisplay/.ui.activities.AcDisplayActivity} from uid 10232 on display 0
01-24 19:21:07.471 903-903/? V/ActivityManager: Display changed displayId=0
01-24 19:21:07.501 903-1670/? W/InputMethodManagerService: Starting input on non-focused client com.android.internal.view.IInputMethodClient$Stub$Proxy@31df5f50 (uid=10246 pid=29524)
01-24 19:21:07.502 2127-2127/? W/IInputConnectionWrapper: showStatusIcon on inactive InputConnection
01-24 19:21:07.502 2127-2127/? W/IInputConnectionWrapper: getExtractedText on inactive InputConnection
01-24 19:21:07.507 2127-2127/? W/IInputConnectionWrapper: getTextBeforeCursor on inactive InputConnection
01-24 19:21:07.508 2127-2127/? W/IInputConnectionWrapper: getSelectedText on inactive InputConnection
01-24 19:21:07.511 1559-30005/? I/KeyguardService: New top activity is com.achep.acdisplay
01-24 19:21:07.512 2127-2127/? W/IInputConnectionWrapper: getTextAfterCursor on inactive InputConnection
01-24 19:21:07.515 1645-1645/? E/InputEventModelImpl: onStartInput event aborted: com.touchtype.keyboard.c.ae: could not obtain extracted text (class com.touchtype.keyboard.c.ae)
01-24 19:21:07.520 1304-1304/? D/PhoneStatusBar: disable: < expand ICONS* alerts SYSTEM_INFO* back home recent clock search >
01-24 19:21:07.566 1304-1304/? W/Settings: Setting airplane_mode_on has moved from android.provider.Settings.System to android.provider.Settings.Global, returning read-only value.
01-24 19:21:07.573 903-1608/? E/Tethering: checkDunRequired secureSetting = 1
01-24 19:21:07.588 1304-2243/? D/TelephonyManager: getDataEnabled: retVal=true
01-24 19:21:07.588 1304-2243/? W/Settings: Setting airplane_mode_on has moved from android.provider.Settings.System to android.provider.Settings.Global, returning read-only value.
01-24 19:21:07.588 1835-17305/? D/PhoneApp: getPhone phoneId:0
01-24 19:21:07.596 1559-1559/? I/art: Explicit concurrent mark sweep GC freed 84801(4MB) AllocSpace objects, 44(1310KB) LOS objects, 40% free, 18MB/30MB, paused 1.482ms total 77.242ms
01-24 19:21:07.680 1559-1559/? D/AcDisplayFragment: showing widget com.achep.acdisplay.ui.components.ClockWidget@45fcc82c
01-24 19:21:07.689 1916-1916/? D/BackScreenManager: improveAppInMirroring com.achep.acdisplay
01-24 19:21:07.710 1559-1559/? D/AcDisplayFragment: showing widget com.achep.acdisplay.ui.components.ClockWidget@45fcc5a0
01-24 19:21:07.710 1916-1916/? D/BackScreenManager: makeDefaultAppInMirroring com.achep.acdisplay
01-24 19:21:07.711 1916-1916/? D/HWComposerMediator: postCommand 0x10101010
01-24 19:21:07.737 1304-1304/? D/PhoneStatusBar: disable: < expand ICONS alerts SYSTEM_INFO back HOME* RECENT* clock search >
01-24 19:21:07.770 1304-1304/? D/AudioTrack: TrackOffload: AudioTrack Offload disabled by property, returning false
01-24 19:21:07.771 1304-1304/? W/AudioTrack: AUDIO_OUTPUT_FLAG_FAST denied by client
01-24 19:21:07.773 267-1227/? E/AudioPolicyManager: unknown stream type
01-24 19:21:07.773 267-1227/? E/AudioPolicyManager: unknown stream type
01-24 19:21:07.773 267-1227/? E/AudioPolicyManager: unknown stream type
01-24 19:21:07.773 267-1227/? E/AudioPolicyManager: unknown stream type
01-24 19:21:07.773 267-1227/? E/AudioPolicyManager: unknown stream type
01-24 19:21:07.773 267-1227/? E/AudioPolicyManager: unknown stream type
01-24 19:21:07.773 267-1227/? E/AudioPolicyManager: unknown stream type
01-24 19:21:07.773 267-1221/? D/audio_hw_primary: out_set_parameters: enter: usecase(1: low-latency-playback) kvpairs: routing=2
01-24 19:21:07.781 267-1227/? E/AudioPolicyManager: unknown stream type
01-24 19:21:07.784 1304-1304/? D/PhoneStatusBar: disable: < expand ICONS alerts SYSTEM_INFO back HOME RECENT clock search >
01-24 19:21:07.784 267-996/? D/audio_hw_primary: start_output_stream: enter: stream(0xb5a3d640)usecase(1: low-latency-playback) devices(0x2)
01-24 19:21:07.784 267-996/? D/msm8974_platform: platform_get_output_snd_device: enter: output devices(0x2)
01-24 19:21:07.784 267-996/? D/audio_hw_primary: select_devices: out_snd_device(2: speaker) in_snd_device(0: )
01-24 19:21:07.784 267-996/? D/hardware_info: hw_info_append_hw_type : device_name = speaker
01-24 19:21:07.784 267-996/? D/ACDB-LOADER: ACDB -> send_audio_cal, acdb_id = 14, path =  0
01-24 19:21:07.784 267-996/? D/ACDB-LOADER: ACDB -> send_adm_topology
01-24 19:21:07.784 267-996/? D/ACDB-LOADER: ACDB -> ACDB_CMD_GET_AUDPROC_COMMON_TOPOLOGY_ID
01-24 19:21:07.785 267-996/? D/ACDB-LOADER: ACDB -> send_asm_topology
01-24 19:21:07.785 267-996/? D/ACDB-LOADER: ACDB -> ACDB_CMD_GET_AUDPROC_STREAM_TOPOLOGY_ID
01-24 19:21:07.785 267-996/? D/ACDB-LOADER: ACDB -> send_audtable
01-24 19:21:07.785 267-996/? D/ACDB-LOADER: ACDB -> ACDB_CMD_GET_AUDPROC_COMMON_TABLE
01-24 19:21:07.785 267-996/? D/ACDB-LOADER: ACDB -> AUDIO_SET_AUDPROC_CAL
01-24 19:21:07.785 267-996/? D/ACDB-LOADER: ACDB -> send_audvoltable
01-24 19:21:07.785 267-996/? D/ACDB-LOADER: ACDB -> ACDB_CMD_GET_AUDPROC_GAIN_DEP_STEP_TABLE
01-24 19:21:07.785 267-996/? D/ACDB-LOADER: ACDB -> AUDIO_SET_AUDPROC_VOL_CAL
01-24 19:21:07.785 267-996/? D/ACDB-LOADER: ACDB -> send_afe_cal
01-24 19:21:07.785 267-996/? D/ACDB-LOADER: ACDB -> ACDB_CMD_GET_AFE_COMMON_TABLE
01-24 19:21:07.785 267-996/? D/ACDB-LOADER: ACDB -> AUDIO_SET_AFE_CAL
01-24 19:21:07.797 1304-1304/? D/AudioTrack: TrackOffload: AudioTrack Offload disabled by property, returning false
01-24 19:21:07.797 1304-1304/? W/AudioTrack: AUDIO_OUTPUT_FLAG_FAST denied by client
01-24 19:21:07.802 1304-1304/? D/PhoneStatusBar: disable: < expand ICONS alerts SYSTEM_INFO back HOME RECENT clock search >
01-24 19:21:07.802 1559-1559/? I/Timeline: Timeline: Activity_idle id: android.os.BinderProxy@a0efd83 time:12912331
01-24 19:21:07.807 267-996/? D/audio_hw_primary: select_devices: done
01-24 19:21:07.807 1775-3700/? D/NfcService: applyRouting
01-24 19:21:07.808 1775-3700/? D/NfcService: computeEmulationParameters
01-24 19:21:07.808 1775-3700/? D/NFC_LIST: Allocated node: 0xafd24050 (0xa36ed854)
01-24 19:21:07.808 1775-1988/? D/NFC-HCI: > SEND: 07 81 83 01 05 01 01 57
01-24 19:21:07.821 1775-1976/? D/NFC-HCI: > RECV: 05
01-24 19:21:07.821 1775-1976/? D/NFC-HCI: > RECV: 89 83 80 D7 20
01-24 19:21:07.821 1775-1988/? D/NFCJNI: Callback: nfc_jni_ioctl_callback() - status=0x0000[NFCSTATUS_SUCCESS]
01-24 19:21:07.821 1775-3700/? D/NFC_LIST: Deallocating node: 0xafd24050 (0xa36ed854)
01-24 19:21:07.821 1775-3700/? D/NfcService: SCREEN_STATE_ON_UNLOCKED
01-24 19:21:07.821 1775-3700/? D/NfcService: configure EE routing
01-24 19:21:07.821 1775-3700/? D/NfcService: configure HCE routing
01-24 19:21:07.821 1775-3700/? D/NfcService: NFC-HCE ON
01-24 19:21:07.821 1775-3700/? D/NFCJNI: com_android_nfc_NfcManager_enableRoutingToHost
01-24 19:21:07.821 1775-3700/? D/NFC_LIST: Allocated node: 0xafd24050 (0xa36ed874)
01-24 19:21:07.821 1775-3700/? D/NFCJNI: ####UiccSupportedTech TypeB + false
01-24 19:21:07.821 1775-3700/? D/NFCJNI: ####UiccSupportedTech TypeA + false
01-24 19:21:07.822 1775-3700/? D/NFCJNI: phLibNfc_Mgt_SetCE_ConfigParams() returned 0x000d[NFCSTATUS_PENDING]
01-24 19:21:07.822 1775-1988/? D/NFC-HCI: > SEND: 07 8A 8C 01 03 20 4F C6
01-24 19:21:07.824 1775-1976/? D/NFC-HCI: > RECV: 05
01-24 19:21:07.825 1775-1976/? D/NFC-HCI: > RECV: 92 8C 80 2C 0F
01-24 19:21:07.825 1775-1988/? D/NFC-HCI: > SEND: 08 93 8C 01 04 44 03 D1 88
01-24 19:21:07.828 1775-1976/? D/NFC-HCI: > RECV: 05
01-24 19:21:07.829 1775-1976/? D/NFC-HCI: > RECV: 9B 8C 80 32 93
01-24 19:21:07.829 1775-1988/? D/NFC-HCI: > SEND: 06 9C 8C 01 05 2E 6A
01-24 19:21:07.831 1775-1976/? D/NFC-HCI: > RECV: 05
01-24 19:21:07.832 1775-1976/? D/NFC-HCI: > RECV: A4 8C 80 5B 5F
01-24 19:21:07.832 1775-1988/? D/NFC-HCI: > SEND: 07 A5 8C 01 06 88 D8 9B
01-24 19:21:07.835 1775-1976/? D/NFC-HCI: > RECV: 05
01-24 19:21:07.835 1775-1976/? D/NFC-HCI: > RECV: AD 8C 80 45 C3
01-24 19:21:07.836 1775-1988/? D/NFC-HCI: > SEND: 07 AE 8C 01 01 02 6E BA
01-24 19:21:07.837 903-930/? I/ActivityManager: Displayed com.achep.acdisplay/.ui.activities.AcDisplayActivity: +337ms (total +370ms)
01-24 19:21:07.837 903-930/? I/Timeline: Timeline: Activity_windows_visible id: ActivityRecord{22d1c14d u0 com.achep.acdisplay/.ui.activities.AcDisplayActivity t7658} time:12912366
01-24 19:21:07.842 5305-5368/? D/agoo.NewMessagePush: [onHandlerHisMessage] onHandlerHisMessage()
01-24 19:21:07.842 1775-1976/? D/NFC-HCI: > RECV: 03
01-24 19:21:07.843 1775-1976/? D/NFC-HCI: > RECV: C6 15 86
01-24 19:21:07.845 1775-1976/? D/NFC-HCI: > RECV: 05
01-24 19:21:07.845 1775-1976/? D/NFC-HCI: > RECV: B6 8C 80 76 6F
01-24 19:21:07.845 1775-1988/? D/NFCJNI: Callback: nfc_jni_hce_connection_callback() - status=0x0000[NFCSTATUS_SUCCESS]
01-24 19:21:07.845 1775-3700/? D/NFCJNI: phLibNfc_Mgt_SetCE_ConfigParams() returned 0x000d[NFCSTATUS_PENDING]
01-24 19:21:07.845 1775-1988/? D/NFC-HCI: > SEND: 07 B7 8D 01 03 00 53 53
01-24 19:21:07.845 1304-1304/? D/AudioTrack: TrackOffload: AudioTrack Offload disabled by property, returning false
01-24 19:21:07.848 5305-5368/? D/NO: type is: 1
01-24 19:21:07.848 5305-5368/? D/NO: type is: 3
01-24 19:21:07.848 1775-1976/? D/NFC-HCI: > RECV: 05
01-24 19:21:07.849 1775-1976/? D/NFC-HCI: > RECV: BF 8D 80 B0 EA
01-24 19:21:07.849 1775-1988/? D/NFC-HCI: > SEND: 0A B8 8D 01 04 00 00 00 E4 42 7E
01-24 19:21:07.851 1304-1304/? W/AudioTrack: AUDIO_OUTPUT_FLAG_FAST denied by client
01-24 19:21:07.851 1775-1976/? D/NFC-HCI: > RECV: 05
01-24 19:21:07.852 1775-1976/? D/NFC-HCI: > RECV: 80 8D 80 D9 26
01-24 19:21:07.852 1775-1988/? D/NFC-HCI: > SEND: 0A 81 8D 01 05 01 02 03 04 E8 50
01-24 19:21:07.852 5305-5368/? I/agoo.ChannelManager: [hisMessage]|[seq:hisMessage url [/h/21371601/113/ArPOw6TGH6I5cLgM3PEWewtOEwpN7i16zQK2fNUEnouO?s=MDUwNDMwMDA2N3VGSmxpNGtMR1RmUjdhSFVXeHpkVTlRbVFuYz0=&sv=20140815&ov=5.0&pm=WUQyMDE=]] ChannelManager
01-24 19:21:07.852 5305-5368/? D/agoo.SpdyChannel: [send] send[baseUrl:http://140.205.203.81:80/h/21371601/113/ArPOw6TGH6I5cLgM3PEWewtOEwpN7i16zQK2fNUEnouO?s=MDUwNDMwMDA2N3VGSmxpNGtMR1RmUjdhSFVXeHpkVTlRbVFuYz0=&sv=20140815&ov=5.0&pm=WUQyMDE=]
01-24 19:21:07.854 1775-1976/? D/NFC-HCI: > RECV: 05
01-24 19:21:07.854 5305-5368/? D/agoo.NewMessagePush: [onHandlerScreenOnOrUserPresent] onHandlerScreenOnOrUserPresent-->[send heart]
01-24 19:21:07.854 2554-2554/? V/UserPresentBroadcastReceiver: Received Intent { act=android.intent.action.USER_PRESENT flg=0x24000010 cmp=com.google.android.gms/.auth.trustagent.UserPresentBroadcastReceiver }.
01-24 19:21:07.854 1775-1976/? D/NFC-HCI: > RECV: 89 8D 80 C7 BA
01-24 19:21:07.855 1775-1988/? D/NFC-HCI: > SEND: 07 8A 8D 01 01 02 54 EB
01-24 19:21:07.857 1304-1304/? D/PhoneStatusBar: disable: < expand ICONS alerts SYSTEM_INFO back HOME RECENT clock search >
01-24 19:21:07.860 5305-5368/? D/agoo.NewMessagePush: [onHandlerHisMessage] onHandlerHisMessage()
01-24 19:21:07.861 1775-1976/? D/NFC-HCI: > RECV: 03
01-24 19:21:07.865 1304-1304/? D/AudioTrack: TrackOffload: AudioTrack Offload disabled by property, returning false
01-24 19:21:07.865 1775-1976/? D/NFC-HCI: > RECV: C2 31 C0
01-24 19:21:07.865 1775-1976/? D/NFC-HCI: > RECV: 05
01-24 19:21:07.865 1775-1976/? D/NFC-HCI: > RECV: 92 8D 80 F4 16
01-24 19:21:07.866 1775-1988/? D/NFCJNI: Callback: nfc_jni_hce_connection_callback() - status=0x0000[NFCSTATUS_SUCCESS]
01-24 19:21:07.866 1775-3700/? D/NFC_LIST: Deallocating node: 0xafd24050 (0xa36ed874)
01-24 19:21:07.866 1775-3700/? D/NfcService: configure routing table false
01-24 19:21:07.866 1775-3700/? D/NfcService: computeDiscoveryParameters
01-24 19:21:07.866 1775-3700/? D/NfcService: NFC-C ON
01-24 19:21:07.866 1775-3700/? D/NFCJNI: phLibNfc_RemoteDev_NtfRegister(J-UL-Mi-F-4A-4B-P2P-R) returned 0x0
01-24 19:21:07.866 1775-3700/? D/NFC_LIST: Allocated node: 0xafd24050 (0xa36ed83c)
01-24 19:21:07.866 1775-3700/? D/NFCJNI: ******  Start NFC Discovery ******
01-24 19:21:07.866 1775-1988/? D/NFC-HCI: > SEND: 08 93 84 01 07 18 6A 05 B9
01-24 19:21:07.867 1304-1304/? W/AudioTrack: AUDIO_OUTPUT_FLAG_FAST denied by client
01-24 19:21:07.869 1775-1976/? D/NFC-HCI: > RECV: 05
01-24 19:21:07.870 1775-1976/? D/NFC-HCI: > RECV: 9B 84 80 F2 5D
01-24 19:21:07.870 1775-1988/? D/NFC-HCI: > SEND: 07 9C 8B 01 01 0E 7A E5
01-24 19:21:07.866 1775-3700/? D/NFCJNI: phLibNfc_Mgt_ConfigureDiscovery(3A-3B-F2-F4-NFC-RFID, CE-f-493e0) returned 0x0000000d
01-24 19:21:07.871 5305-5368/? D/NO: type is: 1
01-24 19:21:07.871 5305-5368/? D/NO: type is: 3
01-24 19:21:07.872 1775-1976/? D/NFC-HCI: > RECV: 05
01-24 19:21:07.872 1775-1976/? D/NFC-HCI: > RECV: A4 8B 80 53 12
01-24 19:21:07.872 1775-1988/? D/NFC-HCI: > SEND: 07 A5 8A 01 01 0F FD 6D
01-24 19:21:07.873 1304-1304/? D/PhoneStatusBar: disable: < expand ICONS alerts SYSTEM_INFO back HOME RECENT clock search >
01-24 19:21:07.876 1775-1976/? D/NFC-HCI: > RECV: 05
01-24 19:21:07.876 1775-1976/? D/NFC-HCI: > RECV: AD 8A 80 95 97
01-24 19:21:07.877 1775-1988/? D/NFC-HCI: > SEND: 07 AE 84 01 09 00 64 B2
01-24 19:21:07.879 1775-1976/? D/NFC-HCI: > RECV: 05
01-24 19:21:07.880 1775-1976/? D/NFC-HCI: > RECV: B6 84 80 B6 A1
01-24 19:21:07.880 1775-1988/? D/NFC-HCI: > SEND: 07 B7 84 01 06 3F FC 1D
01-24 19:21:07.882 1775-1976/? D/NFC-HCI: > RECV: 05
01-24 19:21:07.883 1775-1976/? D/NFC-HCI: > RECV: BF 84 80 A8 3D
01-24 19:21:07.883 1775-1988/? D/NFC-HCI: > SEND: 05 B8 85 50 F8 7E
01-24 19:21:07.884 1775-1988/? D/NFCJNI: Callback: nfc_jni_discover_callback() - status=0x0000[NFCSTATUS_SUCCESS]
01-24 19:21:07.884 1775-3700/? D/NFC_LIST: Deallocating node: 0xafd24050 (0xa36ed83c)
01-24 19:21:07.885 1304-1304/? D/PhoneStatusBar: disable: < expand icons* alerts system_info* back HOME RECENT clock search >
01-24 19:21:07.887 5305-5368/? I/agoo.ChannelManager: [hisMessage]|[seq:hisMessage url [/h/21371601/113/ArPOw6TGH6I5cLgM3PEWewtOEwpN7i16zQK2fNUEnouO?s=MDUwNDMwMDA2N3VGSmxpNGtMR1RmUjdhSFVXeHpkVTlRbVFuYz0=&sv=20140815&ov=5.0&pm=WUQyMDE=]] ChannelManager
01-24 19:21:07.888 5305-5368/? D/agoo.SpdyChannel: [send] send[baseUrl:http://140.205.203.81:80/h/21371601/113/ArPOw6TGH6I5cLgM3PEWewtOEwpN7i16zQK2fNUEnouO?s=MDUwNDMwMDA2N3VGSmxpNGtMR1RmUjdhSFVXeHpkVTlRbVFuYz0=&sv=20140815&ov=5.0&pm=WUQyMDE=]
01-24 19:21:07.889 5305-5368/? D/agoo.NewMessagePush: [onHandlerScreenOnOrUserPresent] onHandlerScreenOnOrUserPresent-->[send heart]
01-24 19:21:07.890 1775-1976/? D/NFC-HCI: > RECV: 03
01-24 19:21:07.890 1775-1976/? D/NFC-HCI: > RECV: C0 23 E3
01-24 19:21:07.893 1775-3700/? D/NfcService: applyRouting
01-24 19:21:07.893 1775-3700/? D/NfcService: computeEmulationParameters
01-24 19:21:07.893 1775-3700/? D/NFC_LIST: Allocated node: 0xafd24050 (0xa36ed854)
01-24 19:21:07.893 1775-1988/? D/NFC-HCI: > SEND: 07 80 83 01 05 00 CC 4D
01-24 19:21:07.895 1775-1976/? D/NFC-HCI: > RECV: 05
01-24 19:21:07.895 1775-1976/? D/NFC-HCI: > RECV: 81 83 80 15 E6
01-24 19:21:07.895 1775-1988/? D/NFCJNI: Callback: nfc_jni_ioctl_callback() - status=0x0000[NFCSTATUS_SUCCESS]
01-24 19:21:07.897 3070-3070/? I/PushServiceReceiver: start PushSerevice for ACTION_BOOT_COMPLETED or CONNECTIVITY_ACTION
01-24 19:21:07.900 1775-3700/? D/NFC_LIST: Deallocating node: 0xafd24050 (0xa36ed854)
01-24 19:21:07.900 1775-3700/? D/NfcService: SCREEN_STATE_OFF
01-24 19:21:07.900 1775-3700/? D/NfcService: configure EE routing
01-24 19:21:07.900 1775-3700/? D/NfcService: configure HCE routing
01-24 19:21:07.900 1775-3700/? D/NfcService: NFC-HCE OFF
01-24 19:21:07.900 1775-3700/? D/NFCJNI: com_android_nfc_NfcManager_disableRoutingToHost
01-24 19:21:07.900 1775-3700/? D/NFC_LIST: Allocated node: 0xafd24050 (0xa36ed884)
01-24 19:21:07.900 1775-1988/? D/NFC-HCI: > SEND: 07 89 8C 01 01 FF 49 C6
01-24 19:21:07.902 1775-3700/? D/NFCJNI: phLibNfc_Mgt_SetCE_ConfigParams() returned 0x000d[NFCSTATUS_PENDING]
01-24 19:21:07.907 5305-5368/? D/agoo.NewMessagePush: [onHandlerHisMessage] onHandlerHisMessage()
01-24 19:21:07.908 1775-1976/? D/NFC-HCI: > RECV: 03
01-24 19:21:07.908 1775-1976/? D/NFC-HCI: > RECV: C2 31 C0
01-24 19:21:07.908 5305-5368/? D/NO: type is: 1
01-24 19:21:07.908 5305-5368/? D/NO: type is: 3
01-24 19:21:07.908 23197-23197/? V/com.parse.ParseBroadcastReceiver: received android.intent.action.USER_PRESENT
01-24 19:21:07.910 1775-1976/? D/NFC-HCI: > RECV: 05
01-24 19:21:07.910 1775-1976/? D/NFC-HCI: > RECV: 8A 8C 80 7B 4C
01-24 19:21:07.911 1775-1988/? D/NFCJNI: Callback: nfc_jni_hce_connection_callback() - status=0x0000[NFCSTATUS_SUCCESS]
01-24 19:21:07.912 5305-5368/? I/agoo.ChannelManager: [hisMessage]|[seq:hisMessage url [/h/21371601/113/ArPOw6TGH6I5cLgM3PEWewtOEwpN7i16zQK2fNUEnouO?s=MDUwNDMwMDA2N3VGSmxpNGtMR1RmUjdhSFVXeHpkVTlRbVFuYz0=&sv=20140815&ov=5.0&pm=WUQyMDE=]] ChannelManager
01-24 19:21:07.912 5305-5368/? D/agoo.SpdyChannel: [send] send[baseUrl:http://140.205.203.81:80/h/21371601/113/ArPOw6TGH6I5cLgM3PEWewtOEwpN7i16zQK2fNUEnouO?s=MDUwNDMwMDA2N3VGSmxpNGtMR1RmUjdhSFVXeHpkVTlRbVFuYz0=&sv=20140815&ov=5.0&pm=WUQyMDE=]
01-24 19:21:07.915 5305-5368/? D/agoo.NewMessagePush: [onHandlerScreenOnOrUserPresent] onHandlerScreenOnOrUserPresent-->[send heart]
01-24 19:21:07.913 903-1687/? W/BroadcastQueue: Permission Denial: broadcasting Intent { act=android.intent.action.USER_PRESENT flg=0x24000010 } from com.android.systemui (pid=1304, uid=10012) requires com.tul.aviate.permission.AVIATE_RECEIVE due to receiver com.tul.aviate/com.tul.aviator.cards.quickactions.DoNotDisturbQuickActionProvider
01-24 19:21:07.921 5305-5368/? D/agoo.NewMessagePush: [onHandlerHisMessage] onHandlerHisMessage()
01-24 19:21:07.929 5305-5368/? D/NO: type is: 1
01-24 19:21:07.930 5305-5368/? D/NO: type is: 3
01-24 19:21:07.932 5305-5368/? I/agoo.ChannelManager: [hisMessage]|[seq:hisMessage url [/h/21371601/113/ArPOw6TGH6I5cLgM3PEWewtOEwpN7i16zQK2fNUEnouO?s=MDUwNDMwMDA2N3VGSmxpNGtMR1RmUjdhSFVXeHpkVTlRbVFuYz0=&sv=20140815&ov=5.0&pm=WUQyMDE=]] ChannelManager
01-24 19:21:07.932 5305-5368/? D/agoo.SpdyChannel: [send] send[baseUrl:http://140.205.203.81:80/h/21371601/113/ArPOw6TGH6I5cLgM3PEWewtOEwpN7i16zQK2fNUEnouO?s=MDUwNDMwMDA2N3VGSmxpNGtMR1RmUjdhSFVXeHpkVTlRbVFuYz0=&sv=20140815&ov=5.0&pm=WUQyMDE=]
01-24 19:21:07.933 5305-5368/? D/agoo.NewMessagePush: [onHandlerScreenOnOrUserPresent] onHandlerScreenOnOrUserPresent-->[send heart]
01-24 19:21:07.941 1775-1988/? D/NFC-HCI: > SEND: 07 92 8D 01 01 FF 5E 29
01-24 19:21:07.946 1775-3700/? D/NFCJNI: phLibNfc_Mgt_SetCE_ConfigParams() returned 0x000d[NFCSTATUS_PENDING]
01-24 19:21:07.947 1304-1304/? D/PhoneStatusBar: disable: < expand icons alerts system_info back home* recent* clock search >
01-24 19:21:07.948 1775-1976/? D/NFC-HCI: > RECV: 03
01-24 19:21:07.948 1775-1976/? D/NFC-HCI: > RECV: C3 B8 D1
01-24 19:21:07.950 1775-1976/? D/NFC-HCI: > RECV: 05
01-24 19:21:07.951 1775-1976/? D/NFC-HCI: > RECV: 93 8D 80 28 4C
01-24 19:21:07.951 1775-1988/? D/NFCJNI: Callback: nfc_jni_hce_connection_callback() - status=0x0000[NFCSTATUS_SUCCESS]
01-24 19:21:07.951 1775-3700/? D/NFC_LIST: Deallocating node: 0xafd24050 (0xa36ed884)
01-24 19:21:07.951 1775-3700/? D/NfcService: configure routing table false
01-24 19:21:07.951 1775-3700/? D/NfcService: computeDiscoveryParameters
01-24 19:21:07.951 1775-3700/? D/NfcService: NFC-C OFF
01-24 19:21:07.952 1775-3700/? D/NFC_LIST: Allocated node: 0xafd24050 (0xa36ed8cc)
01-24 19:21:07.952 1775-3700/? D/NFCJNI: ******  Stop NFC Discovery ******
01-24 19:21:07.952 1775-1988/? D/NFC-HCI: > SEND: 08 9B 84 01 07 18 6A 5D 98
01-24 19:21:07.952 1775-3700/? D/NFCJNI: phLibNfc_Mgt_ConfigureDiscovery(-----, CE-0-493e0) returned 0x0000000d
01-24 19:21:07.954 1775-1976/? D/NFC-HCI: > RECV: 05
01-24 19:21:07.955 1775-1976/? D/NFC-HCI: > RECV: 9C 84 80 F7 D1
01-24 19:21:07.955 1775-1988/? D/NFC-HCI: > SEND: 07 A4 84 01 09 01 45 EF
01-24 19:21:07.957 1775-1976/? D/NFC-HCI: > RECV: 05
01-24 19:21:07.960 1775-1976/? D/NFC-HCI: > RECV: A5 84 80 47 CB
01-24 19:21:07.960 1775-1988/? D/NFC-HCI: > SEND: 07 AD 84 01 06 00 60 2C
01-24 19:21:07.960 2554-2554/? V/UserPresentBroadcastReceiver: Received Intent { act=android.intent.action.USER_PRESENT flg=0x24000010 cmp=com.google.android.gms/.auth.trustagent.UserPresentBroadcastReceiver }.
01-24 19:21:07.963 1775-1976/? D/NFC-HCI: > RECV: 05
01-24 19:21:07.964 1775-1976/? D/NFC-HCI: > RECV: AE 84 80 E1 E2
01-24 19:21:07.964 1775-1988/? D/NFC-HCI: > SEND: 05 B6 85 51 6A 7F
01-24 19:21:07.966 1775-1988/? D/NFCJNI: Callback: nfc_jni_discover_callback() - status=0x0000[NFCSTATUS_SUCCESS]
01-24 19:21:07.966 1775-3700/? D/NFC_LIST: Deallocating node: 0xafd24050 (0xa36ed8cc)
01-24 19:21:07.971 1775-1976/? D/NFC-HCI: > RECV: 03
01-24 19:21:07.971 1775-1976/? D/NFC-HCI: > RECV: C7 9C 97
01-24 19:21:07.975 1775-3700/? D/NfcService: applyRouting
01-24 19:21:07.976 1775-3700/? D/NfcService: computeEmulationParameters
01-24 19:21:07.976 1775-3700/? D/NfcService: SCREEN_STATE_OFF
01-24 19:21:07.976 1775-3700/? D/NfcService: configure EE routing
01-24 19:21:07.976 1775-3700/? D/NfcService: configure HCE routing
01-24 19:21:07.976 2554-2554/? D/GCM: Heartbeat request when already waiting for ack
01-24 19:21:07.976 1775-3700/? D/NfcService: configure routing table false
01-24 19:21:07.976 1775-3700/? D/NfcService: computeDiscoveryParameters
01-24 19:21:07.976 1775-3700/? D/NfcService: Discovery configuration equal, not updating.
01-24 19:21:07.982 3070-3070/? I/PushServiceReceiver: start PushSerevice for ACTION_BOOT_COMPLETED or CONNECTIVITY_ACTION
01-24 19:21:07.983 1775-3688/? D/NfcService: applyRouting
01-24 19:21:07.983 1775-3688/? D/NfcService: computeEmulationParameters
01-24 19:21:07.983 1775-3688/? D/NfcService: SCREEN_STATE_OFF
01-24 19:21:07.983 1775-3688/? D/NfcService: configure EE routing
01-24 19:21:07.983 1775-3688/? D/NfcService: configure HCE routing
01-24 19:21:07.983 1775-3688/? D/NfcService: configure routing table false
01-24 19:21:07.983 1775-3688/? D/NfcService: computeDiscoveryParameters
01-24 19:21:07.983 1775-3688/? D/NfcService: Discovery configuration equal, not updating.
01-24 19:21:07.987 23197-23197/? V/com.parse.ParseBroadcastReceiver: received android.intent.action.USER_PRESENT
01-24 19:21:07.990 903-1708/? W/BroadcastQueue: Permission Denial: broadcasting Intent { act=android.intent.action.USER_PRESENT flg=0x24000010 } from com.android.systemui (pid=1304, uid=10012) requires com.tul.aviate.permission.AVIATE_RECEIVE due to receiver com.tul.aviate/com.tul.aviator.cards.quickactions.DoNotDisturbQuickActionProvider
01-24 19:21:08.011 1916-2097/? D/HWComposerMediator: 8 bytes sent to hwcomposer
01-24 19:21:08.011 238-524/? D/qdepd: cmd[0]=10101010
01-24 19:21:08.011 238-524/? D/qdepd: Command CMD_RESET_DEFAULTS
01-24 19:21:08.114 1775-1988/? D/NFC-HCI: > SEND: 03 C6 15 86
01-24 19:21:08.134 267-994/? E/AudioPolicyManager: unknown stream type
01-24 19:21:08.135 267-994/? E/AudioPolicyManager: unknown stream type
01-24 19:21:08.135 267-994/? E/AudioPolicyManager: unknown stream type
01-24 19:21:08.135 267-994/? E/AudioPolicyManager: unknown stream type
01-24 19:21:08.135 267-994/? E/AudioPolicyManager: unknown stream type
01-24 19:21:08.135 267-994/? E/AudioPolicyManager: unknown stream type
01-24 19:21:08.135 267-994/? E/AudioPolicyManager: unknown stream type
01-24 19:21:08.135 267-994/? E/AudioPolicyManager: unknown stream type
01-24 19:21:08.135 267-994/? E/AudioPolicyManager: unknown stream type
01-24 19:21:08.135 267-994/? E/AudioPolicyManager: unknown stream type
01-24 19:21:08.135 267-994/? E/AudioPolicyManager: unknown stream type
01-24 19:21:08.135 267-994/? E/AudioPolicyManager: unknown stream type
01-24 19:21:08.135 267-994/? E/AudioPolicyManager: unknown stream type
01-24 19:21:08.589 30038-30038/? E/adsprpc: vendor/qcom/proprietary/adsprpc/src/fastrpc_apps_user.c:126:/dev/adsprpc-smd device initialization error: Permission denied
01-24 19:21:08.589 30038-30038/? E/adsprpc: vendor/qcom/proprietary/adsprpc/src/fastrpc_apps_user.c:179::error: -1: dev != -1
01-24 19:21:08.589 30038-30038/? E/adsprpc: vendor/qcom/proprietary/adsprpc/src/fastrpc_apps_user.c:224::error: -1: 0 == (nErr = remotectl_open(name, (int*)ph, dlerrstr, sizeof(dlerrstr), &dlerr))
01-24 19:21:08.589 30038-30038/? E/adsprpc: vendor/qcom/proprietary/adsprpc/src/fastrpc_apps_user.c:126:/dev/adsprpc-smd device initialization error: Permission denied
01-24 19:21:08.589 30038-30038/? E/adsprpc: vendor/qcom/proprietary/adsprpc/src/fastrpc_apps_user.c:179::error: -1: dev != -1
01-24 19:21:08.589 30038-30038/? E/adsprpc: vendor/qcom/proprietary/adsprpc/src/adsprpcd.c:23::error: -1: 0 == adsp_default_listener_register()
01-24 19:21:08.589 30038-30038/? E/adsprpc: vendor/qcom/proprietary/adsprpc/src/adsprpcd.c:36:adsprpcd exiting nErr=-1
01-24 19:21:09.028 5305-9164/? D/agoo.SpdyChannel$2: [spdyPingRecvCallback] spdyPingRecvCallback[87]
01-24 19:21:09.028 5305-9164/? D/agoo.NewMessagePush$1: [onPing] heart-->[screen_on_connect_1754][client_receive]




01-24 19:21:09.551 5305-9164/? D/agoo.SpdyChannel: [spdyOnStreamResponse] spdyOnStreamResponse PATH[http://140.205.203.81:80/h/21371601/113/ArPOw6TGH6I5cLgM3PEWewtOEwpN7i16zQK2fNUEnouO?s=MDUwNDMwMDA2N3VGSmxpNGtMR1RmUjdhSFVXeHpkVTlRbVFuYz0=&sv=20140815&ov=5.0&pm=WUQyMDE=_0][200]
01-24 19:21:09.555 5305-9164/? D/agoo.SpdyChannel: [spdyDataChunkRecvCB] spdyDataChunkRecvCB,data=org.android.spdy.SpdyByteArray@267ca51
01-24 19:21:09.560 5305-9164/? D/agoo.SpdyChannel$2: [spdyPingRecvCallback] spdyPingRecvCallback[89]
01-24 19:21:09.561 5305-9164/? D/agoo.NewMessagePush$1: [onPing] heart-->[screen_on_connect_1754][client_receive]
01-24 19:21:09.564 5305-9164/? D/agoo.SpdyChannel: [spdyOnStreamResponse] spdyOnStreamResponse PATH[http://140.205.203.81:80/h/21371601/113/ArPOw6TGH6I5cLgM3PEWewtOEwpN7i16zQK2fNUEnouO?s=MDUwNDMwMDA2N3VGSmxpNGtMR1RmUjdhSFVXeHpkVTlRbVFuYz0=&sv=20140815&ov=5.0&pm=WUQyMDE=_0][200]
01-24 19:21:09.569 5305-9164/? D/agoo.SpdyChannel: [spdyDataChunkRecvCB] spdyDataChunkRecvCB,data=org.android.spdy.SpdyByteArray@317c02b6
01-24 19:21:09.573 5305-9164/? D/agoo.SpdyChannel$2: [spdyPingRecvCallback] spdyPingRecvCallback[91]
01-24 19:21:09.574 5305-9164/? D/agoo.NewMessagePush$1: [onPing] heart-->[screen_on_connect_1754][client_receive]
01-24 19:21:09.576 5305-9164/? D/agoo.SpdyChannel$2: [spdyPingRecvCallback] spdyPingRecvCallback[93]
01-24 19:21:09.577 5305-9164/? D/agoo.NewMessagePush$1: [onPing] heart-->[screen_on_connect_1754][client_receive]
01-24 19:21:09.580 5305-9164/? D/agoo.SpdyChannel: [spdyOnStreamResponse] spdyOnStreamResponse PATH[http://140.205.203.81:80/h/21371601/113/ArPOw6TGH6I5cLgM3PEWewtOEwpN7i16zQK2fNUEnouO?s=MDUwNDMwMDA2N3VGSmxpNGtMR1RmUjdhSFVXeHpkVTlRbVFuYz0=&sv=20140815&ov=5.0&pm=WUQyMDE=_0][200]
01-24 19:21:09.585 5305-9164/? D/agoo.SpdyChannel: [spdyDataChunkRecvCB] spdyDataChunkRecvCB,data=org.android.spdy.SpdyByteArray@2964cbb7
01-24 19:21:09.590 5305-9164/? D/agoo.SpdyChannel: [spdyOnStreamResponse] spdyOnStreamResponse PATH[http://140.205.203.81:80/h/21371601/113/ArPOw6TGH6I5cLgM3PEWewtOEwpN7i16zQK2fNUEnouO?s=MDUwNDMwMDA2N3VGSmxpNGtMR1RmUjdhSFVXeHpkVTlRbVFuYz0=&sv=20140815&ov=5.0&pm=WUQyMDE=_0][200]
01-24 19:21:09.594 5305-9164/? D/agoo.SpdyChannel: [spdyDataChunkRecvCB] spdyDataChunkRecvCB,data=org.android.spdy.SpdyByteArray@1c86af24





01-29 07:35:04.220 158-170/? I/PackageManager: Unpacking native libraries for /data/app/security.car.alarm-2.apk
01-29 07:35:52.330 158-337/? I/ActivityManager: Start proc security.car.alarm for broadcast security.car.alarm/security.utils.BootCompletedIntentReceiver: pid=596 uid=10046 gids={3003, 3002, 3001}
01-29 07:35:53.210 158-164/? I/ActivityManager: Start proc security.car.alarm:guard for service security.car.alarm/security.service.CarAlarmGuard: pid=605 uid=10046 gids={3003, 3002, 3001}
01-29 07:35:54.590 605-624/? V/security.service.CarAlarmGuard.StartAlarm: start on Boot is: true
01-29 07:35:54.600 605-623/? V/security.service.CarAlarmGuard.StartAlarm: start on Boot is: true
01-29 07:35:54.720 605-624/? V/security.service.CarAlarmGuard: Start Bluetooth service
01-29 07:35:54.720 605-623/? V/security.service.CarAlarmGuard: Start Bluetooth service
01-29 07:35:54.740 605-624/? V/security.utils.sensor.BlueToothHelper: Socket created!
01-29 07:35:54.740 605-623/? V/security.utils.sensor.BlueToothHelper: Socket created!
01-29 07:35:54.740 605-624/? V/security.service.CarAlarmGuard: mBluetoothHelper.isBluetoothAvail(): true mBluetoothHelper.mState: 0
01-29 07:35:54.740 605-623/? V/security.service.CarAlarmGuard: mBluetoothHelper.isBluetoothAvail(): true mBluetoothHelper.mState: 0
01-29 07:35:55.200 605-624/? V/security.utils.sensor.BlueToothHelper:  mBluetoothAdapter.listenUsingRfcommWithServiceRecord
01-29 07:35:55.200 605-624/? V/security.utils.sensor.BlueToothHelper:  AcceptThread->Start
01-29 07:35:55.290 605-635/? E/security.utils.sensor.BlueToothHelper.AcceptThread: AcceptThread Error IO connection!
01-29 07:35:55.300 605-623/? V/security.utils.sensor.BlueToothHelper:  AcceptThread->Start
01-29 07:35:55.310 605-635/? W/System.err:     at security.utils.sensor.BlueToothHelper$AcceptThread.run(BlueToothHelper.java:245)
01-29 07:35:57.160 158-320/? I/ActivityManager: Process security.car.alarm (pid 596) has died.
01-29 07:36:09.990 158-173/? E/ActivityManager: Start proc com.android.settings for broadcast com.android.settings/.widget.SettingsAppWidgetProvider: pid=650 uid=1000 gids={3002, 3001, 3003}Load: 9.2 / 2.84 / 0.99
                                                CPU usage from 2643ms to -3506ms ago:
                                                  66% 605/security.car.alarm:guard: 66% user + 0% kernel / faults: 5 minor
                                                  21% 158/system_server: 15% user + 6.1% kernel / faults: 752 minor 30 major
                                                  0.4% 243/com.android.phone: 0% user + 0.3% kernel / faults: 441 minor 20 major
                                                  0.8% 585/zygote: 0.8% user + 0% kernel / faults: 174 minor 18 major
                                                  0.4% 219/com.android.systemui: 0.4% user + 0% kernel / faults: 120 minor 2 major
                                                  0.4% 277/com.google.process.gapps: 0.3% user + 0.1% kernel / faults: 32 minor
                                                  0.4% 641/com.google.android.partnersetup: 0.1% user + 0.3% kernel / faults: 137 minor 1 major
                                                  0.1% 19/kswapd0: 0% user + 0.1% kernel
                                                  0.1% 13/kondemand/0: 0% user + 0.1% kernel
                                                  0% 15/rpcrouter: 0% user + 0% kernel
                                                  0% 121/zygote: 0% user + 0% kernel / faults: 33 minor
                                                  0.1% 274/tiwlan_wifi_wq: 0% user + 0.1% kernel
                                                  0.1% 607/com.google.android.gm: 0.1% user + 0% kernel / faults: 86 minor
                                                 +0% 650/com.android.settings: 0% user + 0% kernel
                                                100% TOTAL: 91% user + 8.1% kernel
                                                CPU usage from 2618ms to 3212ms later:
                                                  72% 605/security.car.alarm:guard: 72% user + 0% kernel
                                                    75% 636/Thread-13: 75% user + 0% kernel
                                                  16% 158/system_server: 13% user + 3.3% kernel / faults: 17 minor 1 major
                                                    8.4% 173/ActivityManager: 5% user + 3.3% kernel
                                                    1.6% 164/Binder Thread #: 1.6% user + 0% kernel
                                                    1.6% 261/Binder Thread #: 1.6% user + 0% kernel
                                                    1.6% 303/Binder Thread #: 1.6% user + 0% kernel
                                                    1.6% 336/Binder Thread #: 1.6% user + 0% kernel
                                                    1.6% 446/GpsLocationProv: 0% user + 1.6% kernel
                                                  6.7% 650/com.android.settings: 5% user + 1.6% kernel / faults: 86 minor 2 major
                                                    6.7% 650/ndroid.settings: 5% user + 1.6% kernel
                                                  0.4% 13/kondemand/0: 0% user + 0.4% kernel
                                                100% TOTAL: 98% user + 1.6% kernel
01-29 07:37:32.780 605-605/? W/security.service.CarAlarmGuard: Running on Low Memory
01-29 07:38:25.720 158-158/? I/ActivityManager: Starting: Intent { act=android.settings.APPLICATION_DETAILS_SETTINGS dat=package:security.car.alarm cmp=com.android.settings/.applications.InstalledAppDetails } from pid 838
01-29 07:38:46.050 158-158/? I/ActivityManager: Starting: Intent { act=android.intent.action.DELETE dat=package:security.car.alarm cmp=com.android.packageinstaller/.UninstallerActivity } from pid 838
01-29 07:39:37.260 605-605/? W/security.service.CarAlarmGuard: Running on Low Memory
01-29 07:39:56.700 158-180/? I/PackageManager: Removing non-system package:security.car.alarm
01-29 07:39:56.720 158-180/? D/PackageManager: Removing package security.car.alarm
01-29 07:39:56.950 158-173/? I/ActivityManager: Force stopping package security.car.alarm uid=10046
01-29 07:39:57.090 158-173/? W/ActivityManager: Scheduling restart of crashed service security.car.alarm/security.service.CarAlarmGuard in 5000ms
01-29 07:39:57.090 158-173/? I/ActivityManager:   Force stopping service ServiceRecord{40724b58 security.car.alarm/security.service.CarAlarmGuard}
01-29 07:39:57.110 158-180/? D/PackageManager:   Services: security.service.CarAlarmGuard
01-29 07:39:57.110 158-180/? D/PackageManager:   Receivers: security.utils.BootCompletedIntentReceiver
01-29 07:39:57.110 158-180/? D/PackageManager:   Activities: security.car.alarm.MainActivity
01-29 07:39:59.920 158-180/? I/ActivityManager: Force stopping package security.car.alarm uid=10046
