01-24 19:22:42.098 267-1228/? W/AudioFlinger: session id 621 not found for pid 28780
01-24 19:22:42.121 903-918/? I/ActivityManager: Process security.car.alarm:guard (pid 28780) has died
01-24 19:22:42.121 903-918/? W/ActivityManager: Scheduling restart of crashed service security.car.alarm/security.service.CarAlarmGuard in 1000ms
01-24 19:22:42.124 1569-2113/? W/ContextImpl: Calling a method in the system process without a qualified user: android.app.ContextImpl.sendBroadcast:1322 android.content.ContextWrapper.sendBroadcast:376 com.yotadevices.yotaphone2.counterwidget.NotificationService.onNotificationRemoved:856 android.service.notification.NotificationListenerService.onNotificationRemoved:199 android.service.notification.NotificationListenerService$INotificationListenerWrapper.onNotificationRemoved:641
01-24 19:22:42.193 1304-1304/? I/art: Explicit concurrent mark sweep GC freed 13325(779KB) AllocSpace objects, 3(1397KB) LOS objects, 36% free, 27MB/43MB, paused 2.105ms total 55.654ms
01-24 19:22:43.213 30649-30649/? I/art: Late-enabling -Xcheck:jni
01-24 19:22:43.218 903-923/? I/ActivityManager: Start proc security.car.alarm:guard for service security.car.alarm/security.service.CarAlarmGuard: pid=30649 uid=10246 gids={50246, 9997, 3003, 3002, 3001} abi=armeabi-v7a
01-24 19:22:43.276 903-903/? D/ZenLog: intercepted: 0|security.car.alarm|16689|null|10246,!priority
01-24 19:22:43.277 903-903/? V/NotificationService: pkg=security.car.alarm canInterrupt=false intercept=true
01-24 19:22:43.293 1569-1597/? W/ContextImpl: Calling a method in the system process without a qualified user: android.app.ContextImpl.sendBroadcast:1322 android.content.ContextWrapper.sendBroadcast:376 com.yotadevices.yotaphone2.counterwidget.NotificationService.onNotificationPosted:837 android.service.notification.NotificationListenerService.onNotificationPosted:154 android.service.notification.NotificationListenerService$INotificationListenerWrapper.onNotificationPosted:621
01-24 19:22:43.335 30649-30649/? I/fd: BootstrapApplication created. Android package is security.car.alarm, real application class is null.
01-24 19:22:43.339 30649-30649/? I/fd: Resource override is /data/data/security.car.alarm/files/studio-fd/left/resources.ap_
01-24 19:22:43.339 30649-30649/? I/fd: Resource patch last modified: 1453547627000
01-24 19:22:43.339 30649-30649/? I/fd: APK last modified: 1453650145000 > resource patch
01-24 19:22:43.340 30649-30649/? I/fd: Ignoring resource file, older than APK
01-24 19:22:43.343 30649-30649/? I/fd: Last code patch: /data/data/security.car.alarm/files/studio-fd/dex/slice_9_2ea7e1c36e41ea27f084f1ab5e795d02eaff86d9-classes.dex
01-24 19:22:43.343 30649-30649/? I/fd: APK last modified: 1453650145000 > code patch
01-24 19:22:43.344 30649-30649/? I/fd: Ignoring code patches, older than APK
01-24 19:22:43.351 30649-30649/? I/fd: Starting server socket listening for package security.car.alarm on android.net.LocalSocketAddress@164f9f6f
01-24 19:22:43.352 30649-30649/? I/fd: Started server for package security.car.alarm
01-24 19:22:43.393 30649-30649/? I/security.service.CarAlarmGuard: Car Alarm Service Start
01-24 19:22:43.404 30649-30687/? V/security.service.CarAlarmGuard.PrefsAsynkTask: start on Boot is: false
01-24 19:22:43.406 30649-30687/? V/security.service.CarAlarmGuard.PrefsAsynkTask: Car Guard start on BOOT DISABLED
01-24 19:22:43.406 30649-30687/? V/security.service.CarAlarmGuard: Destroy Services
01-24 19:22:43.455 24200-27863/? I/art: Explicit concurrent mark sweep GC freed 7816(665KB) AllocSpace objects, 0(0B) LOS objects, 25% free, 16MB/21MB, paused 971us total 56.652ms
01-24 19:22:43.642 903-1830/? I/art: Explicit concurrent mark sweep GC freed 27097(1330KB) AllocSpace objects, 1(1296KB) LOS objects, 23% free, 51MB/67MB, paused 1.675ms total 162.231ms
01-24 19:22:43.927 1645-23452/? D/com.facebook.a.a: Got unexpected exception: java.io.WriteAbortedException: Read an exception; java.io.NotSerializableException: org.json.JSONObject
01-24 19:22:44.127 30707-30707/? E/adsprpc: vendor/qcom/proprietary/adsprpc/src/fastrpc_apps_user.c:126:/dev/adsprpc-smd device initialization error: Permission denied
01-24 19:22:44.127 30707-30707/? E/adsprpc: vendor/qcom/proprietary/adsprpc/src/fastrpc_apps_user.c:179::error: -1: dev != -1
01-24 19:22:44.127 30707-30707/? E/adsprpc: vendor/qcom/proprietary/adsprpc/src/fastrpc_apps_user.c:224::error: -1: 0 == (nErr = remotectl_open(name, (int*)ph, dlerrstr, sizeof(dlerrstr), &dlerr))
01-24 19:22:44.127 30707-30707/? E/adsprpc: vendor/qcom/proprietary/adsprpc/src/fastrpc_apps_user.c:126:/dev/adsprpc-smd device initialization error: Permission denied
01-24 19:22:44.127 30707-30707/? E/adsprpc: vendor/qcom/proprietary/adsprpc/src/fastrpc_apps_user.c:179::error: -1: dev != -1
01-24 19:22:44.127 30707-30707/? E/adsprpc: vendor/qcom/proprietary/adsprpc/src/adsprpcd.c:23::error: -1: 0 == adsp_default_listener_register()
01-24 19:22:44.127 30707-30707/? E/adsprpc: vendor/qcom/proprietary/adsprpc/src/adsprpcd.c:36:adsprpcd exiting nErr=-1
01-24 19:22:47.347 903-1958/? D/Ulp_jni: Location CB invoked
01-24 19:22:48.177 5305-5368/? D/agoo.ChannelManager$2: [run] IntentService[timeThread]mHeartPingCallBack=true
01-24 19:22:49.185 30709-30709/? E/adsprpc: vendor/qcom/proprietary/adsprpc/src/fastrpc_apps_user.c:126:/dev/adsprpc-smd device initialization error: Permission denied
01-24 19:22:49.185 30709-30709/? E/adsprpc: vendor/qcom/proprietary/adsprpc/src/fastrpc_apps_user.c:179::error: -1: dev != -1
01-24 19:22:49.185 30709-30709/? E/adsprpc: vendor/qcom/proprietary/adsprpc/src/fastrpc_apps_user.c:224::error: -1: 0 == (nErr = remotectl_open(name, (int*)ph, dlerrstr, sizeof(dlerrstr), &dlerr))
01-24 19:22:49.185 30709-30709/? E/adsprpc: vendor/qcom/proprietary/adsprpc/src/fastrpc_apps_user.c:126:/dev/adsprpc-smd device initialization error: Permission denied
01-24 19:22:49.185 30709-30709/? E/adsprpc: vendor/qcom/proprietary/adsprpc/src/fastrpc_apps_user.c:179::error: -1: dev != -1
01-24 19:22:49.185 30709-30709/? E/adsprpc: vendor/qcom/proprietary/adsprpc/src/adsprpcd.c:23::error: -1: 0 == adsp_default_listener_register()
01-24 19:22:49.185 30709-30709/? E/adsprpc: vendor/qcom/proprietary/adsprpc/src/adsprpcd.c:36:adsprpcd exiting nErr=-1
01-24 19:22:50.366 2436-2436/? E/ActivityThread: Failed to find provider info for com.facebook.katana.provider.AttributionIdProvider
01-24 19:22:50.384 903-903/? W/XTWiFiLP: setRequest interval : 0reportLocation: true, com.qualcomm.location.xtwifi.XTWiFiLocationProvider$1@339e8fb0
01-24 19:22:50.388 903-2211/? W/XTWiFiLP: handleMessage: 7
01-24 19:22:50.428 903-2211/? W/XTWiFiLP: handleMessage: 2
01-24 19:22:50.428 903-2211/? W/XTWiFiLP: handleEnableLocationTracking [true]
01-24 19:22:50.459 903-2211/? W/ContextImpl: Calling a method in the system process without a qualified user: android.app.ContextImpl.sendBroadcast:1322 android.content.ContextWrapper.sendBroadcast:376 com.qualcomm.location.xtwifi.XTWiFiLocationProvider.broadcastNLPIntent:2020 com.qualcomm.location.xtwifi.XTWiFiLocationProvider.fnTimeoutNextFixSessionDue:822 com.qualcomm.location.xtwifi.XTWiFiLocationProvider.handleEnableLocationTracking:525
01-24 19:22:50.464 337-337/? E/QCALOG: [MessageQ] ProcessNewMessage: [XTWiFiLP] unknown deliver target [XTWiFi-PE]
01-24 19:22:50.467 903-2236/? W/XTWiFiLP-ZPP: [LocAPIChannel] triggerZppFix failed 3
01-24 19:22:50.470 903-2211/? W/XTWiFiLP: handleMessage: 8
01-24 19:22:50.484 903-1708/? D/WifiService: acquireWifiLockLocked: WifiLock{NlpWifiLock type=2 binder=android.os.BinderProxy@1579d37f}
01-24 19:22:50.493 903-1242/? E/WifiStateMachine: WifiStateMachine CMD_START_SCAN source 10008 txSuccessRate=0,00 rxSuccessRate=0,00 targetRoamBSSID=any RSSI=-34
01-24 19:22:50.497 903-2064/? I/WifiHAL: Poll result = 1
01-24 19:22:50.499 903-2064/? I/WifiHAL: Found some events!!!
01-24 19:22:50.499 903-2064/? D/WifiHAL: no_seq_check received
01-24 19:22:50.499 903-2064/? I/WifiHAL: event received NL80211_CMD_TRIGGER_SCAN
01-24 19:22:50.499 903-2064/? I/WifiHAL: event received NL80211_CMD_TRIGGER_SCAN, vendor_id = 0x0
01-24 19:22:50.499 903-2064/? I/WifiHAL: event ignored!!
01-24 19:22:50.574 1835-1858/? D/PhoneApp: getPhone phoneId:0
01-24 19:22:50.582 1835-1865/? D/PhoneApp: getPhone phoneId:0
01-24 19:22:50.597 1835-2583/? D/PhoneApp: getPhone phoneId:0
01-24 19:22:50.606 1835-1858/? D/PhoneApp: getPhone phoneId:0
01-24 19:22:53.473 903-2064/? I/WifiHAL: Poll result = 1
01-24 19:22:53.473 903-2064/? I/WifiHAL: Found some events!!!
01-24 19:22:53.473 903-2064/? D/WifiHAL: no_seq_check received
01-24 19:22:53.473 903-2064/? I/WifiHAL: event received NL80211_CMD_NEW_SCAN_RESULTS
01-24 19:22:53.473 903-2064/? I/WifiHAL: event received NL80211_CMD_NEW_SCAN_RESULTS, vendor_id = 0x0
01-24 19:22:53.473 903-2064/? I/WifiHAL: event ignored!!
01-24 19:22:53.489 28159-28159/? V/MSAPMReceiver: Got intent:android.net.wifi.SCAN_RESULTS
01-24 19:22:53.489 28159-28159/? V/MSAPMReceiver: Got intent SCAN_RESULTS
01-24 19:22:53.489 28159-28159/? V/MSAPM: notify_scan_results_available
01-24 19:22:53.489 28159-28159/? E/MSAPM: Handler not yet initialized. Can't send!
01-24 19:22:53.490 903-2177/? D/LBSSystemMonitorService: handleMessage what - 4
01-24 19:22:53.490 903-2177/? D/Wiper_jni: Send Network Location.
01-24 19:22:53.522 2554-2617/? D/LocationFilter: Forcing stable location. Original location:Location[fused 41,876883,12,437323 acc=36 et=+6h5m53s922ms {Bundle[{wifiScan=[B@20c30272, noGPSLocation=Location[fused 41,876883,12,437323 acc=36 et=+6h5m53s922ms {Bundle[mParcelledData.dataSize=160]}], locationType=3}]}] because SMD didn't trigger.
01-24 19:22:53.559 903-1585/? D/WifiService: releaseWifiLockLocked: WifiLock{NlpWifiLock type=2 binder=android.os.BinderProxy@1579d37f}
01-24 19:22:53.588 1602-1961/? D/Event: No subscribers registered for event class com.yahoo.sensors.android.inference.SensorAggregator$SensorBelief
01-24 19:22:53.588 1602-1961/? D/Event: No subscribers registered for event class de.greenrobot.event.h
01-24 19:22:53.599 2554-2794/? I/GCoreUlr: Successfully inserted 1 locations
01-24 19:22:53.603 2554-2794/? I/GCoreUlr: Cancelling scheduled uploads
01-24 19:22:53.603 2554-2794/? I/GCoreUlr: Not calling LocationReporter, hasMoved: false, elapsed millis: 138214, request: Stationary(3600000)
01-24 19:22:53.604 2554-2794/? I/GCoreUlr: Scheduling next upload for 3461786ms from now
01-24 19:22:54.116 1916-1916/? D/AFHandler: buttons message value1=0 value2=0
01-24 19:22:54.116 1916-1916/? D/ScreenDetector: ScreenDetector
01-24 19:22:54.116 1916-1916/? D/ScreenDetector: getTouchedScreen called
01-24 19:22:54.220 30787-30787/? E/adsprpc: vendor/qcom/proprietary/adsprpc/src/fastrpc_apps_user.c:126:/dev/adsprpc-smd device initialization error: Permission denied
01-24 19:22:54.220 30787-30787/? E/adsprpc: vendor/qcom/proprietary/adsprpc/src/fastrpc_apps_user.c:179::error: -1: dev != -1
01-24 19:22:54.220 30787-30787/? E/adsprpc: vendor/qcom/proprietary/adsprpc/src/fastrpc_apps_user.c:224::error: -1: 0 == (nErr = remotectl_open(name, (int*)ph, dlerrstr, sizeof(dlerrstr), &dlerr))
01-24 19:22:54.220 30787-30787/? E/adsprpc: vendor/qcom/proprietary/adsprpc/src/fastrpc_apps_user.c:126:/dev/adsprpc-smd device initialization error: Permission denied
01-24 19:22:54.220 30787-30787/? E/adsprpc: vendor/qcom/proprietary/adsprpc/src/fastrpc_apps_user.c:179::error: -1: dev != -1
01-24 19:22:54.220 30787-30787/? E/adsprpc: vendor/qcom/proprietary/adsprpc/src/adsprpcd.c:23::error: -1: 0 == adsp_default_listener_register()
01-24 19:22:54.220 30787-30787/? E/adsprpc: vendor/qcom/proprietary/adsprpc/src/adsprpcd.c:36:adsprpcd exiting nErr=-1
01-24 19:22:54.261 1916-1916/? D/ScreenDetector: getTouchedScreen res: -1
01-24 19:22:54.261 1916-1916/? D/ScreenDetector: starting SENSOR_SERVICE
01-24 19:22:54.283 1916-1916/? D/ScreenDetector: onSensorChanged z: 10.198914
01-24 19:22:54.288 903-1830/? I/PowerManagerService: Waking up from sleep (uid 1000)...
01-24 19:22:54.292 903-903/? V/KeyguardServiceDelegate: onScreenTurnedOn(showListener = com.android.internal.policy.impl.PhoneWindowManager$2@72efefc)
01-24 19:22:54.300 903-933/? I/DisplayPowerController: Blocking screen on until initial contents have been drawn.
01-24 19:22:54.307 903-1329/? V/KeyguardServiceDelegate: **** SHOWN CALLED ****
01-24 19:22:54.319 1916-1916/? D/BackScreenManager: showLockScreen
01-24 19:22:54.320 1916-1916/? D/UIController: showLayout: LOCK_SCREEN
01-24 19:22:54.328 903-1258/? I/QCOMPowerHAL: Got set_interactive hint
01-24 19:22:54.334 903-930/? I/DisplayManagerService: Display device changed: DisplayDeviceInfo{"Schermo incorporato": 1080 x 1920, 60.0 fps, supportedRefreshRates [60.0], density 480, 442.451 x 443.345 dpi, appVsyncOff 0, presDeadline 17666667, touch INTERNAL, rotation 0, type BUILT_IN, state ON, FLAG_DEFAULT_DISPLAY, FLAG_ROTATES_WITH_CONTENT, FLAG_SECURE, FLAG_SUPPORTS_PROTECTED_BUFFERS}
01-24 19:22:54.347 238-238/? D/SurfaceFlinger: Set power mode=2, type=0 flinger=0xb6962000
01-24 19:22:54.347 238-238/? D/qdhwcomposer: hwc_blank: Unblanking display: 0
01-24 19:22:54.396 1916-1916/? D/com.yotadevices.yotaphone2.bsmanager.util.BackScreenManagerUtils: enableGestureLock
01-24 19:22:54.396 1916-1916/? D/LockScreenLayout: show
01-24 19:22:54.396 1916-1916/? D/BackScreenManager: updateTouchModeNavigationBar: LOCK
01-24 19:22:54.398 2127-2127/? D/BSDrawService: Received from service: 4
01-24 19:22:54.411 903-903/? V/ActivityManager: Display changed displayId=0
01-24 19:22:54.449 1916-1916/? D/BackScreenManager: improveAppInMirroring com.achep.acdisplay
01-24 19:22:54.462 903-933/? I/DisplayPowerController: Unblocked screen on after 162 ms
01-24 19:22:54.487 1559-1559/? W/IInputConnectionWrapper: showStatusIcon on inactive InputConnection
01-24 19:22:54.488 1559-1559/? W/IInputConnectionWrapper: getExtractedText on inactive InputConnection
01-24 19:22:54.490 1559-1559/? W/IInputConnectionWrapper: getTextBeforeCursor on inactive InputConnection
01-24 19:22:54.495 1559-1559/? I/AcDisplayPresenter: Passed the AcDisplay keyguard launch cause it's showing
01-24 19:22:54.495 1559-1559/? W/IInputConnectionWrapper: getSelectedText on inactive InputConnection
01-24 19:22:54.496 1559-1559/? I/Timeline: Timeline: Activity_idle id: android.os.BinderProxy@18dae8ee time:13019025
01-24 19:22:54.498 1559-1559/? W/IInputConnectionWrapper: getTextAfterCursor on inactive InputConnection
01-24 19:22:54.500 1645-1645/? E/InputEventModelImpl: onStartInput event aborted: com.touchtype.keyboard.c.ae: could not obtain extracted text (class com.touchtype.keyboard.c.ae)
01-24 19:22:54.504 267-2079/? V/SRS_Proc: ParamSet string: screen_state=on
01-24 19:22:54.504 267-2079/? D/audio_hw_primary: adev_set_parameters: enter: screen_state=on
01-24 19:22:54.505 267-2079/? D/audio_hw_extn: audio_extn_set_anc_parameters: anc_enabled:0
01-24 19:22:54.505 267-2079/? E/audio_a2dp_hw: adev_set_parameters: ERROR: set param called even when stream out is null
01-24 19:22:54.509 903-1242/? E/native: do suspend false
01-24 19:22:54.527 903-2064/? I/WifiHAL: Poll result = 1
01-24 19:22:54.527 903-2064/? I/WifiHAL: Found some events!!!
01-24 19:22:54.527 903-2064/? D/WifiHAL: no_seq_check received
01-24 19:22:54.527 903-2064/? I/WifiHAL: event received NL80211_CMD_SET_REKEY_OFFLOAD
01-24 19:22:54.527 903-2064/? I/WifiHAL: event received NL80211_CMD_SET_REKEY_OFFLOAD, vendor_id = 0x0
01-24 19:22:54.527 903-2064/? I/WifiHAL: event ignored!!
01-24 19:22:54.710 903-1242/? E/WifiStateMachine: WifiStateMachine CMD_START_SCAN source -2 txSuccessRate=0,00 rxSuccessRate=0,00 targetRoamBSSID=any RSSI=-34
01-24 19:22:54.717 903-2064/? I/WifiHAL: Poll result = 1
01-24 19:22:54.717 903-2064/? I/WifiHAL: Found some events!!!
01-24 19:22:54.717 903-2064/? D/WifiHAL: no_seq_check received
01-24 19:22:54.718 903-2064/? I/WifiHAL: event received NL80211_CMD_TRIGGER_SCAN
01-24 19:22:54.718 903-2064/? I/WifiHAL: event received NL80211_CMD_TRIGGER_SCAN, vendor_id = 0x0
01-24 19:22:54.718 903-2064/? I/WifiHAL: event ignored!!
01-24 19:22:54.718 903-2064/? I/WifiHAL: Poll result = 1
01-24 19:22:54.718 903-2064/? I/WifiHAL: Found some events!!!
01-24 19:22:54.718 903-2064/? D/WifiHAL: no_seq_check received
01-24 19:22:54.718 903-2064/? I/WifiHAL: event received NL80211_CMD_NEW_SCAN_RESULTS
01-24 19:22:54.718 903-2064/? I/WifiHAL: event received NL80211_CMD_NEW_SCAN_RESULTS, vendor_id = 0x0
01-24 19:22:54.718 903-2064/? I/WifiHAL: event ignored!!
01-24 19:22:54.752 903-2177/? D/LBSSystemMonitorService: handleMessage what - 4
01-24 19:22:54.752 903-2177/? D/Wiper_jni: Send Network Location.
01-24 19:22:54.757 28159-28159/? V/MSAPMReceiver: Got intent:android.net.wifi.SCAN_RESULTS
01-24 19:22:54.757 28159-28159/? V/MSAPMReceiver: Got intent SCAN_RESULTS
01-24 19:22:54.757 28159-28159/? V/MSAPM: notify_scan_results_available
01-24 19:22:54.757 28159-28159/? E/MSAPM: Handler not yet initialized. Can't send!
01-24 19:22:54.767 238-547/? I/qdhwcomposer: handle_blank_event: dpy:0 panel power state: 1
01-24 19:22:54.768 238-238/? D/qdhwcomposer: hwc_blank: Done unblanking display: 0
01-24 19:22:54.768 238-238/? W/SurfaceFlinger: void android::SurfaceFlinger::resyncToHardwareVsync(bool, bool): set period 16666667 ns
01-24 19:22:54.771 903-1258/? D/SurfaceControl: Excessive delay in setPowerMode(): 442ms
01-24 19:22:54.792 1859-1859/? I/QCNEJ: |CORE| sendScreenState: state:true
01-24 19:22:54.799 1916-1916/? D/BackScreenManager: android.intent.action.SCREEN_ON
01-24 19:22:54.799 1916-1916/? W/ContextImpl: Calling a method in the system process without a qualified user: android.app.ContextImpl.sendBroadcast:1322 android.content.ContextWrapper.sendBroadcast:376 com.yotadevices.yotaphone2.bsmanager.util.LowBatteryMonitor.sendBatteryBroadcast:155 com.yotadevices.yotaphone2.bsmanager.service.bs.BackScreenLayerManager2$2.onReceive:377 android.app.LoadedApk$ReceiverDispatcher$Args.run:861
01-24 19:22:54.800 1775-3430/? D/NfcService: applyRouting
01-24 19:22:54.800 1775-3430/? D/NfcService: computeEmulationParameters
01-24 19:22:54.800 1775-3430/? D/NFC_LIST: Allocated node: 0xaf20f2c0 (0xa39f9854)
01-24 19:22:54.800 1775-1988/? D/NFC-HCI: > SEND: 07 A8 83 01 05 01 F4 66
01-24 19:22:54.801 1916-1916/? D/TitaniumManager:LowBatteryMonitor: broadcast retranslated: yotaphone.android.intent.action.BATTERY_CHANGED
01-24 19:22:54.801 1916-1916/? D/BackScreenManager: showLockScreen
01-24 19:22:54.801 1916-1916/? D/UIController: showLayout: LOCK_SCREEN
01-24 19:22:54.802 23043-23043/? D/BatteryReceiver: onReceive yotaphone.android.intent.action.BATTERY_CHANGED
01-24 19:22:54.802 23043-23043/? D/BSBatteryWidget: drawWidgets, requestPrediction: true
01-24 19:22:54.810 23043-23043/? D/BSBatteryWidget: sYotaEnergyEnabled: false
01-24 19:22:54.814 23043-23043/? D/BSBatteryWidget: sPrediction: 5184000
01-24 19:22:54.820 1775-1976/? D/NFC-HCI: > RECV: 05
01-24 19:22:54.820 1775-1976/? D/NFC-HCI: > RECV: 86 83 80 10 6A
01-24 19:22:54.821 1775-1988/? D/NFCJNI: Callback: nfc_jni_ioctl_callback() - status=0x0000[NFCSTATUS_SUCCESS]
01-24 19:22:54.822 1775-3430/? D/NFC_LIST: Deallocating node: 0xaf20f2c0 (0xa39f9854)
01-24 19:22:54.822 1775-3430/? D/NfcService: SCREEN_STATE_ON_UNLOCKED
01-24 19:22:54.822 1775-3430/? D/NfcService: configure EE routing
01-24 19:22:54.822 1775-3430/? D/NfcService: configure HCE routing
01-24 19:22:54.822 1775-3430/? D/NfcService: NFC-HCE ON
01-24 19:22:54.822 1775-3430/? D/NFCJNI: com_android_nfc_NfcManager_enableRoutingToHost
01-24 19:22:54.822 1775-3430/? D/NFC_LIST: Allocated node: 0xaf20f2c0 (0xa39f9874)
01-24 19:22:54.822 1775-3430/? D/NFCJNI: ####UiccSupportedTech TypeB + false
01-24 19:22:54.822 1775-3430/? D/NFCJNI: ####UiccSupportedTech TypeA + false
01-24 19:22:54.822 1775-1988/? D/NFC-HCI: > SEND: 07 B1 8C 01 03 20 72 55
01-24 19:22:54.822 1775-3430/? D/NFCJNI: phLibNfc_Mgt_SetCE_ConfigParams() returned 0x000d[NFCSTATUS_PENDING]
01-24 19:22:54.825 1916-1916/? D/com.yotadevices.yotaphone2.bsmanager.util.BackScreenManagerUtils: enableGestureLock
01-24 19:22:54.825 1916-1916/? D/LockScreenLayout: show
01-24 19:22:54.826 1916-1916/? D/BackScreenManager: updateTouchModeNavigationBar: LOCK
01-24 19:22:54.828 2127-2127/? D/BSDrawService: Received from service: 4
01-24 19:22:54.828 903-903/? D/Ulp_jni: JNI:system_update. Event-0
01-24 19:22:54.828 1775-1976/? D/NFC-HCI: > RECV: 05
01-24 19:22:54.829 1775-1976/? D/NFC-HCI: > RECV: 8F 8C 80 C6 75
01-24 19:22:54.829 1775-1988/? D/NFC-HCI: > SEND: 08 BA 8C 01 04 44 03 C2 28
01-24 19:22:54.831 1775-1976/? D/NFC-HCI: > RECV: 05
01-24 19:22:54.833 1775-1976/? D/NFC-HCI: > RECV: 90 8C 80 94 BA
01-24 19:22:54.834 1775-1988/? D/NFC-HCI: > SEND: 06 83 8C 01 05 76 1B
01-24 19:22:54.836 1775-1976/? D/NFC-HCI: > RECV: 05
01-24 19:22:54.836 1775-1976/? D/NFC-HCI: > RECV: 99 8C 80 8A 26
01-24 19:22:54.836 1775-1988/? D/NFC-HCI: > SEND: 07 8C 8C 01 06 88 2D AA
01-24 19:22:54.839 1775-1976/? D/NFC-HCI: > RECV: 05
01-24 19:22:54.839 1775-1976/? D/NFC-HCI: > RECV: A2 8C 80 82 89
01-24 19:22:54.840 1775-1988/? D/NFC-HCI: > SEND: 07 95 8C 01 01 02 53 29
01-24 19:22:54.846 1775-1976/? D/NFC-HCI: > RECV: 03
01-24 19:22:54.846 1775-1976/? D/NFC-HCI: > RECV: C3 B8 D1
01-24 19:22:54.848 1775-1976/? D/NFC-HCI: > RECV: 05
01-24 19:22:54.849 1775-1976/? D/NFC-HCI: > RECV: AB 8C 80 9C 15
01-24 19:22:54.849 1775-1988/? D/NFCJNI: Callback: nfc_jni_hce_connection_callback() - status=0x0000[NFCSTATUS_SUCCESS]
01-24 19:22:54.849 1775-3430/? D/NFCJNI: phLibNfc_Mgt_SetCE_ConfigParams() returned 0x000d[NFCSTATUS_PENDING]
01-24 19:22:54.849 1775-1988/? D/NFC-HCI: > SEND: 07 9E 8D 01 03 00 A6 62
01-24 19:22:54.851 1775-1976/? D/NFC-HCI: > RECV: 05
01-24 19:22:54.852 1775-1976/? D/NFC-HCI: > RECV: B4 8D 80 16 C3
01-24 19:22:54.852 1775-1988/? D/NFC-HCI: > SEND: 0A A7 8D 01 04 00 00 00 E4 88 94
01-24 19:22:54.855 1775-1976/? D/NFC-HCI: > RECV: 05
01-24 19:22:54.855 1775-1976/? D/NFC-HCI: > RECV: BD 8D 80 08 5F
01-24 19:22:54.856 1775-1988/? D/NFC-HCI: > SEND: 0A A8 8D 01 05 01 02 03 04 1B 4A
01-24 19:22:54.859 1775-1976/? D/NFC-HCI: > RECV: 05
01-24 19:22:54.859 1775-1976/? D/NFC-HCI: > RECV: 86 8D 80 00 F0
01-24 19:22:54.859 1775-1988/? D/NFC-HCI: > SEND: 07 B1 8D 01 01 02 69 78
01-24 19:22:54.866 1775-1976/? D/NFC-HCI: > RECV: 03
01-24 19:22:54.866 1775-1976/? D/NFC-HCI: > RECV: C7 9C 97
01-24 19:22:54.870 1775-1976/? D/NFC-HCI: > RECV: 05
01-24 19:22:54.870 1775-1976/? D/NFC-HCI: > RECV: 8F 8D 80 1E 6C
01-24 19:22:54.870 1775-1988/? D/NFCJNI: Callback: nfc_jni_hce_connection_callback() - status=0x0000[NFCSTATUS_SUCCESS]
01-24 19:22:54.871 1775-3430/? D/NFC_LIST: Deallocating node: 0xaf20f2c0 (0xa39f9874)
01-24 19:22:54.871 1775-3430/? D/NfcService: configure routing table false
01-24 19:22:54.871 1775-3430/? D/NfcService: computeDiscoveryParameters
01-24 19:22:54.871 1775-3430/? D/NfcService: NFC-C ON
01-24 19:22:54.871 1775-3430/? D/NFCJNI: phLibNfc_RemoteDev_NtfRegister(J-UL-Mi-F-4A-4B-P2P-R) returned 0x0
01-24 19:22:54.871 1775-3430/? D/NFC_LIST: Allocated node: 0xaf20f2c0 (0xa39f983c)
01-24 19:22:54.871 1775-3430/? D/NFCJNI: ******  Start NFC Discovery ******
01-24 19:22:54.872 1775-1988/? D/NFC-HCI: > SEND: 08 BA 84 01 07 18 6A 16 19
01-24 19:22:54.872 1775-3430/? D/NFCJNI: phLibNfc_Mgt_ConfigureDiscovery(3A-3B-F2-F4-NFC-RFID, CE-f-493e0) returned 0x0000000d
01-24 19:22:54.874 1775-1976/? D/NFC-HCI: > RECV: 05
01-24 19:22:54.875 1775-1976/? D/NFC-HCI: > RECV: 90 84 80 54 74
01-24 19:22:54.876 1775-1988/? D/NFC-HCI: > SEND: 07 83 8B 01 01 0E C6 3B
01-24 19:22:54.880 1775-1976/? D/NFC-HCI: > RECV: 05
01-24 19:22:54.881 1775-1976/? D/NFC-HCI: > RECV: 99 8B 80 82 6B
01-24 19:22:54.881 1775-1988/? D/NFC-HCI: > SEND: 07 8C 8A 01 01 0F 08 5C
01-24 19:22:54.885 1775-1976/? D/NFC-HCI: > RECV: 05
01-24 19:22:54.885 1775-1976/? D/NFC-HCI: > RECV: A2 8A 80 52 DD
01-24 19:22:54.885 1775-1988/? D/NFC-HCI: > SEND: 07 95 84 01 09 00 59 21
01-24 19:22:54.889 1775-1976/? D/NFC-HCI: > RECV: 05
01-24 19:22:54.889 1775-1976/? D/NFC-HCI: > RECV: AB 84 80 5C DB
01-24 19:22:54.889 1775-1988/? D/NFC-HCI: > SEND: 07 9E 84 01 06 3F 09 2C
01-24 19:22:54.892 1775-1976/? D/NFC-HCI: > RECV: 05
01-24 19:22:54.892 1775-1976/? D/NFC-HCI: > RECV: B4 84 80 0E 14
01-24 19:22:54.892 1775-1988/? D/NFC-HCI: > SEND: 05 A7 85 50 AA B1
01-24 19:22:54.893 1775-1988/? D/NFCJNI: Callback: nfc_jni_discover_callback() - status=0x0000[NFCSTATUS_SUCCESS]
01-24 19:22:54.893 1775-3430/? D/NFC_LIST: Deallocating node: 0xaf20f2c0 (0xa39f983c)
01-24 19:22:54.899 1775-1976/? D/NFC-HCI: > RECV: 03
01-24 19:22:54.899 1775-1976/? D/NFC-HCI: > RECV: C5 8E B4
01-24 19:22:54.954 6744-6744/? D/SessionManagerService: Received intent: #Intent;action=android.intent.action.SCREEN_ON;launchFlags=0x50000010;end
01-24 19:22:55.010 5305-5368/? D/agoo.NewMessagePush: [onHandlerHisMessage] onHandlerHisMessage()
01-24 19:22:55.010 5305-5368/? D/NO: type is: 1
01-24 19:22:55.011 5305-5368/? D/NO: type is: 3
01-24 19:22:55.014 5305-5368/? I/agoo.ChannelManager: [hisMessage]|[seq:hisMessage url [/h/21371601/113/ArPOw6TGH6I5cLgM3PEWewtOEwpN7i16zQK2fNUEnouO?s=MDUwNDMwMDE3NXJLSWxWUENuazFkSjk5QXNKb1BJQ3l5R2dhUT0=&sv=20140815&ov=5.0&pm=WUQyMDE=]] ChannelManager
01-24 19:22:55.014 5305-5368/? D/agoo.SpdyChannel: [send] send[baseUrl:http://140.205.203.81:80/h/21371601/113/ArPOw6TGH6I5cLgM3PEWewtOEwpN7i16zQK2fNUEnouO?s=MDUwNDMwMDE3NXJLSWxWUENuazFkSjk5QXNKb1BJQ3l5R2dhUT0=&sv=20140815&ov=5.0&pm=WUQyMDE=]
01-24 19:22:55.015 5305-5368/? D/agoo.NewMessagePush: [onHandlerScreenOnOrUserPresent] onHandlerScreenOnOrUserPresent-->[send heart]
01-24 19:22:55.043 1775-1988/? D/NFC-HCI: > SEND: 03 C7 9C 97
01-24 19:22:55.138 8045-8056/? W/SQLiteConnectionPool: A SQLiteConnection object for database '/data/data/de.markus_unterkofler.yotalazymirror/databases/yotalazymirror.db' was leaked!  Please fix your application to end transactions in progress properly and to close the database when it is no longer needed.
01-24 19:22:55.138 8045-8056/? W/SQLiteConnectionPool: A SQLiteConnection object for database '/data/data/de.markus_unterkofler.yotalazymirror/databases/yotalazymirror.db' was leaked!  Please fix your application to end transactions in progress properly and to close the database when it is no longer needed.
01-24 19:22:55.139 8045-8056/? W/SQLiteConnectionPool: A SQLiteConnection object for database '/data/data/de.markus_unterkofler.yotalazymirror/databases/yotalazymirror.db' was leaked!  Please fix your application to end transactions in progress properly and to close the database when it is no longer needed.
01-24 19:22:55.139 8045-8056/? W/SQLiteConnectionPool: A SQLiteConnection object for database '/data/data/de.markus_unterkofler.yotalazymirror/databases/yotalazymirror.db' was leaked!  Please fix your application to end transactions in progress properly and to close the database when it is no longer needed.
01-24 19:22:55.139 8045-8056/? W/SQLiteConnectionPool: A SQLiteConnection object for database '/data/data/de.markus_unterkofler.yotalazymirror/databases/yotalazymirror.db' was leaked!  Please fix your application to end transactions in progress properly and to close the database when it is no longer needed.
01-24 19:22:55.139 8045-8056/? W/SQLiteConnectionPool: A SQLiteConnection object for database '/data/data/de.markus_unterkofler.yotalazymirror/databases/yotalazymirror.db' was leaked!  Please fix your application to end transactions in progress properly and to close the database when it is no longer needed.
01-24 19:22:55.140 8045-8056/? W/SQLiteConnectionPool: A SQLiteConnection object for database '/data/data/de.markus_unterkofler.yotalazymirror/databases/yotalazymirror.db' was leaked!  Please fix your application to end transactions in progress properly and to close the database when it is no longer needed.
01-24 19:22:55.140 8045-8056/? W/SQLiteConnectionPool: A SQLiteConnection object for database '/data/data/de.markus_unterkofler.yotalazymirror/databases/yotalazymirror.db' was leaked!  Please fix your application to end transactions in progress properly and to close the database when it is no longer needed.
01-24 19:22:55.141 8045-8056/? W/SQLiteConnectionPool: A SQLiteConnection object for database '/data/data/de.markus_unterkofler.yotalazymirror/databases/yotalazymirror.db' was leaked!  Please fix your application to end transactions in progress properly and to close the database when it is no longer needed.
01-24 19:22:55.141 8045-8056/? W/SQLiteConnectionPool: A SQLiteConnection object for database '/data/data/de.markus_unterkofler.yotalazymirror/databases/yotalazymirror.db' was leaked!  Please fix your application to end transactions in progress properly and to close the database when it is no longer needed.
01-24 19:22:55.143 8045-8056/? W/SQLiteConnectionPool: A SQLiteConnection object for database '/data/data/de.markus_unterkofler.yotalazymirror/databases/yotalazymirror.db' was leaked!  Please fix your application to end transactions in progress properly and to close the database when it is no longer needed.
01-24 19:22:55.144 8045-8056/? W/SQLiteConnectionPool: A SQLiteConnection object for database '/data/data/de.markus_unterkofler.yotalazymirror/databases/yotalazymirror.db' was leaked!  Please fix your application to end transactions in progress properly and to close the database when it is no longer needed.
01-24 19:22:55.144 8045-8056/? W/SQLiteConnectionPool: A SQLiteConnection object for database '/data/data/de.markus_unterkofler.yotalazymirror/databases/yotalazymirror.db' was leaked!  Please fix your application to end transactions in progress properly and to close the database when it is no longer needed.
01-24 19:22:55.145 8045-8056/? W/SQLiteConnectionPool: A SQLiteConnection object for database '/data/data/de.markus_unterkofler.yotalazymirror/databases/yotalazymirror.db' was leaked!  Please fix your application to end transactions in progress properly and to close the database when it is no longer needed.
01-24 19:22:55.145 8045-8056/? W/SQLiteConnectionPool: A SQLiteConnection object for database '/data/data/de.markus_unterkofler.yotalazymirror/databases/yotalazymirror.db' was leaked!  Please fix your application to end transactions in progress properly and to close the database when it is no longer needed.
01-24 19:22:55.147 8045-8056/? W/SQLiteConnectionPool: A SQLiteConnection object for database '/data/data/de.markus_unterkofler.yotalazymirror/databases/yotalazymirror.db' was leaked!  Please fix your application to end transactions in progress properly and to close the database when it is no longer needed.
01-24 19:22:55.147 8045-8056/? W/SQLiteConnectionPool: A SQLiteConnection object for database '/data/data/de.markus_unterkofler.yotalazymirror/databases/yotalazymirror.db' was leaked!  Please fix your application to end transactions in progress properly and to close the database when it is no longer needed.
01-24 19:22:55.148 8045-8056/? W/SQLiteConnectionPool: A SQLiteConnection object for database '/data/data/de.markus_unterkofler.yotalazymirror/databases/yotalazymirror.db' was leaked!  Please fix your application to end transactions in progress properly and to close the database when it is no longer needed.
01-24 19:22:55.148 8045-8056/? W/SQLiteConnectionPool: A SQLiteConnection object for database '/data/data/de.markus_unterkofler.yotalazymirror/databases/yotalazymirror.db' was leaked!  Please fix your application to end transactions in progress properly and to close the database when it is no longer needed.
01-24 19:22:55.149 8045-8056/? W/SQLiteConnectionPool: A SQLiteConnection object for database '/data/data/de.markus_unterkofler.yotalazymirror/databases/yotalazymirror.db' was leaked!  Please fix your application to end transactions in progress properly and to close the database when it is no longer needed.
01-24 19:22:55.150 8045-8056/? W/SQLiteConnectionPool: A SQLiteConnection object for database '/data/data/de.markus_unterkofler.yotalazymirror/databases/yotalazymirror.db' was leaked!  Please fix your application to end transactions in progress properly and to close the database when it is no longer needed.
01-24 19:22:55.150 8045-8056/? W/SQLiteConnectionPool: A SQLiteConnection object for database '/data/data/de.markus_unterkofler.yotalazymirror/databases/yotalazymirror.db' was leaked!  Please fix your application to end transactions in progress properly and to close the database when it is no longer needed.
01-24 19:22:55.150 8045-8056/? W/SQLiteConnectionPool: A SQLiteConnection object for database '/data/data/de.markus_unterkofler.yotalazymirror/databases/yotalazymirror.db' was leaked!  Please fix your application to end transactions in progress properly and to close the database when it is no longer needed.
01-24 19:22:55.151 8045-8056/? W/SQLiteConnectionPool: A SQLiteConnection object for database '/data/data/de.markus_unterkofler.yotalazymirror/databases/yotalazymirror.db' was leaked!  Please fix your application to end transactions in progress properly and to close the database when it is no longer needed.
01-24 19:22:55.151 8045-8056/? W/SQLiteConnectionPool: A SQLiteConnection object for database '/data/data/de.markus_unterkofler.yotalazymirror/databases/yotalazymirror.db' was leaked!  Please fix your application to end transactions in progress properly and to close the database when it is no longer needed.
01-24 19:22:55.152 8045-8056/? W/SQLiteConnectionPool: A SQLiteConnection object for database '/data/data/de.markus_unterkofler.yotalazymirror/databases/yotalazymirror.db' was leaked!  Please fix your application to end transactions in progress properly and to close the database when it is no longer needed.
01-24 19:22:55.154 8045-8056/? W/SQLiteConnectionPool: A SQLiteConnection object for database '/data/data/de.markus_unterkofler.yotalazymirror/databases/yotalazymirror.db' was leaked!  Please fix your application to end transactions in progress properly and to close the database when it is no longer needed.
01-24 19:22:55.388 903-903/? W/XTWiFiLP: setRequest interval : 86400000reportLocation: true, com.qualcomm.location.xtwifi.XTWiFiLocationProvider$1@339e8fb0
01-24 19:22:55.391 903-2211/? W/XTWiFiLP: handleMessage: 7
01-24 19:22:55.391 903-2211/? W/XTWiFiLP: handleMessage: 2
01-24 19:22:55.391 903-2211/? W/XTWiFiLP: handleEnableLocationTracking [true]
01-24 19:22:55.392 903-2177/? D/LBSSystemMonitorService: handleMessage what - 7
01-24 19:22:55.392 903-2177/? D/Wiper_jni: Send Passive Location.
01-24 19:22:55.758 903-1830/? W/ActivityManager: Duplicate finish request for ActivityRecord{2d504dea u0 com.achep.acdisplay/.ui.activities.AcDisplayActivity t7659 f}
01-24 19:22:55.762 1559-1559/? D/AcDisplayFragment: showing widget com.achep.acdisplay.ui.components.ClockWidget@6191d098
01-24 19:22:55.763 1916-1916/? D/BackScreenManager: makeDefaultAppInMirroring com.achep.acdisplay
01-24 19:22:55.763 1916-1916/? D/HWComposerMediator: postCommand 0x10101010
01-24 19:22:55.769 903-903/? V/ActivityManager: Display changed displayId=0
01-24 19:22:55.798 1916-1916/? D/BackScreenManager: improveAppInMirroring com.tul.aviate
01-24 19:22:55.815 1602-1602/? D/AccountManager: BCookie received from YI13N
01-24 19:22:55.863 1602-1602/? I/Timeline: Timeline: Activity_idle id: android.os.BinderProxy@20a41261 time:13020392
01-24 19:22:55.883 903-930/? I/Timeline: Timeline: Activity_windows_visible id: ActivityRecord{72dfec8 u0 com.tul.aviate/com.tul.aviator.ui.TabbedHomeActivity t7561} time:13020412
01-24 19:22:55.895 1559-1559/? E/ActivityThread: Activity com.achep.acdisplay.ui.activities.AcDisplayActivity has leaked IntentReceiver android.hardware.SystemSensorManager$1@13bb90f0 that was originally registered here. Are you missing a call to unregisterReceiver()?
                                                 android.app.IntentReceiverLeaked: Activity com.achep.acdisplay.ui.activities.AcDisplayActivity has leaked IntentReceiver android.hardware.SystemSensorManager$1@13bb90f0 that was originally registered here. Are you missing a call to unregisterReceiver()?
                                                     at android.app.LoadedApk$ReceiverDispatcher.<init>(LoadedApk.java:898)
                                                     at android.app.LoadedApk.getReceiverDispatcher(LoadedApk.java:699)
                                                     at android.app.ContextImpl.registerReceiverInternal(ContextImpl.java:1638)
                                                     at android.app.ContextImpl.registerReceiver(ContextImpl.java:1618)
                                                     at android.app.ContextImpl.registerReceiver(ContextImpl.java:1612)
                                                     at android.content.ContextWrapper.registerReceiver(ContextWrapper.java:488)
                                                     at android.hardware.SystemSensorManager.<init>(SystemSensorManager.java:81)
                                                     at android.app.ContextImpl$31.createService(ContextImpl.java:539)
                                                     at android.app.ContextImpl$ServiceFetcher.getService(ContextImpl.java:297)
                                                     at android.app.ContextImpl.getSystemService(ContextImpl.java:1833)
                                                     at android.view.ContextThemeWrapper.getSystemService(ContextThemeWrapper.java:113)
                                                     at android.app.Activity.getSystemService(Activity.java:5067)
                                                     at com.achep.acdisplay.ui.fragments.PocketFragment.onAttach(PocketFragment.java:102)
                                                     at android.support.v4.app.FragmentManagerImpl.moveToState(FragmentManager.java:907)
                                                     at android.support.v4.app.FragmentManagerImpl.moveToState(FragmentManager.java:1138)
                                                     at android.support.v4.app.BackStackRecord.run(BackStackRecord.java:740)
                                                     at android.support.v4.app.FragmentManagerImpl.execPendingActions(FragmentManager.java:1501)
                                                     at android.support.v4.app.FragmentActivity.onStart(FragmentActivity.java:551)
                                                     at com.achep.base.ui.activities.ActivityBase.onStart(ActivityBase.java:55)
                                                     at com.achep.acdisplay.ui.activities.KeyguardActivity.onStart(KeyguardActivity.java:327)
                                                     at com.achep.acdisplay.ui.activities.AcDisplayActivity.onStart(AcDisplayActivity.java:75)
                                                     at android.app.Instrumentation.callActivityOnStart(Instrumentation.java:1220)
                                                     at android.app.Activity.performStart(Activity.java:6017)
                                                     at android.app.ActivityThread.performLaunchActivity(ActivityThread.java:2261)
                                                     at android.app.ActivityThread.handleLaunchActivity(ActivityThread.java:2358)
                                                     at android.app.ActivityThread.access$800(ActivityThread.java:144)
                                                     at android.app.ActivityThread$H.handleMessage(ActivityThread.java:1278)
                                                     at android.os.Handler.dispatchMessage(Handler.java:102)
                                                     at android.os.Looper.loop(Looper.java:135)
                                                     at android.app.ActivityThread.main(ActivityThread.java:5246)
                                                     at java.lang.reflect.Method.invoke(Native Method)
                                                     at java.lang.reflect.Method.invoke(Method.java:372)
                                                     at com.android.internal.os.ZygoteInit$MethodAndArgsCaller.run(ZygoteInit.java:899)
                                                     at com.android.internal.os.ZygoteInit.main(ZygoteInit.java:694)
01-24 19:22:56.064 1916-2097/? D/HWComposerMediator: 8 bytes sent to hwcomposer
01-24 19:22:56.064 238-524/? D/qdepd: cmd[0]=10101010
01-24 19:22:56.064 238-524/? D/qdepd: Command CMD_RESET_DEFAULTS
01-24 19:22:56.658 1602-1602/? I/Timeline: Timeline: Activity_launch_request id:security.car.alarm time:13021187
01-24 19:22:56.664 903-1805/? I/ActivityManager: START u0 {act=android.intent.action.MAIN cat=[android.intent.category.LAUNCHER] flg=0x10200000 cmp=security.car.alarm/.MainActivity bnds=[319,1320][548,1534]} from uid 10118 on display 0
01-24 19:22:56.688 1916-1916/? D/BackScreenManager: makeDefaultAppInMirroring com.tul.aviate
01-24 19:22:56.689 1916-1916/? D/HWComposerMediator: postCommand 0x10101010
01-24 19:22:56.743 903-1585/? I/ActivityManager: Start proc security.car.alarm for activity security.car.alarm/.MainActivity: pid=30858 uid=10246 gids={50246, 9997, 3003, 3002, 3001} abi=armeabi-v7a
01-24 19:22:56.753 30858-30858/? I/art: Late-enabling -Xcheck:jni
01-24 19:22:56.826 30858-30858/? I/fd: BootstrapApplication created. Android package is security.car.alarm, real application class is null.
01-24 19:22:56.829 30858-30858/? I/fd: Resource override is /data/data/security.car.alarm/files/studio-fd/left/resources.ap_
01-24 19:22:56.829 30858-30858/? I/fd: Resource patch last modified: 1453547627000
01-24 19:22:56.829 30858-30858/? I/fd: APK last modified: 1453650145000 > resource patch
01-24 19:22:56.829 30858-30858/? I/fd: Ignoring resource file, older than APK
01-24 19:22:56.832 30858-30858/? I/fd: Last code patch: /data/data/security.car.alarm/files/studio-fd/dex/slice_9_2ea7e1c36e41ea27f084f1ab5e795d02eaff86d9-classes.dex
01-24 19:22:56.832 30858-30858/? I/fd: APK last modified: 1453650145000 > code patch
01-24 19:22:56.832 30858-30858/? I/fd: Ignoring code patches, older than APK
01-24 19:22:56.841 23043-23043/? D/BSBatteryWidget: sendOrderedBroadcast: yotaphone.intent.action.GET_PREDICTION
01-24 19:22:56.843 30858-30858/? E/fd: IO Error creating local socket at security.car.alarm
                                       java.io.IOException: Address already in use
                                           at android.net.LocalSocketImpl.bindLocal(Native Method)
                                           at android.net.LocalSocketImpl.bind(LocalSocketImpl.java:309)
                                           at android.net.LocalServerSocket.<init>(LocalServerSocket.java:52)
                                           at com.android.tools.fd.runtime.Server.<init>(Server.java:82)
                                           at com.android.tools.fd.runtime.Server.create(Server.java:76)
                                           at com.android.tools.fd.runtime.BootstrapApplication.onCreate(BootstrapApplication.java:300)
                                           at android.app.Instrumentation.callApplicationOnCreate(Instrumentation.java:1011)
                                           at android.app.ActivityThread.handleBindApplication(ActivityThread.java:4543)
                                           at android.app.ActivityThread.access$1500(ActivityThread.java:144)
                                           at android.app.ActivityThread$H.handleMessage(ActivityThread.java:1339)
                                           at android.os.Handler.dispatchMessage(Handler.java:102)
                                           at android.os.Looper.loop(Looper.java:135)
                                           at android.app.ActivityThread.main(ActivityThread.java:5246)
                                           at java.lang.reflect.Method.invoke(Native Method)
                                           at java.lang.reflect.Method.invoke(Method.java:372)
                                           at com.android.internal.os.ZygoteInit$MethodAndArgsCaller.run(ZygoteInit.java:899)
                                           at com.android.internal.os.ZygoteInit.main(ZygoteInit.java:694)
01-24 19:22:56.844 903-1669/? W/BatteryStatsImpl: Couldn't get kernel wake lock stats
01-24 19:22:56.958 23043-23043/? D/BSBatteryWidget: OrderedBroadcast onReceive: yotaphone.intent.action.GET_PREDICTION
01-24 19:22:56.958 23043-23043/? D/BSBatteryWidget: drawWidgets, requestPrediction: false
01-24 19:22:56.959 23043-23043/? D/BSBatteryWidget: sYotaEnergyEnabled: false
01-24 19:22:56.959 23043-23043/? D/BSBatteryWidget: sPrediction: 5184000
01-24 19:22:56.989 238-524/? D/qdepd: cmd[0]=10101010
01-24 19:22:56.989 238-524/? D/qdepd: Command CMD_RESET_DEFAULTS
01-24 19:22:56.989 1916-2097/? D/HWComposerMediator: 8 bytes sent to hwcomposer
01-24 19:22:57.110 30649-30649/? I/security.service.CarAlarmGuard: Car Alarm Service Start
01-24 19:22:57.114 1916-1916/? D/BackScreenManager: improveAppInMirroring security.car.alarm
01-24 19:22:57.116 30858-30858/? I/security.utils.CarAlarmServiceConnection: doBindService Binding from Services OK
01-24 19:22:57.116 30649-30649/? I/security.service.CarAlarmGuard: onBind->Services
01-24 19:22:57.116 30858-30858/? I/security.utils.CarAlarmServiceConnection: Binding from Services
01-24 19:22:57.144 30858-30894/? D/OpenGLRenderer: Render dirty regions requested: true
01-24 19:22:57.150 30858-30858/? D/Atlas: Validating map...
01-24 19:22:57.160 30858-30858/? I/security.utils.CarAlarmServiceConnection: Connect to Service
01-24 19:22:57.226 30858-30894/? I/Adreno-EGL: <qeglDrvAPI_eglInitialize:410>: EGL 1.4 QUALCOMM build: AU_LINUX_ANDROID_LA.BF.1.1.1_RB1.05.00.02.042.013_msm8974_LA.BF.1.1.1_RB1__release_AU ()
                                               OpenGL ES Shader Compiler Version: E031.25.03.00
                                               Build Date: 01/21/15 Wed
                                               Local Branch: mybranch7061829
                                               Remote Branch: quic/LA.BF.1.1.1_rb1.7
                                               Local Patches: NONE
                                               Reconstruct Branch: AU_LINUX_ANDROID_LA.BF.1.1.1_RB1.05.00.02.042.013 +  NOTHING
01-24 19:22:57.227 30858-30894/? I/OpenGLRenderer: Initialized EGL, version 1.4
01-24 19:22:57.251 30858-30894/? D/OpenGLRenderer: Enabling debug mode 0
01-24 19:22:57.348 903-1958/? D/Ulp_jni: Location CB invoked
01-24 19:22:57.434 903-930/? I/ActivityManager: Displayed security.car.alarm/.MainActivity: +727ms
01-24 19:22:57.541 903-930/? I/Timeline: Timeline: Activity_windows_visible id: ActivityRecord{398aa9b9 u0 security.car.alarm/.MainActivity t7660} time:13022070
01-24 19:22:57.548 30858-30858/? I/Timeline: Timeline: Activity_idle id: android.os.BinderProxy@ce29437 time:13022077
01-24 19:22:57.551 1602-1602/? D/AppLifecycleHandler: onApplicationBackground() called
01-24 19:22:58.925 1645-23452/? D/com.facebook.a.a: Got unexpected exception: java.io.WriteAbortedException: Read an exception; java.io.NotSerializableException: org.json.JSONObject
01-24 19:22:59.395 903-1267/? D/TaskPersister: removeObsoleteFile: deleting file=7659_task_thumbnail.png
01-24 19:22:59.406 30909-30909/? E/adsprpc: vendor/qcom/proprietary/adsprpc/src/fastrpc_apps_user.c:126:/dev/adsprpc-smd device initialization error: Permission denied
01-24 19:22:59.406 30909-30909/? E/adsprpc: vendor/qcom/proprietary/adsprpc/src/fastrpc_apps_user.c:179::error: -1: dev != -1
01-24 19:22:59.406 30909-30909/? E/adsprpc: vendor/qcom/proprietary/adsprpc/src/fastrpc_apps_user.c:224::error: -1: 0 == (nErr = remotectl_open(name, (int*)ph, dlerrstr, sizeof(dlerrstr), &dlerr))
01-24 19:22:59.406 30909-30909/? E/adsprpc: vendor/qcom/proprietary/adsprpc/src/fastrpc_apps_user.c:126:/dev/adsprpc-smd device initialization error: Permission denied
01-24 19:22:59.406 30909-30909/? E/adsprpc: vendor/qcom/proprietary/adsprpc/src/fastrpc_apps_user.c:179::error: -1: dev != -1
01-24 19:22:59.406 30909-30909/? E/adsprpc: vendor/qcom/proprietary/adsprpc/src/adsprpcd.c:23::error: -1: 0 == adsp_default_listener_register()
01-24 19:22:59.406 30909-30909/? E/adsprpc: vendor/qcom/proprietary/adsprpc/src/adsprpcd.c:36:adsprpcd exiting nErr=-1
01-24 19:23:04.421 30910-30910/? E/adsprpc: vendor/qcom/proprietary/adsprpc/src/fastrpc_apps_user.c:126:/dev/adsprpc-smd device initialization error: Permission denied
01-24 19:23:04.421 30910-30910/? E/adsprpc: vendor/qcom/proprietary/adsprpc/src/fastrpc_apps_user.c:179::error: -1: dev != -1
01-24 19:23:04.421 30910-30910/? E/adsprpc: vendor/qcom/proprietary/adsprpc/src/fastrpc_apps_user.c:224::error: -1: 0 == (nErr = remotectl_open(name, (int*)ph, dlerrstr, sizeof(dlerrstr), &dlerr))
01-24 19:23:04.421 30910-30910/? E/adsprpc: vendor/qcom/proprietary/adsprpc/src/fastrpc_apps_user.c:126:/dev/adsprpc-smd device initialization error: Permission denied
01-24 19:23:04.421 30910-30910/? E/adsprpc: vendor/qcom/proprietary/adsprpc/src/fastrpc_apps_user.c:179::error: -1: dev != -1
01-24 19:23:04.421 30910-30910/? E/adsprpc: vendor/qcom/proprietary/adsprpc/src/adsprpcd.c:23::error: -1: 0 == adsp_default_listener_register()
01-24 19:23:04.421 30910-30910/? E/adsprpc: vendor/qcom/proprietary/adsprpc/src/adsprpcd.c:36:adsprpcd exiting nErr=-1
01-24 19:23:05.688 5305-9164/? D/agoo.SpdyChannel$2: [spdyPingRecvCallback] spdyPingRecvCallback[105]
01-24 19:23:05.689 5305-9164/? D/agoo.NewMessagePush$1: [onPing] heart-->[screen_on_connect_1754][client_receive]
01-24 19:23:07.353 903-1958/? D/Ulp_jni: Location CB invoked
01-24 19:23:09.443 30931-30931/? E/adsprpc: vendor/qcom/proprietary/adsprpc/src/fastrpc_apps_user.c:126:/dev/adsprpc-smd device initialization error: Permission denied
01-24 19:23:09.444 30931-30931/? E/adsprpc: vendor/qcom/proprietary/adsprpc/src/fastrpc_apps_user.c:179::error: -1: dev != -1
