oid.support.v4.app.FragmentManagerImpl.moveToState(FragmentManager.java:1138)
                                                     at android.support.v4.app.BackStackRecord.run(BackStackRecord.java:740)
                                                     at android.support.v4.app.FragmentManagerImpl.execPendingActions(FragmentManager.java:1501)
                                                     at android.support.v4.app.FragmentActivity.onStart(FragmentActivity.java:551)
                                                     at com.achep.base.ui.activities.ActivityBase.onStart(ActivityBase.java:55)
                                                     at com.achep.acdisplay.ui.activities.KeyguardActivity.onStart(KeyguardActivity.java:327)
                                                     at com.achep.acdisplay.ui.activities.AcDisplayActivity.onStart(AcDisplayActivity.java:75)
                                                     at android.app.Instrumentation.callActivityOnStart(Instrumentation.java:1220)
                                                     at android.app.Activity.performStart(Activity.java:6017)
                                                     at android.app.ActivityThread.performLaunchActivity(ActivityThread.java:2261)
                                                     at android.app.ActivityThread.handleLaunchActivity(ActivityThread.java:2358)
                                                     at android.app.ActivityThread.access$800(ActivityThread.java:144)
                                                     at android.app.ActivityThread$H.handleMessage(ActivityThread.java:1278)
                                                     at android.os.Handler.dispatchMessage(Handler.java:102)
                                                     at android.os.Looper.loop(Looper.java:135)
                                                     at android.app.ActivityThread.main(ActivityThread.java:5246)
                                                     at java.lang.reflect.Method.invoke(Native Method)
                                                     at java.lang.reflect.Method.invoke(Method.java:372)
                                                     at com.android.internal.os.ZygoteInit$MethodAndArgsCaller.run(ZygoteInit.java:899)
                                                     at com.android.internal.os.ZygoteInit.main(ZygoteInit.java:694)
01-24 19:18:09.348 903-1585/? W/BatteryStatsImpl: Couldn't get kernel wake lock stats
01-24 19:18:09.662 903-903/? D/ZenLog: intercepted: 0|security.car.alarm|9620|null|10246,!priority
01-24 19:18:09.662 903-903/? V/NotificationService: pkg=security.car.alarm canInterrupt=false intercept=true
01-24 19:18:09.672 903-903/? V/NotificationService: pkg=security.car.alarm canInterrupt=false intercept=true
01-24 19:18:09.680 903-1722/? D/WifiService: acquireWifiLockLocked: WifiLock{NlpWifiLock type=2 binder=android.os.BinderProxy@34134695}
01-24 19:18:09.687 1569-1597/? W/ContextImpl: Calling a method in the system process without a qualified user: android.app.ContextImpl.sendBroadcast:1322 android.content.ContextWrapper.sendBroadcast:376 com.yotadevices.yotaphone2.counterwidget.NotificationService.onNotificationPosted:837 android.service.notification.NotificationListenerService.onNotificationPosted:154 android.service.notification.NotificationListenerService$INotificationListenerWrapper.onNotificationPosted:621
01-24 19:18:09.701 1569-1597/? W/ContextImpl: Calling a method in the system process without a qualified user: android.app.ContextImpl.startService:1687 android.content.ContextWrapper.startService:515 com.yotadevices.yotaphone2.counterwidget.NotificationService.sendBroadcastToApplication:780 com.yotadevices.yotaphone2.counterwidget.NotificationService.sendNotification:360 com.yotadevices.yotaphone2.counterwidget.NotificationService.onNotificationPosted:847
01-24 19:18:09.722 1569-1569/? W/ContextImpl: Calling a method in the system process without a qualified user: android.app.ContextImpl.sendBroadcast:1322 android.content.ContextWrapper.sendBroadcast:376 com.yotadevices.yotaphone2.counterwidget.NotificationService.postNotification:652 com.yotadevices.yotaphone2.counterwidget.NotificationService.handleIntent:540 com.yotadevices.yotaphone2.counterwidget.NotificationService.onStartCommand:428
01-24 19:18:09.732 1569-1597/? W/ContextImpl: Calling a method in the system process without a qualified user: android.app.ContextImpl.sendBroadcast:1322 android.content.ContextWrapper.sendBroadcast:376 com.yotadevices.yotaphone2.counterwidget.NotificationService.onNotificationPosted:837 android.service.notification.NotificationListenerService.onNotificationPosted:154 android.service.notification.NotificationListenerService$INotificationListenerWrapper.onNotificationPosted:621
01-24 19:18:09.751 903-2211/? W/ContextImpl: Calling a method in the system process without a qualified user: android.app.ContextImpl.sendBroadcast:1322 android.content.ContextWrapper.sendBroadcast:376 com.qualcomm.location.xtwifi.XTWiFiLocationProvider.broadcastNLPIntent:2020 com.qualcomm.location.xtwifi.XTWiFiLocationProvider.fnTimeoutNextFixSessionDue:822 com.qualcomm.location.xtwifi.XTWiFiLocationProvider.handleEnableLocationTracking:525
01-24 19:18:09.890 903-918/? D/WifiService: releaseWifiLockLocked: WifiLock{NlpWifiLock type=2 binder=android.os.BinderProxy@34134695}
01-24 19:18:12.041 903-1267/? D/TaskPersister: removeObsoleteFile: deleting file=7653_task_thumbnail.png
01-24 19:18:23.852 903-923/? I/ActivityManager: Killing 27885:com.google.android.gm/u0a48 (adj 15): empty #17
01-24 19:18:23.893 903-1585/? W/libprocessgroup: failed to open /acct/uid_10048/pid_27885/cgroup.procs: No such file or directory
01-24 19:18:25.200 903-1629/? I/ActivityManager: START u0 {act=android.intent.action.MAIN cat=[android.intent.category.LAUNCHER] flg=0x10200000 cmp=security.car.alarm/.MainActivity bnds=[319,1320][548,1534]} from uid 10118 on display 0
01-24 19:18:27.195 903-903/? D/ZenLog: intercepted: 0|security.car.alarm|27187|null|10246,!priority
01-24 19:18:27.195 903-903/? V/NotificationService: pkg=security.car.alarm canInterrupt=false intercept=true
01-24 19:18:27.214 903-903/? V/NotificationService: pkg=security.car.alarm canInterrupt=false intercept=true
01-24 19:18:27.220 1569-1596/? W/ContextImpl: Calling a method in the system process without a qualified user: android.app.ContextImpl.sendBroadcast:1322 android.content.ContextWrapper.sendBroadcast:376 com.yotadevices.yotaphone2.counterwidget.NotificationService.onNotificationPosted:837 android.service.notification.NotificationListenerService.onNotificationPosted:154 android.service.notification.NotificationListenerService$INotificationListenerWrapper.onNotificationPosted:621
01-24 19:18:27.230 1569-1596/? W/ContextImpl: Calling a method in the system process without a qualified user: android.app.ContextImpl.startService:1687 android.content.ContextWrapper.startService:515 com.yotadevices.yotaphone2.counterwidget.NotificationService.sendBroadcastToApplication:780 com.yotadevices.yotaphone2.counterwidget.NotificationService.sendNotification:360 com.yotadevices.yotaphone2.counterwidget.NotificationService.onNotificationPosted:847
01-24 19:18:27.233 1569-1569/? W/ContextImpl: Calling a method in the system process without a qualified user: android.app.ContextImpl.sendBroadcast:1322 android.content.ContextWrapper.sendBroadcast:376 com.yotadevices.yotaphone2.counterwidget.NotificationService.postNotification:652 com.yotadevices.yotaphone2.counterwidget.NotificationService.handleIntent:540 com.yotadevices.yotaphone2.counterwidget.NotificationService.onStartCommand:428
01-24 19:18:27.239 1569-1596/? W/ContextImpl: Calling a method in the system process without a qualified user: android.app.ContextImpl.sendBroadcast:1322 android.content.ContextWrapper.sendBroadcast:376 com.yotadevices.yotaphone2.counterwidget.NotificationService.onNotificationPosted:837 android.service.notification.NotificationListenerService.onNotificationPosted:154 android.service.notification.NotificationListenerService$INotificationListenerWrapper.onNotificationPosted:621
01-24 19:18:27.596 903-1267/? D/TaskPersister: removeObsoleteFile: deleting file=7652_task.xml
01-24 19:18:27.602 903-1267/? D/TaskPersister: removeObsoleteFile: deleting file=7652_task_thumbnail.png
01-24 19:18:27.921 2436-2436/? E/ActivityThread: Failed to find provider info for com.facebook.katana.provider.AttributionIdProvider
01-24 19:18:27.936 903-1585/? D/WifiService: acquireWifiLockLocked: WifiLock{NlpWifiLock type=2 binder=android.os.BinderProxy@24076336}
01-24 19:18:28.342 903-923/? W/ProcessCpuTracker: Skipping unknown process pid 28599
01-24 19:18:28.342 903-923/? W/ProcessCpuTracker: Skipping unknown process pid 28600
01-24 19:18:28.343 903-923/? W/ProcessCpuTracker: Skipping unknown process pid 28603
01-24 19:18:28.343 903-923/? W/ProcessCpuTracker: Skipping unknown process pid 28604
01-24 19:18:28.343 903-923/? W/ProcessCpuTracker: Skipping unknown process pid 28605
01-24 19:18:30.626 903-903/? D/ZenLog: intercepted: 0|security.car.alarm|30608|null|10246,!priority
01-24 19:18:30.626 903-903/? V/NotificationService: pkg=security.car.alarm canInterrupt=false intercept=true
01-24 19:18:30.635 903-903/? V/NotificationService: pkg=security.car.alarm canInterrupt=false intercept=true
01-24 19:18:30.639 1569-1597/? W/ContextImpl: Calling a method in the system process without a qualified user: android.app.ContextImpl.sendBroadcast:1322 android.content.ContextWrapper.sendBroadcast:376 com.yotadevices.yotaphone2.counterwidget.NotificationService.onNotificationPosted:837 android.service.notification.NotificationListenerService.onNotificationPosted:154 android.service.notification.NotificationListenerService$INotificationListenerWrapper.onNotificationPosted:621
01-24 19:18:30.650 1569-1597/? W/ContextImpl: Calling a method in the system process without a qualified user: android.app.ContextImpl.startService:1687 android.content.ContextWrapper.startService:515 com.yotadevices.yotaphone2.counterwidget.NotificationService.sendBroadcastToApplication:780 com.yotadevices.yotaphone2.counterwidget.NotificationService.sendNotification:360 com.yotadevices.yotaphone2.counterwidget.NotificationService.onNotificationPosted:847
01-24 19:18:30.654 1569-1597/? W/ContextImpl: Calling a method in the system process without a qualified user: android.app.ContextImpl.sendBroadcast:1322 android.content.ContextWrapper.sendBroadcast:376 com.yotadevices.yotaphone2.counterwidget.NotificationService.onNotificationRemoved:856 android.service.notification.NotificationListenerService.onNotificationRemoved:199 android.service.notification.NotificationListenerService$INotificationListenerWrapper.onNotificationRemoved:641
01-24 19:18:30.661 1569-1569/? W/ContextImpl: Calling a method in the system process without a qualified user: android.app.ContextImpl.sendBroadcast:1322 android.content.ContextWrapper.sendBroadcast:376 com.yotadevices.yotaphone2.counterwidget.NotificationService.postNotification:652 com.yotadevices.yotaphone2.counterwidget.NotificationService.handleIntent:540 com.yotadevices.yotaphone2.counterwidget.NotificationService.onStartCommand:428
01-24 19:18:30.672 1569-1597/? W/ContextImpl: Calling a method in the system process without a qualified user: android.app.ContextImpl.sendBroadcast:1322 android.content.ContextWrapper.sendBroadcast:376 com.yotadevices.yotaphone2.counterwidget.NotificationService.onNotificationPosted:837 android.service.notification.NotificationListenerService.onNotificationPosted:154 android.service.notification.NotificationListenerService$INotificationListenerWrapper.onNotificationPosted:621
01-24 19:18:31.453 903-918/? D/WifiService: releaseWifiLockLocked: WifiLock{NlpWifiLock type=2 binder=android.os.BinderProxy@24076336}
01-24 19:18:33.481 903-918/? I/ActivityManager: START u0 {act=com.android.systemui.recents.SHOW_RECENTS flg=0x10804000 cmp=com.android.systemui/.recents.RecentsActivity (has extras)} from uid 10012 on display 0
01-24 19:18:34.630 12677-12677/? W/ContextImpl: Calling a method in the system process without a qualified user: android.app.ContextImpl.sendOrderedBroadcast:1391 android.app.ContextImpl.sendOrderedBroadcast:1382 android.content.ContextWrapper.sendOrderedBroadcast:401 com.android.settings.fuelgauge.PowerUsageDetail.checkForceStop:693 com.android.settings.fuelgauge.PowerUsageDetail.onResume:351
01-24 19:18:34.657 903-1585/? W/InputMethodManagerService: Starting input on non-focused client com.android.internal.view.IInputMethodClient$Stub$Proxy@25dde96b (uid=10012 pid=1304)
01-24 19:18:35.493 903-1670/? I/ActivityManager: Force stopping security.car.alarm appid=10246 user=0: from pid 12677
01-24 19:18:35.493 903-1670/? I/ActivityManager: Killing 27957:security.car.alarm/u0a246 (adj 9): stop security.car.alarm
01-24 19:18:35.533 903-1629/? I/WindowState: WIN DEATH: Window{d2ccc86 u0 security.car.alarm/security.car.alarm.MainActivity}
01-24 19:18:35.571 903-1670/? I/ActivityManager: Killing 27988:security.car.alarm:guard/u0a246 (adj 2): stop security.car.alarm
01-24 19:18:35.612 903-1670/? W/ActivityManager: Scheduling restart of crashed service security.car.alarm/security.service.CarAlarmGuard in 1000ms
01-24 19:18:35.618 1569-1596/? W/ContextImpl: Calling a method in the system process without a qualified user: android.app.ContextImpl.sendBroadcast:1322 android.content.ContextWrapper.sendBroadcast:376 com.yotadevices.yotaphone2.counterwidget.NotificationService.onNotificationRemoved:856 android.service.notification.NotificationListenerService.onNotificationRemoved:199 android.service.notification.NotificationListenerService$INotificationListenerWrapper.onNotificationRemoved:641
01-24 19:18:35.624 903-1670/? I/ActivityManager:   Force finishing activity ActivityRecord{ac7137b u0 security.car.alarm/.MainActivity t7654}
01-24 19:18:35.626 903-1670/? I/ActivityManager:   Force stopping service ServiceRecord{3cb853f4 u0 security.car.alarm/security.service.CarAlarmGuard}
01-24 19:18:35.627 903-1830/? W/ActivityManager: Spurious death for ProcessRecord{39dfade1 27957:security.car.alarm/u0a246}, curProc for 27957: null
01-24 19:18:35.627 903-1671/? W/ActivityManager: Spurious death for ProcessRecord{fcec817 27988:security.car.alarm:guard/u0a246}, curProc for 27988: null
01-24 19:18:35.630 12677-12677/? W/ContextImpl: Calling a method in the system process without a qualified user: android.app.ContextImpl.sendOrderedBroadcast:1391 android.app.ContextImpl.sendOrderedBroadcast:1382 android.content.ContextWrapper.sendOrderedBroadcast:401 com.android.settings.fuelgauge.PowerUsageDetail.checkForceStop:693 com.android.settings.fuelgauge.PowerUsageDetail.killProcesses:657
01-24 19:18:35.662 1569-2113/? W/ContextImpl: Calling a method in the system process without a qualified user: android.app.ContextImpl.sendBroadcast:1322 android.content.ContextWrapper.sendBroadcast:376 com.yotadevices.yotaphone2.counterwidget.NotificationService.onNotificationRemoved:856 android.service.notification.NotificationListenerService.onNotificationRemoved:199 android.service.notification.NotificationListenerService$INotificationListenerWrapper.onNotificationRemoved:641
01-24 19:18:35.678 1569-2113/? W/ContextImpl: Calling a method in the system process without a qualified user: android.app.ContextImpl.startService:1687 android.content.ContextWrapper.startService:515 com.yotadevices.yotaphone2.counterwidget.NotificationService.sendBroadcastToApplication:780 com.yotadevices.yotaphone2.counterwidget.NotificationService.cancelNotification:389 com.yotadevices.yotaphone2.counterwidget.NotificationService.onNotificationRemoved:861
01-24 19:18:35.684 1569-1569/? W/ContextImpl: Calling a method in the system process without a qualified user: android.app.ContextImpl.sendBroadcast:1322 android.content.ContextWrapper.sendBroadcast:376 com.yotadevices.yotaphone2.counterwidget.NotificationService.postNotification:652 com.yotadevices.yotaphone2.counterwidget.NotificationService.notifySkipUpdate:648 com.yotadevices.yotaphone2.counterwidget.NotificationService.handleIntent:578
01-24 19:18:37.156 903-1608/? I/ActivityManager: START u0 {act=com.android.systemui.recents.SHOW_RECENTS flg=0x10804000 cmp=com.android.systemui/.recents.RecentsActivity (has extras)} from uid 10012 on display 0
01-24 19:18:38.256 903-919/? I/ActivityManager: START u0 {act=android.intent.action.MAIN cat=[android.intent.category.LAUNCHER] flg=0x10300000 cmp=security.car.alarm/.MainActivity} from uid 10118 on display 0
01-24 19:18:38.321 903-1687/? I/ActivityManager: Start proc security.car.alarm for activity security.car.alarm/.MainActivity: pid=28743 uid=10246 gids={50246, 9997, 3003, 3002, 3001} abi=armeabi-v7a
01-24 19:18:38.713 903-1832/? I/ActivityManager: Start proc security.car.alarm:guard for service security.car.alarm/security.service.CarAlarmGuard: pid=28780 uid=10246 gids={50246, 9997, 3003, 3002, 3001} abi=armeabi-v7a
01-24 19:18:44.757 903-2211/? W/ContextImpl: Calling a method in the system process without a qualified user: android.app.ContextImpl.sendBroadcast:1322 android.content.ContextWrapper.sendBroadcast:376 com.qualcomm.location.xtwifi.XTWiFiLocationProvider.broadcastNLPIntent:2020 com.qualcomm.location.xtwifi.XTWiFiLocationProvider.handleFixReportFromXtwifi:1498 com.qualcomm.location.xtwifi.XTWiFiLocationProvider.access$700:63
01-24 19:18:44.758 903-2211/? W/ContextImpl: Calling a method in the system process without a qualified user: android.app.ContextImpl.sendBroadcast:1322 android.content.ContextWrapper.sendBroadcast:376 com.qualcomm.location.xtwifi.XTWiFiLocationProvider.broadcastNLPIntent:2020 com.qualcomm.location.xtwifi.XTWiFiLocationProvider.reInstallTbfTimer:1163 com.qualcomm.location.xtwifi.XTWiFiLocationProvider.access$1000:63
01-24 19:18:44.896 903-2211/? W/ContextImpl: Calling a method in the system process without a qualified user: android.app.ContextImpl.sendBroadcast:1322 android.content.ContextWrapper.sendBroadcast:376 com.qualcomm.location.xtwifi.XTWiFiLocationProvider.broadcastNLPIntent:2020 com.qualcomm.location.xtwifi.XTWiFiLocationProvider.fnTimeoutNextFixSessionDue:822 com.qualcomm.location.xtwifi.XTWiFiLocationProvider.handleEnableLocationTracking:525
01-24 19:18:46.226 903-1629/? I/ActivityManager: START u0 {act=android.intent.action.MAIN cat=[android.intent.category.LAUNCHER] flg=0x10200000 cmp=security.car.alarm/.MainActivity bnds=[319,1320][548,1534]} from uid 10118 on display 0
01-24 19:18:49.010 903-1267/? D/TaskPersister: removeObsoleteFile: deleting file=7654_task.xml
01-24 19:18:49.010 903-1267/? D/TaskPersister: removeObsoleteFile: deleting file=7654_task_thumbnail.png
01-24 19:18:51.357 903-903/? D/ZenLog: intercepted: 0|security.car.alarm|38858|null|10246,!priority
01-24 19:18:51.358 903-903/? V/NotificationService: pkg=security.car.alarm canInterrupt=false intercept=true
01-24 19:18:51.370 1569-2113/? W/ContextImpl: Calling a method in the system process without a qualified user: android.app.ContextImpl.sendBroadcast:1322 android.content.ContextWrapper.sendBroadcast:376 com.yotadevices.yotaphone2.counterwidget.NotificationService.onNotificationPosted:837 android.service.notification.NotificationListenerService.onNotificationPosted:154 android.service.notification.NotificationListenerService$INotificationListenerWrapper.onNotificationPosted:621
01-24 19:18:51.384 903-903/? V/NotificationService: pkg=security.car.alarm canInterrupt=false intercept=true
01-24 19:18:51.388 1569-2113/? W/ContextImpl: Calling a method in the system process without a qualified user: android.app.ContextImpl.startService:1687 android.content.ContextWrapper.startService:515 com.yotadevices.yotaphone2.counterwidget.NotificationService.sendBroadcastToApplication:780 com.yotadevices.yotaphone2.counterwidget.NotificationService.sendNotification:360 com.yotadevices.yotaphone2.counterwidget.NotificationService.onNotificationPosted:847
01-24 19:18:51.397 1569-1569/? W/ContextImpl: Calling a method in the system process without a qualified user: android.app.ContextImpl.sendBroadcast:1322 android.content.ContextWrapper.sendBroadcast:376 com.yotadevices.yotaphone2.counterwidget.NotificationService.postNotification:652 com.yotadevices.yotaphone2.counterwidget.NotificationService.handleIntent:540 com.yotadevices.yotaphone2.counterwidget.NotificationService.onStartCommand:428
01-24 19:18:51.410 1569-2113/? W/ContextImpl: Calling a method in the system process without a qualified user: android.app.ContextImpl.sendBroadcast:1322 android.content.ContextWrapper.sendBroadcast:376 com.yotadevices.yotaphone2.counterwidget.NotificationService.onNotificationPosted:837 android.service.notification.NotificationListenerService.onNotificationPosted:154 android.service.notification.NotificationListenerService$INotificationListenerWrapper.onNotificationPosted:621
01-24 19:19:02.036 903-1329/? D/WifiService: acquireWifiLockLocked: WifiLock{NlpWifiLock type=2 binder=android.os.BinderProxy@5be5765}
01-24 19:19:02.259 903-1243/? D/WifiService: New client listening to asynchronous messages
01-24 19:19:04.983 903-1671/? D/WifiService: releaseWifiLockLocked: WifiLock{NlpWifiLock type=2 binder=android.os.BinderProxy@5be5765}

                                             --------- beginning of main
01-24 19:19:07.871 903-2064/? I/WifiHAL: Found some events!!!
01-24 19:19:07.871 903-2064/? D/WifiHAL: no_seq_check received
01-24 19:19:07.871 903-2064/? I/WifiHAL: event received NL80211_CMD_NEW_SCAN_RESULTS
01-24 19:19:07.872 903-2064/? I/WifiHAL: event received NL80211_CMD_NEW_SCAN_RESULTS, vendor_id = 0x0
01-24 19:19:07.872 903-2064/? I/WifiHAL: event ignored!!
01-24 19:19:08.149 29024-29024/? E/adsprpc: vendor/qcom/proprietary/adsprpc/src/fastrpc_apps_user.c:126:/dev/adsprpc-smd device initialization error: Permission denied
01-24 19:19:08.149 29024-29024/? E/adsprpc: vendor/qcom/proprietary/adsprpc/src/fastrpc_apps_user.c:179::error: -1: dev != -1
01-24 19:19:08.149 29024-29024/? E/adsprpc: vendor/qcom/proprietary/adsprpc/src/fastrpc_apps_user.c:224::error: -1: 0 == (nErr = remotectl_open(name, (int*)ph, dlerrstr, sizeof(dlerrstr), &dlerr))
01-24 19:19:08.149 29024-29024/? E/adsprpc: vendor/qcom/proprietary/adsprpc/src/fastrpc_apps_user.c:126:/dev/adsprpc-smd device initialization error: Permission denied
01-24 19:19:08.149 29024-29024/? E/adsprpc: vendor/qcom/proprietary/adsprpc/src/fastrpc_apps_user.c:179::error: -1: dev != -1
01-24 19:19:08.149 29024-29024/? E/adsprpc: vendor/qcom/proprietary/adsprpc/src/adsprpcd.c:23::error: -1: 0 == adsp_default_listener_register()
01-24 19:19:08.149 29024-29024/? E/adsprpc: vendor/qcom/proprietary/adsprpc/src/adsprpcd.c:36:adsprpcd exiting nErr=-1
01-24 19:19:08.349 1602-1602/? I/Timeline: Timeline: Activity_launch_request id:security.car.alarm time:12792878
01-24 19:19:08.351 903-1629/? I/ActivityManager: START u0 {act=android.intent.action.MAIN cat=[android.intent.category.LAUNCHER] flg=0x10200000 cmp=security.car.alarm/.MainActivity bnds=[319,1320][548,1534]} from uid 10118 on display 0
01-24 19:19:08.391 1916-1916/? D/BackScreenManager: makeDefaultAppInMirroring com.tul.aviate
01-24 19:19:08.391 1916-1916/? D/HWComposerMediator: postCommand 0x10101010
01-24 19:19:08.462 28780-28780/? I/security.service.CarAlarmGuard: Car Alarm Service Start
01-24 19:19:08.466 1916-1916/? D/BackScreenManager: improveAppInMirroring security.car.alarm
01-24 19:19:08.475 28743-28743/? I/security.utils.CarAlarmServiceConnection: doBindService Binding from Services OK
01-24 19:19:08.475 28743-28743/? I/security.utils.CarAlarmServiceConnection: Binding from Services
01-24 19:19:08.503 28743-28743/? I/security.utils.CarAlarmServiceConnection: Connect to Service
01-24 19:19:08.605 903-930/? I/ActivityManager: Displayed security.car.alarm/.MainActivity: +192ms
01-24 19:19:08.648 28743-28743/? I/Timeline: Timeline: Activity_idle id: android.os.BinderProxy@30838a6d time:12793177
01-24 19:19:08.692 1916-2097/? D/HWComposerMediator: 8 bytes sent to hwcomposer
01-24 19:19:08.692 238-524/? D/qdepd: cmd[0]=10101010
01-24 19:19:08.692 238-524/? D/qdepd: Command CMD_RESET_DEFAULTS
01-24 19:19:08.817 6034-10217/? E/bt-btm: btm_sec_disconnected - Clearing Pending flag
01-24 19:19:08.817 6034-10217/? W/bt-l2cap: L2CA_SetDesireRole() new:x0, disallow_switch:0
01-24 19:19:08.824 6034-6034/? D/BluetoothMapService: onReceive
01-24 19:19:08.824 6034-6034/? D/BluetoothMapService: onReceive, action android.bluetooth.device.action.ACL_DISCONNECTED
01-24 19:19:08.850 6034-6034/? V/BluetoothFtpService: Ftp Service onStartCommand
01-24 19:19:08.850 6034-6034/? V/BluetoothFtpService: PARSE INTENT action: android.bluetooth.device.action.ACL_DISCONNECTED
01-24 19:19:09.219 903-930/? I/Timeline: Timeline: Activity_windows_visible id: ActivityRecord{3f2a978 u0 security.car.alarm/.MainActivity t7656} time:12793748
01-24 19:19:09.228 1602-1602/? D/AppLifecycleHandler: onApplicationBackground() called
01-24 19:19:09.644 903-1267/? D/TaskPersister: removeObsoleteFile: deleting file=7655_task.xml
01-24 19:19:09.645 903-1267/? D/TaskPersister: removeObsoleteFile: deleting file=7655_task_thumbnail.png
01-24 19:19:10.243 28780-29056/? V/security.service.CarAlarmGuard.PrefsAsynkTask: start on Boot is: false
01-24 19:19:10.252 28780-29056/? V/security.service.CarAlarmGuard.PrefsAsynkTask: Car Guard start on BOOT DISABLED
01-24 19:19:10.253 28780-29056/? V/security.service.CarAlarmGuard: Destroy Services
01-24 19:19:10.257 903-903/? W/XTWiFiLP: setRequest interval : 0reportLocation: true, com.qualcomm.location.xtwifi.XTWiFiLocationProvider$1@339e8fb0
01-24 19:19:10.259 903-2211/? W/XTWiFiLP: handleMessage: 7
01-24 19:19:10.259 903-2211/? W/XTWiFiLP: handleMessage: 2
01-24 19:19:10.259 903-2211/? W/XTWiFiLP: handleEnableLocationTracking [true]
01-24 19:19:10.263 28780-28817/? I/security.service.CarAlarmGuard: Add GPS Fix
01-24 19:19:10.264 28780-28817/? V/security.service.CarAlarmGuard: Start Bluetooth service
01-24 19:19:10.277 903-929/? D/BluetoothManagerService: Message: 20
01-24 19:19:10.281 903-929/? D/BluetoothManagerService: Added callback: android.bluetooth.IBluetoothManagerCallback$Stub$Proxy@21639cc0:true
01-24 19:19:10.282 28780-28817/? V/security.utils.sensor.BlueToothHelper: Socket created!
01-24 19:19:10.282 28780-28817/? V/security.service.CarAlarmGuard: mBluetoothHelper.isBluetoothAvail(): true mBluetoothHelper.mState: 0
01-24 19:19:10.296 903-1671/? D/BluetoothManagerService: checkIfCallerIsForegroundUser: valid=true callingUser=0 foregroundUser=0
01-24 19:19:10.303 28780-28817/? W/BluetoothAdapter: getBluetoothService() called with no BluetoothManagerCallback
01-24 19:19:10.319 28780-28817/? V/security.utils.sensor.BlueToothHelper:  mBluetoothAdapter.listenUsingRfcommWithServiceRecord
01-24 19:19:10.321 28780-28817/? V/security.utils.sensor.BlueToothHelper:  AcceptThread->Start
01-24 19:19:10.321 28780-28817/? I/security.service.CarAlarmGuard: Alarm Activate!
01-24 19:19:10.323 28780-29071/? V/security.utils.sensor.BlueToothHelper.AcceptThread:  mState: 1 STATE_CONNECTED: 3
01-24 19:19:10.323 28780-29071/? V/security.utils.sensor.BlueToothHelper.AcceptThread:  AcceptThread->While
01-24 19:19:10.324 903-903/? D/ZenLog: intercepted: 0|security.car.alarm|10242|null|10246,!priority
01-24 19:19:10.325 903-903/? V/NotificationService: pkg=security.car.alarm canInterrupt=false intercept=true
01-24 19:19:10.335 1569-1597/? W/ContextImpl: Calling a method in the system process without a qualified user: android.app.ContextImpl.sendBroadcast:1322 android.content.ContextWrapper.sendBroadcast:376 com.yotadevices.yotaphone2.counterwidget.NotificationService.onNotificationPosted:837 android.service.notification.NotificationListenerService.onNotificationPosted:154 android.service.notification.NotificationListenerService$INotificationListenerWrapper.onNotificationPosted:621
01-24 19:19:10.335 903-903/? V/NotificationService: pkg=security.car.alarm canInterrupt=false intercept=true
01-24 19:19:10.340 1569-1597/? W/ContextImpl: Calling a method in the system process without a qualified user: android.app.ContextImpl.startService:1687 android.content.ContextWrapper.startService:515 com.yotadevices.yotaphone2.counterwidget.NotificationService.sendBroadcastToApplication:780 com.yotadevices.yotaphone2.counterwidget.NotificationService.sendNotification:360 com.yotadevices.yotaphone2.counterwidget.NotificationService.onNotificationPosted:847
01-24 19:19:10.349 1569-1569/? D/NotificationService: ACTION_SEND_NOTIFICATION
01-24 19:19:10.352 1569-1569/? D/NotificationService: post notification with type = 2, time = 120000, typeCategory = 4, count = 54, isChangeContent = true, isChangeCount = true
01-24 19:19:10.353 1569-1569/? W/ContextImpl: Calling a method in the system process without a qualified user: android.app.ContextImpl.sendBroadcast:1322 android.content.ContextWrapper.sendBroadcast:376 com.yotadevices.yotaphone2.counterwidget.NotificationService.postNotification:652 com.yotadevices.yotaphone2.counterwidget.NotificationService.handleIntent:540 com.yotadevices.yotaphone2.counterwidget.NotificationService.onStartCommand:428
01-24 19:19:10.354 28780-28817/? E/MediaPlayer-JNI: QCMediaPlayer mediaplayer NOT present
01-24 19:19:10.355 1569-1597/? W/ContextImpl: Calling a method in the system process without a qualified user: android.app.ContextImpl.sendBroadcast:1322 android.content.ContextWrapper.sendBroadcast:376 com.yotadevices.yotaphone2.counterwidget.NotificationService.onNotificationRemoved:856 android.service.notification.NotificationListenerService.onNotificationRemoved:199 android.service.notification.NotificationListenerService$INotificationListenerWrapper.onNotificationRemoved:641
01-24 19:19:10.366 1569-1597/? W/ContextImpl: Calling a method in the system process without a qualified user: android.app.ContextImpl.sendBroadcast:1322 android.content.ContextWrapper.sendBroadcast:376 com.yotadevices.yotaphone2.counterwidget.NotificationService.onNotificationPosted:837 android.service.notification.NotificationListenerService.onNotificationPosted:154 android.service.notification.NotificationListenerService$INotificationListenerWrapper.onNotificationPosted:621
01-24 19:19:10.372 267-1227/? D/Utils: printFileName fd(25) -> /data/app/security.car.alarm-2/base.apk
01-24 19:19:10.384 267-1227/? D/ExtendedUtils: extended extractor not needed, return default
01-24 19:19:10.390 267-29076/? I/str_params: key: 'SND_CARD_STATUS' value: ''
01-24 19:19:10.392 267-29076/? D/OMXCodec: Successfully allocated OMX node 'OMX.google.vorbis.decoder'
01-24 19:19:10.393 267-29076/? I/ExtendedUtils: decision 1 mime 
01-24 19:19:10.394 28780-28817/? E/MediaPlayer: Should have subtitle controller already set
01-24 19:19:10.395 28780-28780/? E/MediaPlayer: Should have subtitle controller already set
01-24 19:19:10.396 267-24289/? I/AudioPlayer: start of Playback, useOffload 0
01-24 19:19:10.400 267-24289/? D/AudioTrack: TrackOffload: AudioTrack Offload disabled by property, returning false
01-24 19:19:10.400 267-24289/? E/AudioPolicyManager: unknown stream type
01-24 19:19:10.400 267-24289/? E/AudioPolicyManager: unknown stream type
01-24 19:19:10.400 267-24289/? E/AudioPolicyManager: unknown stream type
01-24 19:19:10.400 267-24289/? E/AudioPolicyManager: unknown stream type
01-24 19:19:10.400 267-24289/? E/AudioPolicyManager: unknown stream type
01-24 19:19:10.400 267-24289/? E/AudioPolicyManager: unknown stream type
01-24 19:19:10.400 267-24289/? E/AudioPolicyManager: unknown stream type
01-24 19:19:10.405 267-995/? D/audio_hw_primary: out_set_parameters: enter: usecase(0: deep-buffer-playback) kvpairs: routing=2
01-24 19:19:10.405 267-995/? D/audio_hw_extn: audio_extn_set_anc_parameters: anc_enabled:0
01-24 19:19:10.421 267-24289/? E/AudioPolicyManager: unknown stream type
01-24 19:19:10.426 267-995/? D/audio_hw_primary: start_output_stream: enter: stream(0xb5a3d500)usecase(0: deep-buffer-playback) devices(0x2)
01-24 19:19:10.426 267-995/? D/msm8974_platform: platform_get_output_snd_device: enter: output devices(0x2)
01-24 19:19:10.426 267-995/? D/audio_hw_primary: select_devices: out_snd_device(2: speaker) in_snd_device(0: )
01-24 19:19:10.426 267-995/? D/hardware_info: hw_info_append_hw_type : device_name = speaker
01-24 19:19:10.426 267-995/? D/ACDB-LOADER: ACDB -> send_audio_cal, acdb_id = 14, path =  0
01-24 19:19:10.426 267-995/? D/ACDB-LOADER: ACDB -> send_adm_topology
01-24 19:19:10.426 267-995/? D/ACDB-LOADER: ACDB -> ACDB_CMD_GET_AUDPROC_COMMON_TOPOLOGY_ID
01-24 19:19:10.426 267-995/? D/ACDB-LOADER: ACDB -> send_asm_topology
01-24 19:19:10.426 267-995/? D/ACDB-LOADER: ACDB -> ACDB_CMD_GET_AUDPROC_STREAM_TOPOLOGY_ID
01-24 19:19:10.426 267-995/? D/ACDB-LOADER: ACDB -> send_audtable
01-24 19:19:10.426 267-995/? D/ACDB-LOADER: ACDB -> ACDB_CMD_GET_AUDPROC_COMMON_TABLE
01-24 19:19:10.426 267-995/? D/ACDB-LOADER: ACDB -> AUDIO_SET_AUDPROC_CAL
01-24 19:19:10.426 267-995/? D/ACDB-LOADER: ACDB -> send_audvoltable
01-24 19:19:10.426 267-995/? D/ACDB-LOADER: ACDB -> ACDB_CMD_GET_AUDPROC_GAIN_DEP_STEP_TABLE
01-24 19:19:10.426 267-995/? D/ACDB-LOADER: ACDB -> AUDIO_SET_AUDPROC_VOL_CAL
01-24 19:19:10.426 267-995/? D/ACDB-LOADER: ACDB -> send_afe_cal
01-24 19:19:10.426 267-995/? D/ACDB-LOADER: ACDB -> ACDB_CMD_GET_AFE_COMMON_TABLE
01-24 19:19:10.426 267-995/? D/ACDB-LOADER: ACDB -> AUDIO_SET_AFE_CAL
01-24 19:19:10.449 267-995/? D/audio_hw_primary: select_devices: done
01-24 19:19:10.594 903-1830/? I/art: Explicit concurrent mark sweep GC freed 32032(1505KB) AllocSpace objects, 7(7MB) LOS objects, 22% free, 54MB/70MB, paused 1.335ms total 89.366ms
01-24 19:19:10.743 1559-1559/? I/NotificationPrProxy: Removed overridden task on pre-processing tasks list.
01-24 19:19:11.050 24181-24181/? I/art: Explicit concurrent mark sweep GC freed 32036(1312KB) AllocSpace objects, 0(0B) LOS objects, 24% free, 15MB/21MB, paused 382us total 21.842ms
01-24 19:19:11.099 6034-6093/? D/btif_config_util: btif_config_save_file(L188): in file name:/data/misc/bluedroid/bt_config.new
01-24 19:19:11.105 24200-24368/? I/art: Explicit concurrent mark sweep GC freed 9074(740KB) AllocSpace objects, 0(0B) LOS objects, 24% free, 16MB/21MB, paused 224us total 15.631ms
01-24 19:19:11.332 903-919/? I/art: Explicit concurrent mark sweep GC freed 7777(349KB) AllocSpace objects, 0(0B) LOS objects, 22% free, 54MB/70MB, paused 1.390ms total 81.077ms
01-24 19:19:11.965 267-29076/? I/AudioPlayer: Pause Playback at 1476258
01-24 19:19:12.142 267-994/? E/AudioPolicyManager: unknown stream type
01-24 19:19:12.142 267-994/? E/AudioPolicyManager: unknown stream type
01-24 19:19:12.142 267-994/? E/AudioPolicyManager: unknown stream type
01-24 19:19:12.142 267-994/? E/AudioPolicyManager: unknown stream type
01-24 19:19:12.142 267-994/? E/AudioPolicyManager: unknown stream type
01-24 19:19:12.142 267-994/? E/AudioPolicyManager: unknown stream type
01-24 19:19:12.142 267-994/? E/AudioPolicyManager: unknown stream type
01-24 19:19:12.142 267-994/? E/AudioPolicyManager: unknown stream type
01-24 19:19:12.142 267-994/? E/AudioPolicyManager: unknown stream type
01-24 19:19:12.142 267-994/? E/AudioPolicyManager: unknown stream type
01-24 19:19:12.142 267-994/? E/AudioPolicyManager: unknown stream type
01-24 19:19:12.142 267-994/? E/AudioPolicyManager: unknown stream type
01-24 19:19:12.142 267-994/? E/AudioPolicyManager: unknown stream type
01-24 19:19:12.260 903-903/? W/XTWiFiLP: fnTimeoutNextFixSessionDue triggered at wrong state IS_TRACKING_WAIT_FOR_FINAL_FIX
01-24 19:19:13.169 29108-29108/? E/adsprpc: vendor/qcom/proprietary/adsprpc/src/fastrpc_apps_user.c:126:/dev/adsprpc-smd device initialization error: Permission denied
01-24 19:19:13.169 29108-29108/? E/adsprpc: vendor/qcom/proprietary/adsprpc/src/fastrpc_apps_user.c:179::error: -1: dev != -1
01-24 19:19:13.169 29108-29108/? E/adsprpc: vendor/qcom/proprietary/adsprpc/src/fastrpc_apps_user.c:224::error: -1: 0 == (nErr = remotectl_open(name, (int*)ph, dlerrstr, sizeof(dlerrstr), &dlerr))
01-24 19:19:13.169 29108-29108/? E/adsprpc: vendor/qcom/proprietary/adsprpc/src/fastrpc_apps_user.c:126:/dev/adsprpc-smd device initialization error: Permission denied
01-24 19:19:13.169 29108-29108/? E/adsprpc: vendor/qcom/proprietary/adsprpc/src/fastrpc_apps_user.c:179::error: -1: dev != -1
01-24 19:19:13.169 29108-29108/? E/adsprpc: vendor/qcom/proprietary/adsprpc/src/adsprpcd.c:23::error: -1: 0 == adsp_default_listener_register()
01-24 19:19:13.169 29108-29108/? E/adsprpc: vendor/qcom/proprietary/adsprpc/src/adsprpcd.c:36:adsprpcd exiting nErr=-1
01-24 19:19:13.930 1645-23452/? D/com.facebook.a.a: Got unexpected exception: java.io.WriteAbortedException: Read an exception; java.io.NotSerializableException: org.json.JSONObject
01-24 19:19:15.032 267-995/? D/audio_hw_primary: out_standby: enter: stream (0xb5a3d500) usecase(0: deep-buffer-playback)
01-24 19:19:15.212 267-995/? D/hardware_info: hw_info_append_hw_type : device_name = speaker
01-24 19:19:17.336 903-1958/? D/Ulp_jni: Location CB invoked
01-24 19:19:18.184 29109-29109/? E/adsprpc: vendor/qcom/proprietary/adsprpc/src/fastrpc_apps_user.c:126:/dev/adsprpc-smd device initialization error: Permission denied
01-24 19:19:18.184 29109-29109/? E/adsprpc: vendor/qcom/proprietary/adsprpc/src/fastrpc_apps_user.c:179::error: -1: dev != -1
01-24 19:19:18.184 29109-29109/? E/adsprpc: vendor/qcom/proprietary/adsprpc/src/fastrpc_apps_user.c:224::error: -1: 0 == (nErr = remotectl_open(name, (int*)ph, dlerrstr, sizeof(dlerrstr), &dlerr))
01-24 19:19:18.184 29109-29109/? E/adsprpc: vendor/qcom/proprietary/adsprpc/src/fastrpc_apps_user.c:126:/dev/adsprpc-smd device initialization error: Permission denied
01-24 19:19:18.184 29109-29109/? E/adsprpc: vendor/qcom/proprietary/adsprpc/src/fastrpc_apps_user.c:179::error: -1: dev != -1
01-24 19:19:18.184 29109-29109/? E/adsprpc: vendor/qcom/proprietary/adsprpc/src/adsprpcd.c:23::error: -1: 0 == adsp_default_listener_register()
01-24 19:19:18.184 29109-29109/? E/adsprpc: vendor/qcom/proprietary/adsprpc/src/adsprpcd.c:36:adsprpcd exiting nErr=-1
01-24 19:19:19.901 903-2211/? W/XTWiFiLP: timeoutFixSession fix session timed out
01-24 19:19:19.901 903-2211/? W/ContextImpl: Calling a method in the system process without a qualified user: android.app.ContextImpl.sendBroadcast:1322 android.content.ContextWrapper.sendBroadcast:376 com.qualcomm.location.xtwifi.XTWiFiLocationProvider.broadcastNLPIntent:2020 com.qualcomm.location.xtwifi.XTWiFiLocationProvider.handleFixReportFromXtwifi:1498 com.qualcomm.location.xtwifi.XTWiFiLocationProvider.access$700:63
01-24 19:19:19.902 903-2211/? W/XTWiFiLP: reInstallTbfTimer set timer to next fix: 2000
01-24 19:19:19.907 903-2211/? W/ContextImpl: Calling a method in the system process without a qualified user: android.app.ContextImpl.sendBroadcast:1322 android.content.ContextWrapper.sendBroadcast:376 com.qualcomm.location.xtwifi.XTWiFiLocationProvider.broadcastNLPIntent:2020 com.qualcomm.location.xtwifi.XTWiFiLocationProvider.reInstallTbfTimer:1163 com.qualcomm.location.xtwifi.XTWiFiLocationProvider.access$1000:63
01-24 19:19:19.911 28780-28780/? I/security.service.CarAlarmGuard: Alarm Activate at position: 41.876892899999994 - 12.4373538
01-24 19:19:19.926 903-2177/? D/LBSSystemMonitorService: handleMessage what - 7
01-24 19:19:19.943 28780-29113/? D/OpenGLRenderer: Render dirty regions requested: true
01-24 19:19:19.950 28780-28780/? D/Atlas: Validating map...
01-24 19:19:19.996 28780-29113/? I/Adreno-EGL: <qeglDrvAPI_eglInitialize:410>: EGL 1.4 QUALCOMM build: AU_LINUX_ANDROID_LA.BF.1.1.1_RB1.05.00.02.042.013_msm8974_LA.BF.1.1.1_RB1__release_AU ()
                                               OpenGL ES Shader Compiler Version: E031.25.03.00
                                               Build Date: 01/21/15 Wed
                                               Local Branch: mybranch7061829
                                               Remote Branch: quic/LA.BF.1.1.1_rb1.7
                                               Local Patches: NONE
                                               Reconstruct Branch: AU_LINUX_ANDROID_LA.BF.1.1.1_RB1.05.00.02.042.013 +  NOTHING
01-24 19:19:19.997 28780-29113/? I/OpenGLRenderer: Initialized EGL, version 1.4
01-24 19:19:20.018 28780-29113/? D/OpenGLRenderer: Enabling debug mode 0
01-24 19:19:20.055 28780-29113/? V/RenderScript: Application requested CPU execution
01-24 19:19:20.059 28780-29113/? V/RenderScript: 0xa3a89800 Launching thread(s), CPUs 4
01-24 19:19:21.912 903-903/? W/ContextImpl: Calling a method in the system process without a qualified user: android.app.ContextImpl.sendBroadcast:1322 android.content.ContextWrapper.sendBroadcast:376 com.qualcomm.location.xtwifi.XTWiFiLocationProvider.broadcastNLPIntent:2020 com.qualcomm.location.xtwifi.XTWiFiLocationProvider.fnTimeoutNextFixSessionDue:822 com.qualcomm.location.xtwifi.XTWiFiLocationProvider.access$1300:63
01-24 19:19:21.915 337-337/? E/QCALOG: [MessageQ] ProcessNewMessage: [XTWiFiLP] unknown deliver target [XTWiFi-PE]
01-24 19:19:21.918 903-2236/? W/XTWiFiLP-ZPP: [LocAPIChannel] triggerZppFix failed 3
01-24 19:19:21.922 903-2211/? W/XTWiFiLP: handleMessage: 8
01-24 19:19:22.720 903-903/? W/XTWiFiLP: setRequest interval : 86400000reportLocation: true, com.qualcomm.location.xtwifi.XTWiFiLocationProvider$1@339e8fb0
01-24 19:19:22.720 903-2211/? W/XTWiFiLP: handleMessage: 7
01-24 19:19:22.720 903-2211/? W/XTWiFiLP: handleMessage: 2
01-24 19:19:22.720 903-2211/? W/XTWiFiLP: handleEnableLocationTracking [true]
01-24 19:19:22.727 28780-29129/? V/security.service.CarAlarmGuard.PrefsAsynkTask: start on Boot is: false
01-24 19:19:22.728 28780-29129/? V/security.service.CarAlarmGuard.PrefsAsynkTask: Car Guard start on BOOT DISABLED
01-24 19:19:22.728 28780-29129/? V/security.service.CarAlarmGuard: Destroy Services
01-24 19:19:22.739 903-903/? D/ZenLog: intercepted: 0|security.car.alarm|22718|null|10246,!priority
01-24 19:19:22.740 903-903/? V/NotificationService: pkg=security.car.alarm canInterrupt=false intercept=true
01-24 19:19:22.750 1569-2113/? W/ContextImpl: Calling a method in the system process without a qualified user: android.app.ContextImpl.sendBroadcast:1322 android.content.ContextWrapper.sendBroadcast:376 com.yotadevices.yotaphone2.counterwidget.NotificationService.onNotificationPosted:837 android.service.notification.NotificationListenerService.onNotificationPosted:154 android.service.notification.NotificationListenerService$INotificationListenerWrapper.onNotificationPosted:621
01-24 19:19:22.753 903-903/? V/NotificationService: pkg=security.car.alarm canInterrupt=false intercept=true
01-24 19:19:22.762 1569-2113/? W/ContextImpl: Calling a method in the system process without a qualified user: android.app.ContextImpl.startService:1687 android.content.ContextWrapper.startService:515 com.yotadevices.yotaphone2.counterwidget.NotificationService.sendBroadcastToApplication:780 com.yotadevices.yotaphone2.counterwidget.NotificationService.sendNotification:360 com.yotadevices.yotaphone2.counterwidget.NotificationService.onNotificationPosted:847
01-24 19:19:22.772 1569-1569/? D/NotificationService: ACTION_SEND_NOTIFICATION
01-24 19:19:22.772 1569-1569/? D/NotificationService: post notification with type = 2, time = 120000, typeCategory = 4, count = 55, isChangeContent = true, isChangeCount = true
01-24 19:19:22.773 1569-1569/? W/ContextImpl: Calling a method in the system process without a qualified user: android.app.ContextImpl.sendBroadcast:1322 android.content.ContextWrapper.sendBroadcast:376 com.yotadevices.yotaphone2.counterwidget.NotificationService.postNotification:652 com.yotadevices.yotaphone2.counterwidget.NotificationService.handleIntent:540 com.yotadevices.yotaphone2.counterwidget.NotificationService.onStartCommand:428
01-24 19:19:22.777 1569-2113/? W/ContextImpl: Calling a method in the system process without a qualified user: android.app.ContextImpl.sendBroadcast:1322 android.content.ContextWrapper.sendBroadcast:376 com.yotadevices.yotaphone2.counterwidget.NotificationService.onNotificationPosted:837 android.service.notification.NotificationListenerService.onNotificationPosted:154 android.service.notification.NotificationListenerService$INotificationListenerWrapper.onNotificationPosted:621
01-24 19:19:22.777 28780-28817/? V/security.service.CarAlarmGuard: Start Bluetooth service
01-24 19:19:22.777 28780-28817/? V/security.service.CarAlarmGuard: mBluetoothHelper.isBluetoothAvail(): true mBluetoothHelper.mState: 1
01-24 19:19:22.788 28780-28817/? E/MediaPlayer-JNI: QCMediaPlayer mediaplayer NOT present
01-24 19:19:22.789 267-267/? D/Utils: printFileName fd(29) -> /data/app/security.car.alarm-2/base.apk
01-24 19:19:22.819 267-267/? D/ExtendedUtils: extended extractor not needed, return default
01-24 19:19:22.824 267-29147/? I/str_params: key: 'SND_CARD_STATUS' value: ''
01-24 19:19:22.825 267-29147/? D/OMXCodec: Successfully allocated OMX node 'OMX.google.vorbis.decoder'
01-24 19:19:22.825 267-29147/? I/ExtendedUtils: decision 1 mime 
01-24 19:19:22.829 28780-28780/? E/MediaPlayer: Should have subtitle controller already set
01-24 19:19:22.829 28780-28817/? E/MediaPlayer: Should have subtitle controller already set
01-24 19:19:22.831 267-1227/? I/AudioPlayer: start of Playback, useOffload 0
01-24 19:19:22.838 267-1227/? D/AudioTrack: TrackOffload: AudioTrack Offload disabled by property, returning false
01-24 19:19:22.839 267-1227/? E/AudioPolicyManager: unknown stream type
01-24 19:19:22.839 267-1227/? E/AudioPolicyManager: unknown stream type
01-24 19:19:22.839 267-1227/? E/AudioPolicyManager: unknown stream type
01-24 19:19:22.839 267-1227/? E/AudioPolicyManager: unknown stream type
01-24 19:19:22.839 267-1227/? E/AudioPolicyManager: unknown stream type
01-24 19:19:22.839 267-1227/? E/AudioPolicyManager: unknown stream type
01-24 19:19:22.839 267-1227/? E/AudioPolicyManager: unknown stream type
01-24 19:19:22.839 267-995/? D/audio_hw_primary: out_set_parameters: enter: usecase(0: deep-buffer-playback) kvpairs: routing=2
01-24 19:19:22.839 267-995/? D/audio_hw_extn: audio_extn_set_anc_parameters: anc_enabled:0
01-24 19:19:22.841 267-1227/? E/AudioPolicyManager: unknown stream type
01-24 19:19:22.850 267-995/? D/audio_hw_primary: start_output_stream: enter: stream(0xb5a3d500)usecase(0: deep-buffer-playback) devices(0x2)
01-24 19:19:22.850 267-995/? D/msm8974_platform: platform_get_output_snd_device: enter: output devices(0x2)
01-24 19:19:22.850 267-995/? D/audio_hw_primary: select_devices: out_snd_device(2: speaker) in_snd_device(0: )
01-24 19:19:22.850 267-995/? D/hardware_info: hw_info_append_hw_type : device_name = speaker
01-24 19:19:22.850 267-995/? D/ACDB-LOADER: ACDB -> send_audio_cal, acdb_id = 14, path =  0
01-24 19:19:22.850 267-995/? D/ACDB-LOADER: ACDB -> send_adm_topology
01-24 19:19:22.850 267-995/? D/ACDB-LOADER: ACDB -> ACDB_CMD_GET_AUDPROC_COMMON_TOPOLOGY_ID
01-24 19:19:22.850 267-995/? D/ACDB-LOADER: ACDB -> send_asm_topology
01-24 19:19:22.850 267-995/? D/ACDB-LOADER: ACDB -> ACDB_CMD_GET_AUDPROC_STREAM_TOPOLOGY_ID
01-24 19:19:22.850 267-995/? D/ACDB-LOADER: ACDB -> send_audtable
01-24 19:19:22.850 267-995/? D/ACDB-LOADER: ACDB -> ACDB_CMD_GET_AUDPROC_COMMON_TABLE
01-24 19:19:22.850 267-995/? D/ACDB-LOADER: ACDB -> AUDIO_SET_AUDPROC_CAL
01-24 19:19:22.850 267-995/? D/ACDB-LOADER: ACDB -> send_audvoltable
01-24 19:19:22.850 267-995/? D/ACDB-LOADER: ACDB -> ACDB_CMD_GET_AUDPROC_GAIN_DEP_STEP_TABLE
01-24 19:19:22.850 267-995/? D/ACDB-LOADER: ACDB -> AUDIO_SET_AUDPROC_VOL_CAL
01-24 19:19:22.850 267-995/? D/ACDB-LOADER: ACDB -> send_afe_cal
01-24 19:19:22.850 267-995/? D/ACDB-LOADER: ACDB -> ACDB_CMD_GET_AFE_COMMON_TABLE
01-24 19:19:22.850 267-995/? D/ACDB-LOADER: ACDB -> AUDIO_SET_AFE_CAL
01-24 19:19:22.873 267-995/? D/audio_hw_primary: select_devices: done
01-24 19:19:22.896 267-29150/? E/AudioSink: received unknown event type: 1 inside CallbackWrapper !
01-24 19:19:22.918 267-29150/? E/AudioSink: received unknown event type: 1 inside CallbackWrapper !
01-24 19:19:22.937 267-29150/? E/AudioSink: received unknown event type: 1 inside CallbackWrapper !
01-24 19:19:23.001 24219-28647/? I/art: Explicit concurrent mark sweep GC freed 1883(72KB) AllocSpace objects, 0(0B) LOS objects, 24% free, 15MB/21MB, paused 237us total 11.669ms
01-24 19:19:23.028 1835-2583/? I/art: Explicit concurrent mark sweep GC freed 8350(482KB) AllocSpace objects, 0(0B) LOS objects, 40% free, 17MB/29MB, paused 729us total 18.899ms
01-24 19:19:23.196 29154-29154/? E/adsprpc: vendor/qcom/proprietary/adsprpc/src/fastrpc_apps_user.c:126:/dev/adsprpc-smd device initialization error: Permission denied
01-24 19:19:23.196 29154-29154/? E/adsprpc: vendor/qcom/proprietary/adsprpc/src/fastrpc_apps_user.c:179::error: -1: dev != -1
01-24 19:19:23.196 29154-29154/? E/adsprpc: vendor/qcom/proprietary/adsprpc/src/fastrpc_apps_user.c:224::error: -1: 0 == (nErr = remotectl_open(name, (int*)ph, dlerrstr, sizeof(dlerrstr), &dlerr))
01-24 19:19:23.196 29154-29154/? E/adsprpc: vendor/qcom/proprietary/adsprpc/src/fastrpc_apps_user.c:126:/dev/adsprpc-smd device initialization error: Permission denied
01-24 19:19:23.196 29154-29154/? E/adsprpc: vendor/qcom/proprietary/adsprpc/src/fastrpc_apps_user.c:179::error: -1: dev != -1
01-24 19:19:23.196 29154-29154/? E/adsprpc: vendor/qcom/proprietary/adsprpc/src/adsprpcd.c:23::error: -1: 0 == adsp_default_listener_register()
01-24 19:19:23.196 29154-29154/? E/adsprpc: vendor/qcom/proprietary/adsprpc/src/adsprpcd.c:36:adsprpcd exiting nErr=-1
01-24 19:19:23.269 267-29147/? I/AudioPlayer: Pause Playback at 358956
01-24 19:19:23.378 903-1329/? I/art: Explicit concurrent mark sweep GC freed 13436(614KB) AllocSpace objects, 0(0B) LOS objects, 22% free, 54MB/70MB, paused 1.289ms total 87.405ms
01-24 19:19:23.445 267-994/? E/AudioPolicyManager: unknown stream type
